Archive member included to satisfy reference by file (symbol)

/Applications/ArmGNUToolchain/14.2.rel1/arm-none-eabi/bin/../lib/gcc/arm-none-eabi/14.2.1/../../../../arm-none-eabi/lib/thumb/v7e-m+fp/hard/libc_nano.a(libc_a-exit.o)
                              /Applications/ArmGNUToolchain/14.2.rel1/arm-none-eabi/bin/../lib/gcc/arm-none-eabi/14.2.1/../../../../arm-none-eabi/lib/thumb/v7e-m+fp/hard/crt0.o (exit)
/Applications/ArmGNUToolchain/14.2.rel1/arm-none-eabi/bin/../lib/gcc/arm-none-eabi/14.2.1/../../../../arm-none-eabi/lib/thumb/v7e-m+fp/hard/libc_nano.a(libc_a-findfp.o)
                              /Applications/ArmGNUToolchain/14.2.rel1/arm-none-eabi/bin/../lib/gcc/arm-none-eabi/14.2.1/../../../../arm-none-eabi/lib/thumb/v7e-m+fp/hard/libc_nano.a(libc_a-exit.o) (__stdio_exit_handler)
/Applications/ArmGNUToolchain/14.2.rel1/arm-none-eabi/bin/../lib/gcc/arm-none-eabi/14.2.1/../../../../arm-none-eabi/lib/thumb/v7e-m+fp/hard/libc_nano.a(libc_a-fwalk.o)
                              /Applications/ArmGNUToolchain/14.2.rel1/arm-none-eabi/bin/../lib/gcc/arm-none-eabi/14.2.1/../../../../arm-none-eabi/lib/thumb/v7e-m+fp/hard/libc_nano.a(libc_a-findfp.o) (_fwalk_sglue)
/Applications/ArmGNUToolchain/14.2.rel1/arm-none-eabi/bin/../lib/gcc/arm-none-eabi/14.2.1/../../../../arm-none-eabi/lib/thumb/v7e-m+fp/hard/libc_nano.a(libc_a-memset.o)
                              /Applications/ArmGNUToolchain/14.2.rel1/arm-none-eabi/bin/../lib/gcc/arm-none-eabi/14.2.1/../../../../arm-none-eabi/lib/thumb/v7e-m+fp/hard/crt0.o (memset)
/Applications/ArmGNUToolchain/14.2.rel1/arm-none-eabi/bin/../lib/gcc/arm-none-eabi/14.2.1/../../../../arm-none-eabi/lib/thumb/v7e-m+fp/hard/libc_nano.a(libc_a-init.o)
                              /Applications/ArmGNUToolchain/14.2.rel1/arm-none-eabi/bin/../lib/gcc/arm-none-eabi/14.2.1/../../../../arm-none-eabi/lib/thumb/v7e-m+fp/hard/crt0.o (__libc_init_array)
/Applications/ArmGNUToolchain/14.2.rel1/arm-none-eabi/bin/../lib/gcc/arm-none-eabi/14.2.1/../../../../arm-none-eabi/lib/thumb/v7e-m+fp/hard/libc_nano.a(libc_a-lock.o)
                              /Applications/ArmGNUToolchain/14.2.rel1/arm-none-eabi/bin/../lib/gcc/arm-none-eabi/14.2.1/../../../../arm-none-eabi/lib/thumb/v7e-m+fp/hard/libc_nano.a(libc_a-findfp.o) (__retarget_lock_init_recursive)
/Applications/ArmGNUToolchain/14.2.rel1/arm-none-eabi/bin/../lib/gcc/arm-none-eabi/14.2.1/../../../../arm-none-eabi/lib/thumb/v7e-m+fp/hard/libc_nano.a(libc_a-impure.o)
                              /Applications/ArmGNUToolchain/14.2.rel1/arm-none-eabi/bin/../lib/gcc/arm-none-eabi/14.2.1/../../../../arm-none-eabi/lib/thumb/v7e-m+fp/hard/libc_nano.a(libc_a-findfp.o) (_impure_data)
/Applications/ArmGNUToolchain/14.2.rel1/arm-none-eabi/bin/../lib/gcc/arm-none-eabi/14.2.1/../../../../arm-none-eabi/lib/thumb/v7e-m+fp/hard/libc_nano.a(libc_a-mallocr.o)
                              /Applications/ArmGNUToolchain/14.2.rel1/arm-none-eabi/bin/../lib/gcc/arm-none-eabi/14.2.1/../../../../arm-none-eabi/lib/thumb/v7e-m+fp/hard/libc_nano.a(libc_a-findfp.o) (_malloc_r)
/Applications/ArmGNUToolchain/14.2.rel1/arm-none-eabi/bin/../lib/gcc/arm-none-eabi/14.2.1/../../../../arm-none-eabi/lib/thumb/v7e-m+fp/hard/libc_nano.a(libc_a-fflush.o)
                              /Applications/ArmGNUToolchain/14.2.rel1/arm-none-eabi/bin/../lib/gcc/arm-none-eabi/14.2.1/../../../../arm-none-eabi/lib/thumb/v7e-m+fp/hard/libc_nano.a(libc_a-findfp.o) (_fflush_r)
/Applications/ArmGNUToolchain/14.2.rel1/arm-none-eabi/bin/../lib/gcc/arm-none-eabi/14.2.1/../../../../arm-none-eabi/lib/thumb/v7e-m+fp/hard/libc_nano.a(libc_a-mlock.o)
                              /Applications/ArmGNUToolchain/14.2.rel1/arm-none-eabi/bin/../lib/gcc/arm-none-eabi/14.2.1/../../../../arm-none-eabi/lib/thumb/v7e-m+fp/hard/libc_nano.a(libc_a-mallocr.o) (__malloc_lock)
/Applications/ArmGNUToolchain/14.2.rel1/arm-none-eabi/bin/../lib/gcc/arm-none-eabi/14.2.1/../../../../arm-none-eabi/lib/thumb/v7e-m+fp/hard/libc_nano.a(libc_a-stdio.o)
                              /Applications/ArmGNUToolchain/14.2.rel1/arm-none-eabi/bin/../lib/gcc/arm-none-eabi/14.2.1/../../../../arm-none-eabi/lib/thumb/v7e-m+fp/hard/libc_nano.a(libc_a-findfp.o) (__sread)
/Applications/ArmGNUToolchain/14.2.rel1/arm-none-eabi/bin/../lib/gcc/arm-none-eabi/14.2.1/../../../../arm-none-eabi/lib/thumb/v7e-m+fp/hard/libc_nano.a(libc_a-lseekr.o)
                              /Applications/ArmGNUToolchain/14.2.rel1/arm-none-eabi/bin/../lib/gcc/arm-none-eabi/14.2.1/../../../../arm-none-eabi/lib/thumb/v7e-m+fp/hard/libc_nano.a(libc_a-stdio.o) (_lseek_r)
/Applications/ArmGNUToolchain/14.2.rel1/arm-none-eabi/bin/../lib/gcc/arm-none-eabi/14.2.1/../../../../arm-none-eabi/lib/thumb/v7e-m+fp/hard/libc_nano.a(libc_a-readr.o)
                              /Applications/ArmGNUToolchain/14.2.rel1/arm-none-eabi/bin/../lib/gcc/arm-none-eabi/14.2.1/../../../../arm-none-eabi/lib/thumb/v7e-m+fp/hard/libc_nano.a(libc_a-stdio.o) (_read_r)
[...]
Memory Configuration

Name             Origin             Length             Attributes
RAM              0x20000000         0x00018000         xrw
RAM2             0x10000000         0x00008000         xrw
FLASH            0x08000000         0x00100000         xr
*default*        0x00000000         0xffffffff

Linker script and memory map

LOAD /Applications/ArmGNUToolchain/14.2.rel1/arm-none-eabi/bin/../lib/gcc/arm-none-eabi/14.2.1/thumb/v7e-m+fp/hard/crti.o
LOAD /Applications/ArmGNUToolchain/14.2.rel1/arm-none-eabi/bin/../lib/gcc/arm-none-eabi/14.2.1/thumb/v7e-m+fp/hard/crtbegin.o
LOAD /Applications/ArmGNUToolchain/14.2.rel1/arm-none-eabi/bin/../lib/gcc/arm-none-eabi/14.2.1/../../../../arm-none-eabi/lib/thumb/v7e-m+fp/hard/crt0.o
START GROUP
LOAD /Applications/ArmGNUToolchain/14.2.rel1/arm-none-eabi/bin/../lib/gcc/arm-none-eabi/14.2.1/../../../../arm-none-eabi/lib/thumb/v7e-m+fp/hard/libc_nano.a
LOAD /Applications/ArmGNUToolchain/14.2.rel1/arm-none-eabi/bin/../lib/gcc/arm-none-eabi/14.2.1/../../../../arm-none-eabi/lib/thumb/v7e-m+fp/hard/libm.a
END GROUP
LOAD CMakeFiles/cmake_stm32l476.dir/Core/Src/gyro.c.obj
LOAD CMakeFiles/cmake_stm32l476.dir/Core/Src/main.c.obj
LOAD CMakeFiles/cmake_stm32l476.dir/Core/Src/gpio.c.obj
LOAD CMakeFiles/cmake_stm32l476.dir/Core/Src/spi.c.obj
LOAD CMakeFiles/cmake_stm32l476.dir/Core/Src/usart.c.obj
LOAD CMakeFiles/cmake_stm32l476.dir/Core/Src/stm32l4xx_it.c.obj
LOAD CMakeFiles/cmake_stm32l476.dir/Core/Src/stm32l4xx_hal_msp.c.obj
LOAD CMakeFiles/cmake_stm32l476.dir/Drivers/STM32L4xx_HAL_Driver/Src/stm32l4xx_hal_spi.c.obj
LOAD CMakeFiles/cmake_stm32l476.dir/Drivers/STM32L4xx_HAL_Driver/Src/stm32l4xx_hal_spi_ex.c.obj
LOAD CMakeFiles/cmake_stm32l476.dir/Drivers/STM32L4xx_HAL_Driver/Src/stm32l4xx_hal.c.obj
LOAD CMakeFiles/cmake_stm32l476.dir/Drivers/STM32L4xx_HAL_Driver/Src/stm32l4xx_hal_rcc.c.obj
LOAD CMakeFiles/cmake_stm32l476.dir/Drivers/STM32L4xx_HAL_Driver/Src/stm32l4xx_hal_rcc_ex.c.obj
LOAD CMakeFiles/cmake_stm32l476.dir/Drivers/STM32L4xx_HAL_Driver/Src/stm32l4xx_hal_flash.c.obj
LOAD CMakeFiles/cmake_stm32l476.dir/Drivers/STM32L4xx_HAL_Driver/Src/stm32l4xx_hal_flash_ex.c.obj
LOAD CMakeFiles/cmake_stm32l476.dir/Drivers/STM32L4xx_HAL_Driver/Src/stm32l4xx_hal_flash_ramfunc.c.obj
LOAD CMakeFiles/cmake_stm32l476.dir/Drivers/STM32L4xx_HAL_Driver/Src/stm32l4xx_hal_gpio.c.obj
LOAD CMakeFiles/cmake_stm32l476.dir/Drivers/STM32L4xx_HAL_Driver/Src/stm32l4xx_hal_i2c.c.obj
LOAD CMakeFiles/cmake_stm32l476.dir/Drivers/STM32L4xx_HAL_Driver/Src/stm32l4xx_hal_i2c_ex.c.obj
LOAD CMakeFiles/cmake_stm32l476.dir/Drivers/STM32L4xx_HAL_Driver/Src/stm32l4xx_hal_dma.c.obj
LOAD CMakeFiles/cmake_stm32l476.dir/Drivers/STM32L4xx_HAL_Driver/Src/stm32l4xx_hal_dma_ex.c.obj
LOAD CMakeFiles/cmake_stm32l476.dir/Drivers/STM32L4xx_HAL_Driver/Src/stm32l4xx_hal_pwr.c.obj
LOAD CMakeFiles/cmake_stm32l476.dir/Drivers/STM32L4xx_HAL_Driver/Src/stm32l4xx_hal_pwr_ex.c.obj
LOAD CMakeFiles/cmake_stm32l476.dir/Drivers/STM32L4xx_HAL_Driver/Src/stm32l4xx_hal_cortex.c.obj
LOAD CMakeFiles/cmake_stm32l476.dir/Drivers/STM32L4xx_HAL_Driver/Src/stm32l4xx_hal_exti.c.obj
LOAD CMakeFiles/cmake_stm32l476.dir/Drivers/STM32L4xx_HAL_Driver/Src/stm32l4xx_hal_uart.c.obj
LOAD CMakeFiles/cmake_stm32l476.dir/Drivers/STM32L4xx_HAL_Driver/Src/stm32l4xx_hal_uart_ex.c.obj
LOAD CMakeFiles/cmake_stm32l476.dir/Core/Src/system_stm32l4xx.c.obj
LOAD CMakeFiles/cmake_stm32l476.dir/Core/Src/sysmem.c.obj
LOAD CMakeFiles/cmake_stm32l476.dir/Core/Src/syscalls.c.obj
LOAD CMakeFiles/cmake_stm32l476.dir/startup_stm32l476xx.s.obj
START GROUP
LOAD /Applications/ArmGNUToolchain/14.2.rel1/arm-none-eabi/bin/../lib/gcc/arm-none-eabi/14.2.1/thumb/v7e-m+fp/hard/libgcc.a
LOAD /Applications/ArmGNUToolchain/14.2.rel1/arm-none-eabi/bin/../lib/gcc/arm-none-eabi/14.2.1/../../../../arm-none-eabi/lib/thumb/v7e-m+fp/hard/libg_nano.a
LOAD /Applications/ArmGNUToolchain/14.2.rel1/arm-none-eabi/bin/../lib/gcc/arm-none-eabi/14.2.1/../../../../arm-none-eabi/lib/thumb/v7e-m+fp/hard/libc_nano.a
END GROUP
START GROUP
LOAD /Applications/ArmGNUToolchain/14.2.rel1/arm-none-eabi/bin/../lib/gcc/arm-none-eabi/14.2.1/thumb/v7e-m+fp/hard/libgcc.a
LOAD /Applications/ArmGNUToolchain/14.2.rel1/arm-none-eabi/bin/../lib/gcc/arm-none-eabi/14.2.1/../../../../arm-none-eabi/lib/thumb/v7e-m+fp/hard/libc_nano.a
END GROUP
LOAD /Applications/ArmGNUToolchain/14.2.rel1/arm-none-eabi/bin/../lib/gcc/arm-none-eabi/14.2.1/thumb/v7e-m+fp/hard/crtend.o
LOAD /Applications/ArmGNUToolchain/14.2.rel1/arm-none-eabi/bin/../lib/gcc/arm-none-eabi/14.2.1/thumb/v7e-m+fp/hard/crtn.o
                0x20018000                        _estack = (ORIGIN (RAM) + LENGTH (RAM))
                0x00000200                        _Min_Heap_Size = 0x200
                0x00000400                        _Min_Stack_Size = 0x400

.isr_vector     0x08000000      0x188
                0x08000000                        . = ALIGN (0x8)
 *(.isr_vector)
 .isr_vector    0x08000000      0x188 CMakeFiles/cmake_stm32l476.dir/startup_stm32l476xx.s.obj
                0x08000000                g_pfnVectors
                0x08000188                        . = ALIGN (0x8)

.text           0x08000190     0x5120
                0x08000190                        . = ALIGN (0x8)
 *(.text)
 .text          0x08000190       0x30 /Applications/ArmGNUToolchain/14.2.rel1/arm-none-eabi/bin/../lib/gcc/arm-none-eabi/14.2.1/thumb/v7e-m+fp/hard/libgcc.a(_aeabi_uldivmod.o)
                0x08000190                __aeabi_uldivmod
 .text          0x080001c0        0x4 /Applications/ArmGNUToolchain/14.2.rel1/arm-none-eabi/bin/../lib/gcc/arm-none-eabi/14.2.1/thumb/v7e-m+fp/hard/libgcc.a(_dvmd_tls.o)
                0x080001c0                __aeabi_ldiv0
                0x080001c0                __aeabi_idiv0
 *fill*         0x080001c4        0xc 
 .text          0x080001d0       0xa0 /Applications/ArmGNUToolchain/14.2.rel1/arm-none-eabi/bin/../lib/gcc/arm-none-eabi/14.2.1/../../../../arm-none-eabi/lib/thumb/v7e-m+fp/hard/libg_nano.a(libc_a-memchr.o)
                0x080001d0                memchr
 *(.text*)
 .text.deregister_tm_clones
                0x08000270       0x1c /Applications/ArmGNUToolchain/14.2.rel1/arm-none-eabi/bin/../lib/gcc/arm-none-eabi/14.2.1/thumb/v7e-m+fp/hard/crtbegin.o
 .text.register_tm_clones
                0x0800028c       0x24 /Applications/ArmGNUToolchain/14.2.rel1/arm-none-eabi/bin/../lib/gcc/arm-none-eabi/14.2.1/thumb/v7e-m+fp/hard/crtbegin.o
 .text.__do_global_dtors_aux
                0x080002b0       0x28 /Applications/ArmGNUToolchain/14.2.rel1/arm-none-eabi/bin/../lib/gcc/arm-none-eabi/14.2.1/thumb/v7e-m+fp/hard/crtbegin.o
 .text.frame_dummy
                0x080002d8       0x24 /Applications/ArmGNUToolchain/14.2.rel1/arm-none-eabi/bin/../lib/gcc/arm-none-eabi/14.2.1/thumb/v7e-m+fp/hard/crtbegin.o
 .text.std      0x080002fc       0x6c /Applications/ArmGNUToolchain/14.2.rel1/arm-none-eabi/bin/../lib/gcc/arm-none-eabi/14.2.1/../../../../arm-none-eabi/lib/thumb/v7e-m+fp/hard/libc_nano.a(libc_a-findfp.o)
 .text.stdio_exit_handler
                0x08000368       0x18 /Applications/ArmGNUToolchain/14.2.rel1/arm-none-eabi/bin/../lib/gcc/arm-none-eabi/14.2.1/../../../../arm-none-eabi/lib/thumb/v7e-m+fp/hard/libc_nano.a(libc_a-findfp.o)
 .text.cleanup_stdio
                0x08000380       0x40 /Applications/ArmGNUToolchain/14.2.rel1/arm-none-eabi/bin/../lib/gcc/arm-none-eabi/14.2.1/../../../../arm-none-eabi/lib/thumb/v7e-m+fp/hard/libc_nano.a(libc_a-findfp.o)
 .text.global_stdio_init.part.0
                0x080003c0       0x40 /Applications/ArmGNUToolchain/14.2.rel1/arm-none-eabi/bin/../lib/gcc/arm-none-eabi/14.2.1/../../../../arm-none-eabi/lib/thumb/v7e-m+fp/hard/libc_nano.a(libc_a-findfp.o)
 .text.__sfp_lock_acquire
                0x08000400        0xc /Applications/ArmGNUToolchain/14.2.rel1/arm-none-eabi/bin/../lib/gcc/arm-none-eabi/14.2.1/../../../../arm-none-eabi/lib/thumb/v7e-m+fp/hard/libc_nano.a(libc_a-findfp.o)
                0x08000400                __sfp_lock_acquire
 .text.__sfp_lock_release
                0x0800040c        0xc /Applications/ArmGNUToolchain/14.2.rel1/arm-none-eabi/bin/../lib/gcc/arm-none-eabi/14.2.1/../../../../arm-none-eabi/lib/thumb/v7e-m+fp/hard/libc_nano.a(libc_a-findfp.o)
                0x0800040c                __sfp_lock_release
 .text.__sinit  0x08000418       0x30 /Applications/ArmGNUToolchain/14.2.rel1/arm-none-eabi/bin/../lib/gcc/arm-none-eabi/14.2.1/../../../../arm-none-eabi/lib/thumb/v7e-m+fp/hard/libc_nano.a(libc_a-findfp.o)
                0x08000418                __sinit
 .text._fwalk_sglue
                0x08000448       0x3c /Applications/ArmGNUToolchain/14.2.rel1/arm-none-eabi/bin/../lib/gcc/arm-none-eabi/14.2.1/../../../../arm-none-eabi/lib/thumb/v7e-m+fp/hard/libc_nano.a(libc_a-fwalk.o)
                0x08000448                _fwalk_sglue
 .text.memset   0x08000484       0x10 /Applications/ArmGNUToolchain/14.2.rel1/arm-none-eabi/bin/../lib/gcc/arm-none-eabi/14.2.1/../../../../arm-none-eabi/lib/thumb/v7e-m+fp/hard/libc_nano.a(libc_a-memset.o)
                0x08000484                memset
 .text.__libc_init_array
                0x08000494       0x48 /Applications/ArmGNUToolchain/14.2.rel1/arm-none-eabi/bin/../lib/gcc/arm-none-eabi/14.2.1/../../../../arm-none-eabi/lib/thumb/v7e-m+fp/hard/libc_nano.a(libc_a-init.o)
                0x08000494                __libc_init_array
 .text.__retarget_lock_init_recursive
                0x080004dc        0x2 /Applications/ArmGNUToolchain/14.2.rel1/arm-none-eabi/bin/../lib/gcc/arm-none-eabi/14.2.1/../../../../arm-none-eabi/lib/thumb/v7e-m+fp/hard/libc_nano.a(libc_a-lock.o)
                0x080004dc                __retarget_lock_init_recursive
 .text.__retarget_lock_acquire_recursive
                0x080004de        0x2 /Applications/ArmGNUToolchain/14.2.rel1/arm-none-eabi/bin/../lib/gcc/arm-none-eabi/14.2.1/../../../../arm-none-eabi/lib/thumb/v7e-m+fp/hard/libc_nano.a(libc_a-lock.o)
                0x080004de                __retarget_lock_acquire_recursive
 .text.__retarget_lock_release_recursive
                0x080004e0        0x2 /Applications/ArmGNUToolchain/14.2.rel1/arm-none-eabi/bin/../lib/gcc/arm-none-eabi/14.2.1/../../../../arm-none-eabi/lib/thumb/v7e-m+fp/hard/libc_nano.a(libc_a-lock.o)
                0x080004e0                __retarget_lock_release_recursive
 *fill*         0x080004e2        0x2 
 .text.sbrk_aligned
                0x080004e4       0x44 /Applications/ArmGNUToolchain/14.2.rel1/arm-none-eabi/bin/../lib/gcc/arm-none-eabi/14.2.1/../../../../arm-none-eabi/lib/thumb/v7e-m+fp/hard/libc_nano.a(libc_a-mallocr.o)
 .text._malloc_r
                0x08000528      0x100 /Applications/ArmGNUToolchain/14.2.rel1/arm-none-eabi/bin/../lib/gcc/arm-none-eabi/14.2.1/../../../../arm-none-eabi/lib/thumb/v7e-m+fp/hard/libc_nano.a(libc_a-mallocr.o)
                0x08000528                _malloc_r
 .text.__sflush_r
                0x08000628      0x104 /Applications/ArmGNUToolchain/14.2.rel1/arm-none-eabi/bin/../lib/gcc/arm-none-eabi/14.2.1/../../../../arm-none-eabi/lib/thumb/v7e-m+fp/hard/libc_nano.a(libc_a-fflush.o)
                0x08000628                __sflush_r
 .text._fflush_r
                0x0800072c       0x50 /Applications/ArmGNUToolchain/14.2.rel1/arm-none-eabi/bin/../lib/gcc/arm-none-eabi/14.2.1/../../../../arm-none-eabi/lib/thumb/v7e-m+fp/hard/libc_nano.a(libc_a-fflush.o)
                0x0800072c                _fflush_r
 .text.__malloc_lock
                0x0800077c        0xc /Applications/ArmGNUToolchain/14.2.rel1/arm-none-eabi/bin/../lib/gcc/arm-none-eabi/14.2.1/../../../../arm-none-eabi/lib/thumb/v7e-m+fp/hard/libc_nano.a(libc_a-mlock.o)
                0x0800077c                __malloc_lock
 .text.__malloc_unlock
                0x08000788        0xc /Applications/ArmGNUToolchain/14.2.rel1/arm-none-eabi/bin/../lib/gcc/arm-none-eabi/14.2.1/../../../../arm-none-eabi/lib/thumb/v7e-m+fp/hard/libc_nano.a(libc_a-mlock.o)
                0x08000788                __malloc_unlock
 .text.__sread  0x08000794       0x22 /Applications/ArmGNUToolchain/14.2.rel1/arm-none-eabi/bin/../lib/gcc/arm-none-eabi/14.2.1/../../../../arm-none-eabi/lib/thumb/v7e-m+fp/hard/libc_nano.a(libc_a-stdio.o)
                0x08000794                __sread
 .text.__swrite
                0x080007b6       0x38 /Applications/ArmGNUToolchain/14.2.rel1/arm-none-eabi/bin/../lib/gcc/arm-none-eabi/14.2.1/../../../../arm-none-eabi/lib/thumb/v7e-m+fp/hard/libc_nano.a(libc_a-stdio.o)
                0x080007b6                __swrite
 .text.__sseek  0x080007ee       0x26 /Applications/ArmGNUToolchain/14.2.rel1/arm-none-eabi/bin/../lib/gcc/arm-none-eabi/14.2.1/../../../../arm-none-eabi/lib/thumb/v7e-m+fp/hard/libc_nano.a(libc_a-stdio.o)
                0x080007ee                __sseek
 .text.__sclose
                0x08000814        0x8 /Applications/ArmGNUToolchain/14.2.rel1/arm-none-eabi/bin/../lib/gcc/arm-none-eabi/14.2.1/../../../../arm-none-eabi/lib/thumb/v7e-m+fp/hard/libc_nano.a(libc_a-stdio.o)
                0x08000814                __sclose
 .text._lseek_r
                0x0800081c       0x24 /Applications/ArmGNUToolchain/14.2.rel1/arm-none-eabi/bin/../lib/gcc/arm-none-eabi/14.2.1/../../../../arm-none-eabi/lib/thumb/v7e-m+fp/hard/libc_nano.a(libc_a-lseekr.o)
                0x0800081c                _lseek_r
 .text._read_r  0x08000840       0x24 /Applications/ArmGNUToolchain/14.2.rel1/arm-none-eabi/bin/../lib/gcc/arm-none-eabi/14.2.1/../../../../arm-none-eabi/lib/thumb/v7e-m+fp/hard/libc_nano.a(libc_a-readr.o)
                0x08000840                _read_r
 .text._sbrk_r  0x08000864       0x20 /Applications/ArmGNUToolchain/14.2.rel1/arm-none-eabi/bin/../lib/gcc/arm-none-eabi/14.2.1/../../../../arm-none-eabi/lib/thumb/v7e-m+fp/hard/libc_nano.a(libc_a-sbrkr.o)
                0x08000864                _sbrk_r
 .text._write_r
                0x08000884       0x24 /Applications/ArmGNUToolchain/14.2.rel1/arm-none-eabi/bin/../lib/gcc/arm-none-eabi/14.2.1/../../../../arm-none-eabi/lib/thumb/v7e-m+fp/hard/libc_nano.a(libc_a-writer.o)
                0x08000884                _write_r
 .text._close_r
                0x080008a8       0x20 /Applications/ArmGNUToolchain/14.2.rel1/arm-none-eabi/bin/../lib/gcc/arm-none-eabi/14.2.1/../../../../arm-none-eabi/lib/thumb/v7e-m+fp/hard/libc_nano.a(libc_a-closer.o)
                0x080008a8                _close_r
 .text._free_r  0x080008c8       0x94 /Applications/ArmGNUToolchain/14.2.rel1/arm-none-eabi/bin/../lib/gcc/arm-none-eabi/14.2.1/../../../../arm-none-eabi/lib/thumb/v7e-m+fp/hard/libc_nano.a(libc_a-freer.o)
                0x080008c8                _free_r
 .text.gyro_write
                0x0800095c       0x78 CMakeFiles/cmake_stm32l476.dir/Core/Src/gyro.c.obj
                0x0800095c                gyro_write
 .text.gyro_init
                0x080009d4       0x30 CMakeFiles/cmake_stm32l476.dir/Core/Src/gyro.c.obj
                0x080009d4                gyro_init
 .text.gyro_read
                0x08000a04       0x74 CMakeFiles/cmake_stm32l476.dir/Core/Src/gyro.c.obj
                0x08000a04                gyro_read
 .text._write   0x08000a78       0x2c CMakeFiles/cmake_stm32l476.dir/Core/Src/main.c.obj
                0x08000a78                _write
 .text.main     0x08000aa4       0x68 CMakeFiles/cmake_stm32l476.dir/Core/Src/main.c.obj
                0x08000aa4                main
 .text.SystemClock_Config
                0x08000b0c       0xa4 CMakeFiles/cmake_stm32l476.dir/Core/Src/main.c.obj
                0x08000b0c                SystemClock_Config
 .text.Error_Handler
                0x08000bb0        0xc CMakeFiles/cmake_stm32l476.dir/Core/Src/main.c.obj
                0x08000bb0                Error_Handler
 .text.MX_GPIO_Init
                0x08000bbc       0xec CMakeFiles/cmake_stm32l476.dir/Core/Src/gpio.c.obj
                0x08000bbc                MX_GPIO_Init
 .text.MX_SPI2_Init
                0x08000ca8       0x7c CMakeFiles/cmake_stm32l476.dir/Core/Src/spi.c.obj
                0x08000ca8                MX_SPI2_Init
 .text.HAL_SPI_MspInit
                0x08000d24       0x88 CMakeFiles/cmake_stm32l476.dir/Core/Src/spi.c.obj
                0x08000d24                HAL_SPI_MspInit
 .text.MX_USART2_UART_Init
                0x08000dac       0x60 CMakeFiles/cmake_stm32l476.dir/Core/Src/usart.c.obj
                0x08000dac                MX_USART2_UART_Init
 .text.HAL_UART_MspInit
                0x08000e0c       0xbc CMakeFiles/cmake_stm32l476.dir/Core/Src/usart.c.obj
                0x08000e0c                HAL_UART_MspInit
 .text.NMI_Handler
                0x08000ec8        0x8 CMakeFiles/cmake_stm32l476.dir/Core/Src/stm32l4xx_it.c.obj
                0x08000ec8                NMI_Handler
 .text.HardFault_Handler
                0x08000ed0        0x8 CMakeFiles/cmake_stm32l476.dir/Core/Src/stm32l4xx_it.c.obj
                0x08000ed0                HardFault_Handler
 .text.MemManage_Handler
                0x08000ed8        0x8 CMakeFiles/cmake_stm32l476.dir/Core/Src/stm32l4xx_it.c.obj
                0x08000ed8                MemManage_Handler
 .text.BusFault_Handler
                0x08000ee0        0x8 CMakeFiles/cmake_stm32l476.dir/Core/Src/stm32l4xx_it.c.obj
                0x08000ee0                BusFault_Handler
 .text.UsageFault_Handler
                0x08000ee8        0x8 CMakeFiles/cmake_stm32l476.dir/Core/Src/stm32l4xx_it.c.obj
                0x08000ee8                UsageFault_Handler
 .text.SVC_Handler
                0x08000ef0        0xe CMakeFiles/cmake_stm32l476.dir/Core/Src/stm32l4xx_it.c.obj
                0x08000ef0                SVC_Handler
 .text.DebugMon_Handler
                0x08000efe        0xe CMakeFiles/cmake_stm32l476.dir/Core/Src/stm32l4xx_it.c.obj
                0x08000efe                DebugMon_Handler
 .text.PendSV_Handler
                0x08000f0c        0xe CMakeFiles/cmake_stm32l476.dir/Core/Src/stm32l4xx_it.c.obj
                0x08000f0c                PendSV_Handler
 .text.SysTick_Handler
                0x08000f1a        0xc CMakeFiles/cmake_stm32l476.dir/Core/Src/stm32l4xx_it.c.obj
                0x08000f1a                SysTick_Handler
 *fill*         0x08000f26        0x2 
 .text.HAL_MspInit
                0x08000f28       0x48 CMakeFiles/cmake_stm32l476.dir/Core/Src/stm32l4xx_hal_msp.c.obj
                0x08000f28                HAL_MspInit
 .text.HAL_SPI_Init
                0x08000f70      0x146 CMakeFiles/cmake_stm32l476.dir/Drivers/STM32L4xx_HAL_Driver/Src/stm32l4xx_hal_spi.c.obj
                0x08000f70                HAL_SPI_Init
 .text.HAL_SPI_Transmit
                0x080010b6      0x2ec CMakeFiles/cmake_stm32l476.dir/Drivers/STM32L4xx_HAL_Driver/Src/stm32l4xx_hal_spi.c.obj
                0x080010b6                HAL_SPI_Transmit
 .text.HAL_SPI_Receive
                0x080013a2      0x270 CMakeFiles/cmake_stm32l476.dir/Drivers/STM32L4xx_HAL_Driver/Src/stm32l4xx_hal_spi.c.obj
                0x080013a2                HAL_SPI_Receive
 .text.HAL_SPI_TransmitReceive
                0x08001612      0x43e CMakeFiles/cmake_stm32l476.dir/Drivers/STM32L4xx_HAL_Driver/Src/stm32l4xx_hal_spi.c.obj
                0x08001612                HAL_SPI_TransmitReceive
 .text.SPI_WaitFlagStateUntilTimeout
                0x08001a50      0x110 CMakeFiles/cmake_stm32l476.dir/Drivers/STM32L4xx_HAL_Driver/Src/stm32l4xx_hal_spi.c.obj
 .text.SPI_WaitFifoStateUntilTimeout
                0x08001b60      0x12c CMakeFiles/cmake_stm32l476.dir/Drivers/STM32L4xx_HAL_Driver/Src/stm32l4xx_hal_spi.c.obj
 .text.SPI_EndRxTransaction
                0x08001c8c       0xb0 CMakeFiles/cmake_stm32l476.dir/Drivers/STM32L4xx_HAL_Driver/Src/stm32l4xx_hal_spi.c.obj
 .text.SPI_EndRxTxTransaction
                0x08001d3c       0x8c CMakeFiles/cmake_stm32l476.dir/Drivers/STM32L4xx_HAL_Driver/Src/stm32l4xx_hal_spi.c.obj
 .text.HAL_Init
                0x08001dc8       0x40 CMakeFiles/cmake_stm32l476.dir/Drivers/STM32L4xx_HAL_Driver/Src/stm32l4xx_hal.c.obj
                0x08001dc8                HAL_Init
 .text.HAL_InitTick
                0x08001e08       0x78 CMakeFiles/cmake_stm32l476.dir/Drivers/STM32L4xx_HAL_Driver/Src/stm32l4xx_hal.c.obj
                0x08001e08                HAL_InitTick
 .text.HAL_IncTick
                0x08001e80       0x28 CMakeFiles/cmake_stm32l476.dir/Drivers/STM32L4xx_HAL_Driver/Src/stm32l4xx_hal.c.obj
                0x08001e80                HAL_IncTick
 .text.HAL_GetTick
                0x08001ea8       0x18 CMakeFiles/cmake_stm32l476.dir/Drivers/STM32L4xx_HAL_Driver/Src/stm32l4xx_hal.c.obj
                0x08001ea8                HAL_GetTick
 .text.HAL_Delay
                0x08001ec0       0x48 CMakeFiles/cmake_stm32l476.dir/Drivers/STM32L4xx_HAL_Driver/Src/stm32l4xx_hal.c.obj
                0x08001ec0                HAL_Delay
 .text.HAL_RCC_OscConfig
                0x08001f08      0x7b8 CMakeFiles/cmake_stm32l476.dir/Drivers/STM32L4xx_HAL_Driver/Src/stm32l4xx_hal_rcc.c.obj
                0x08001f08                HAL_RCC_OscConfig
 .text.HAL_RCC_ClockConfig
                0x080026c0      0x200 CMakeFiles/cmake_stm32l476.dir/Drivers/STM32L4xx_HAL_Driver/Src/stm32l4xx_hal_rcc.c.obj
                0x080026c0                HAL_RCC_ClockConfig
 .text.HAL_RCC_GetSysClockFreq
                0x080028c0      0x118 CMakeFiles/cmake_stm32l476.dir/Drivers/STM32L4xx_HAL_Driver/Src/stm32l4xx_hal_rcc.c.obj
                0x080028c0                HAL_RCC_GetSysClockFreq
 .text.HAL_RCC_GetHCLKFreq
                0x080029d8       0x18 CMakeFiles/cmake_stm32l476.dir/Drivers/STM32L4xx_HAL_Driver/Src/stm32l4xx_hal_rcc.c.obj
                0x080029d8                HAL_RCC_GetHCLKFreq
 .text.HAL_RCC_GetPCLK1Freq
                0x080029f0       0x2c CMakeFiles/cmake_stm32l476.dir/Drivers/STM32L4xx_HAL_Driver/Src/stm32l4xx_hal_rcc.c.obj
                0x080029f0                HAL_RCC_GetPCLK1Freq
 .text.HAL_RCC_GetPCLK2Freq
                0x08002a1c       0x2c CMakeFiles/cmake_stm32l476.dir/Drivers/STM32L4xx_HAL_Driver/Src/stm32l4xx_hal_rcc.c.obj
                0x08002a1c                HAL_RCC_GetPCLK2Freq
 .text.RCC_SetFlashLatencyFromMSIRange
                0x08002a48       0xc0 CMakeFiles/cmake_stm32l476.dir/Drivers/STM32L4xx_HAL_Driver/Src/stm32l4xx_hal_rcc.c.obj
 .text.HAL_RCCEx_PeriphCLKConfig
                0x08002b08      0x5d4 CMakeFiles/cmake_stm32l476.dir/Drivers/STM32L4xx_HAL_Driver/Src/stm32l4xx_hal_rcc_ex.c.obj
                0x08002b08                HAL_RCCEx_PeriphCLKConfig
 .text.RCCEx_PLLSAI1_Config
                0x080030dc      0x1e8 CMakeFiles/cmake_stm32l476.dir/Drivers/STM32L4xx_HAL_Driver/Src/stm32l4xx_hal_rcc_ex.c.obj
 .text.RCCEx_PLLSAI2_Config
                0x080032c4      0x1bc CMakeFiles/cmake_stm32l476.dir/Drivers/STM32L4xx_HAL_Driver/Src/stm32l4xx_hal_rcc_ex.c.obj
 .text.HAL_GPIO_Init
                0x08003480      0x354 CMakeFiles/cmake_stm32l476.dir/Drivers/STM32L4xx_HAL_Driver/Src/stm32l4xx_hal_gpio.c.obj
                0x08003480                HAL_GPIO_Init
 .text.HAL_GPIO_WritePin
                0x080037d4       0x30 CMakeFiles/cmake_stm32l476.dir/Drivers/STM32L4xx_HAL_Driver/Src/stm32l4xx_hal_gpio.c.obj
                0x080037d4                HAL_GPIO_WritePin
 .text.HAL_GPIO_TogglePin
                0x08003804       0x34 CMakeFiles/cmake_stm32l476.dir/Drivers/STM32L4xx_HAL_Driver/Src/stm32l4xx_hal_gpio.c.obj
                0x08003804                HAL_GPIO_TogglePin
 .text.HAL_PWREx_GetVoltageRange
                0x08003838       0x1c CMakeFiles/cmake_stm32l476.dir/Drivers/STM32L4xx_HAL_Driver/Src/stm32l4xx_hal_pwr_ex.c.obj
                0x08003838                HAL_PWREx_GetVoltageRange
 .text.HAL_PWREx_ControlVoltageScaling
                0x08003854       0xac CMakeFiles/cmake_stm32l476.dir/Drivers/STM32L4xx_HAL_Driver/Src/stm32l4xx_hal_pwr_ex.c.obj
                0x08003854                HAL_PWREx_ControlVoltageScaling
 .text.__NVIC_SetPriorityGrouping
                0x08003900       0x48 CMakeFiles/cmake_stm32l476.dir/Drivers/STM32L4xx_HAL_Driver/Src/stm32l4xx_hal_cortex.c.obj
 .text.__NVIC_GetPriorityGrouping
                0x08003948       0x1c CMakeFiles/cmake_stm32l476.dir/Drivers/STM32L4xx_HAL_Driver/Src/stm32l4xx_hal_cortex.c.obj
 .text.__NVIC_SetPriority
                0x08003964       0x54 CMakeFiles/cmake_stm32l476.dir/Drivers/STM32L4xx_HAL_Driver/Src/stm32l4xx_hal_cortex.c.obj
 .text.NVIC_EncodePriority
                0x080039b8       0x66 CMakeFiles/cmake_stm32l476.dir/Drivers/STM32L4xx_HAL_Driver/Src/stm32l4xx_hal_cortex.c.obj
 *fill*         0x08003a1e        0x2 
 .text.SysTick_Config
                0x08003a20       0x44 CMakeFiles/cmake_stm32l476.dir/Drivers/STM32L4xx_HAL_Driver/Src/stm32l4xx_hal_cortex.c.obj
 .text.HAL_NVIC_SetPriorityGrouping
                0x08003a64       0x16 CMakeFiles/cmake_stm32l476.dir/Drivers/STM32L4xx_HAL_Driver/Src/stm32l4xx_hal_cortex.c.obj
                0x08003a64                HAL_NVIC_SetPriorityGrouping
 .text.HAL_NVIC_SetPriority
                0x08003a7a       0x38 CMakeFiles/cmake_stm32l476.dir/Drivers/STM32L4xx_HAL_Driver/Src/stm32l4xx_hal_cortex.c.obj
                0x08003a7a                HAL_NVIC_SetPriority
 .text.HAL_SYSTICK_Config
                0x08003ab2       0x18 CMakeFiles/cmake_stm32l476.dir/Drivers/STM32L4xx_HAL_Driver/Src/stm32l4xx_hal_cortex.c.obj
                0x08003ab2                HAL_SYSTICK_Config
 .text.HAL_UART_Init
                0x08003aca       0x9c CMakeFiles/cmake_stm32l476.dir/Drivers/STM32L4xx_HAL_Driver/Src/stm32l4xx_hal_uart.c.obj
                0x08003aca                HAL_UART_Init
 .text.HAL_UART_Transmit
                0x08003b66      0x112 CMakeFiles/cmake_stm32l476.dir/Drivers/STM32L4xx_HAL_Driver/Src/stm32l4xx_hal_uart.c.obj
                0x08003b66                HAL_UART_Transmit
 .text.UART_SetConfig
                0x08003c78      0x570 CMakeFiles/cmake_stm32l476.dir/Drivers/STM32L4xx_HAL_Driver/Src/stm32l4xx_hal_uart.c.obj
                0x08003c78                UART_SetConfig
 .text.UART_AdvFeatureConfig
                0x080041e8      0x144 CMakeFiles/cmake_stm32l476.dir/Drivers/STM32L4xx_HAL_Driver/Src/stm32l4xx_hal_uart.c.obj
                0x080041e8                UART_AdvFeatureConfig
 .text.UART_CheckIdleState
                0x0800432c      0x150 CMakeFiles/cmake_stm32l476.dir/Drivers/STM32L4xx_HAL_Driver/Src/stm32l4xx_hal_uart.c.obj
                0x0800432c                UART_CheckIdleState
 .text.UART_WaitOnFlagUntilTimeout
                0x0800447c       0xda CMakeFiles/cmake_stm32l476.dir/Drivers/STM32L4xx_HAL_Driver/Src/stm32l4xx_hal_uart.c.obj
                0x0800447c                UART_WaitOnFlagUntilTimeout
 .text.UART_EndRxTransfer
                0x08004556       0xc8 CMakeFiles/cmake_stm32l476.dir/Drivers/STM32L4xx_HAL_Driver/Src/stm32l4xx_hal_uart.c.obj
 *fill*         0x0800461e        0x2 
 .text.SystemInit
                0x08004620       0x24 CMakeFiles/cmake_stm32l476.dir/Core/Src/system_stm32l4xx.c.obj
                0x08004620                SystemInit
 .text._sbrk    0x08004644       0x6c CMakeFiles/cmake_stm32l476.dir/Core/Src/sysmem.c.obj
                0x08004644                _sbrk
 .text._read    0x080046b0       0x3a CMakeFiles/cmake_stm32l476.dir/Core/Src/syscalls.c.obj
                0x080046b0                _read
 .text._close   0x080046ea       0x18 CMakeFiles/cmake_stm32l476.dir/Core/Src/syscalls.c.obj
                0x080046ea                _close
 .text._fstat   0x08004702       0x20 CMakeFiles/cmake_stm32l476.dir/Core/Src/syscalls.c.obj
                0x08004702                _fstat
 .text._isatty  0x08004722       0x16 CMakeFiles/cmake_stm32l476.dir/Core/Src/syscalls.c.obj
                0x08004722                _isatty
 .text._lseek   0x08004738       0x1a CMakeFiles/cmake_stm32l476.dir/Core/Src/syscalls.c.obj
                0x08004738                _lseek
 *fill*         0x08004752        0x2 
 .text.Reset_Handler
                0x08004754       0x50 CMakeFiles/cmake_stm32l476.dir/startup_stm32l476xx.s.obj
                0x08004754                Reset_Handler
 .text.Default_Handler
                0x080047a4        0x2 CMakeFiles/cmake_stm32l476.dir/startup_stm32l476xx.s.obj
                0x080047a4                TIM1_BRK_TIM15_IRQHandler
                0x080047a4                EXTI2_IRQHandler
                0x080047a4                TIM8_TRG_COM_IRQHandler
                0x080047a4                TIM8_CC_IRQHandler
                0x080047a4                TIM1_CC_IRQHandler
                0x080047a4                TSC_IRQHandler
                0x080047a4                TAMP_STAMP_IRQHandler
                0x080047a4                EXTI3_IRQHandler
                0x080047a4                LPTIM2_IRQHandler
                0x080047a4                DFSDM1_FLT1_IRQHandler
                0x080047a4                I2C3_ER_IRQHandler
                0x080047a4                DFSDM1_FLT2_IRQHandler
                0x080047a4                EXTI0_IRQHandler
                0x080047a4                I2C2_EV_IRQHandler
                0x080047a4                CAN1_RX0_IRQHandler
                0x080047a4                FPU_IRQHandler
                0x080047a4                TIM1_UP_TIM16_IRQHandler
                0x080047a4                ADC1_2_IRQHandler
                0x080047a4                SPI1_IRQHandler
                0x080047a4                TIM6_DAC_IRQHandler
                0x080047a4                TIM8_UP_IRQHandler
                0x080047a4                DMA2_Channel2_IRQHandler
                0x080047a4                DMA1_Channel4_IRQHandler
                0x080047a4                SAI2_IRQHandler
                0x080047a4                DFSDM1_FLT3_IRQHandler
                0x080047a4                USART3_IRQHandler
                0x080047a4                DMA1_Channel7_IRQHandler
                0x080047a4                CAN1_RX1_IRQHandler
                0x080047a4                LCD_IRQHandler
                0x080047a4                UART5_IRQHandler
                0x080047a4                ADC3_IRQHandler
                0x080047a4                TIM4_IRQHandler
                0x080047a4                DMA2_Channel1_IRQHandler
                0x080047a4                QUADSPI_IRQHandler
                0x080047a4                I2C1_EV_IRQHandler
                0x080047a4                DMA1_Channel6_IRQHandler
                0x080047a4                UART4_IRQHandler
                0x080047a4                DMA2_Channel4_IRQHandler
                0x080047a4                TIM3_IRQHandler
                0x080047a4                RCC_IRQHandler
                0x080047a4                DMA1_Channel1_IRQHandler
                0x080047a4                Default_Handler
                0x080047a4                DMA2_Channel7_IRQHandler
                0x080047a4                EXTI15_10_IRQHandler
                0x080047a4                TIM7_IRQHandler
                0x080047a4                SDMMC1_IRQHandler
                0x080047a4                TIM5_IRQHandler
                0x080047a4                I2C3_EV_IRQHandler
                0x080047a4                EXTI9_5_IRQHandler
                0x080047a4                RTC_WKUP_IRQHandler
                0x080047a4                PVD_PVM_IRQHandler
                0x080047a4                SPI2_IRQHandler
                0x080047a4                CAN1_TX_IRQHandler
                0x080047a4                DMA2_Channel5_IRQHandler
                0x080047a4                DMA1_Channel5_IRQHandler
                0x080047a4                EXTI4_IRQHandler
                0x080047a4                RNG_IRQHandler
                0x080047a4                TIM1_TRG_COM_TIM17_IRQHandler
                0x080047a4                DMA1_Channel3_IRQHandler
                0x080047a4                COMP_IRQHandler
                0x080047a4                WWDG_IRQHandler
                0x080047a4                LPUART1_IRQHandler
                0x080047a4                DMA2_Channel6_IRQHandler
                0x080047a4                TIM2_IRQHandler
                0x080047a4                EXTI1_IRQHandler
                0x080047a4                USART2_IRQHandler
                0x080047a4                DFSDM1_FLT0_IRQHandler
                0x080047a4                I2C2_ER_IRQHandler
                0x080047a4                DMA1_Channel2_IRQHandler
                0x080047a4                TIM8_BRK_IRQHandler
                0x080047a4                CAN1_SCE_IRQHandler
                0x080047a4                FLASH_IRQHandler
                0x080047a4                USART1_IRQHandler
                0x080047a4                OTG_FS_IRQHandler
                0x080047a4                SPI3_IRQHandler
                0x080047a4                I2C1_ER_IRQHandler
                0x080047a4                FMC_IRQHandler
                0x080047a4                SWPMI1_IRQHandler
                0x080047a4                LPTIM1_IRQHandler
                0x080047a4                SAI1_IRQHandler
                0x080047a4                DMA2_Channel3_IRQHandler
                0x080047a4                RTC_Alarm_IRQHandler
 *fill*         0x080047a6        0x2 
 .text.__udivmoddi4
                0x080047a8      0x2f8 /Applications/ArmGNUToolchain/14.2.rel1/arm-none-eabi/bin/../lib/gcc/arm-none-eabi/14.2.1/thumb/v7e-m+fp/hard/libgcc.a(_udivmoddi4.o)
                0x080047a8                __udivmoddi4
 .text.printf   0x08004aa0       0x24 /Applications/ArmGNUToolchain/14.2.rel1/arm-none-eabi/bin/../lib/gcc/arm-none-eabi/14.2.1/../../../../arm-none-eabi/lib/thumb/v7e-m+fp/hard/libg_nano.a(libc_a-printf.o)
                0x08004aa0                printf
                0x08004aa0                iprintf
 .text.__errno  0x08004ac4        0xc /Applications/ArmGNUToolchain/14.2.rel1/arm-none-eabi/bin/../lib/gcc/arm-none-eabi/14.2.1/../../../../arm-none-eabi/lib/thumb/v7e-m+fp/hard/libg_nano.a(libc_a-errno.o)
                0x08004ac4                __errno
 .text.__sfputc_r
                0x08004ad0       0x2e /Applications/ArmGNUToolchain/14.2.rel1/arm-none-eabi/bin/../lib/gcc/arm-none-eabi/14.2.1/../../../../arm-none-eabi/lib/thumb/v7e-m+fp/hard/libg_nano.a(libc_a-nano-vfprintf.o)
 .text.__sfputs_r
                0x08004afe       0x24 /Applications/ArmGNUToolchain/14.2.rel1/arm-none-eabi/bin/../lib/gcc/arm-none-eabi/14.2.1/../../../../arm-none-eabi/lib/thumb/v7e-m+fp/hard/libg_nano.a(libc_a-nano-vfprintf.o)
                0x08004afe                __sfputs_r
 *fill*         0x08004b22        0x2 
 .text._vfprintf_r
                0x08004b24      0x230 /Applications/ArmGNUToolchain/14.2.rel1/arm-none-eabi/bin/../lib/gcc/arm-none-eabi/14.2.1/../../../../arm-none-eabi/lib/thumb/v7e-m+fp/hard/libg_nano.a(libc_a-nano-vfprintf.o)
                0x08004b24                _vfiprintf_r
                0x08004b24                _vfprintf_r
 .text._printf_common
                0x08004d54       0xda /Applications/ArmGNUToolchain/14.2.rel1/arm-none-eabi/bin/../lib/gcc/arm-none-eabi/14.2.1/../../../../arm-none-eabi/lib/thumb/v7e-m+fp/hard/libg_nano.a(libc_a-nano-vfprintf_i.o)
                0x08004d54                _printf_common
 *fill*         0x08004e2e        0x2 
 .text._printf_i
                0x08004e30      0x240 /Applications/ArmGNUToolchain/14.2.rel1/arm-none-eabi/bin/../lib/gcc/arm-none-eabi/14.2.1/../../../../arm-none-eabi/lib/thumb/v7e-m+fp/hard/libg_nano.a(libc_a-nano-vfprintf_i.o)
                0x08004e30                _printf_i
 .text.__swbuf_r
                0x08005070       0x7c /Applications/ArmGNUToolchain/14.2.rel1/arm-none-eabi/bin/../lib/gcc/arm-none-eabi/14.2.1/../../../../arm-none-eabi/lib/thumb/v7e-m+fp/hard/libg_nano.a(libc_a-wbuf.o)
                0x08005070                __swbuf_r
 .text.__swsetup_r
                0x080050ec       0xa8 /Applications/ArmGNUToolchain/14.2.rel1/arm-none-eabi/bin/../lib/gcc/arm-none-eabi/14.2.1/../../../../arm-none-eabi/lib/thumb/v7e-m+fp/hard/libg_nano.a(libc_a-wsetup.o)
                0x080050ec                __swsetup_r
 .text.__swhatbuf_r
                0x08005194       0x48 /Applications/ArmGNUToolchain/14.2.rel1/arm-none-eabi/bin/../lib/gcc/arm-none-eabi/14.2.1/../../../../arm-none-eabi/lib/thumb/v7e-m+fp/hard/libg_nano.a(libc_a-makebuf.o)
                0x08005194                __swhatbuf_r
 .text.__smakebuf_r
                0x080051dc       0x72 /Applications/ArmGNUToolchain/14.2.rel1/arm-none-eabi/bin/../lib/gcc/arm-none-eabi/14.2.1/../../../../arm-none-eabi/lib/thumb/v7e-m+fp/hard/libg_nano.a(libc_a-makebuf.o)
                0x080051dc                __smakebuf_r
 *fill*         0x0800524e        0x2 
 .text._isatty_r
                0x08005250       0x20 /Applications/ArmGNUToolchain/14.2.rel1/arm-none-eabi/bin/../lib/gcc/arm-none-eabi/14.2.1/../../../../arm-none-eabi/lib/thumb/v7e-m+fp/hard/libg_nano.a(libc_a-isattyr.o)
                0x08005250                _isatty_r
 .text._fstat_r
                0x08005270       0x24 /Applications/ArmGNUToolchain/14.2.rel1/arm-none-eabi/bin/../lib/gcc/arm-none-eabi/14.2.1/../../../../arm-none-eabi/lib/thumb/v7e-m+fp/hard/libg_nano.a(libc_a-fstatr.o)
                0x08005270                _fstat_r
 *(.glue_7)
 .glue_7        0x08005294        0x0 linker stubs
 *(.glue_7t)
 .glue_7t       0x08005294        0x0 linker stubs
 *(.eh_frame)
 .eh_frame      0x08005294        0x0 /Applications/ArmGNUToolchain/14.2.rel1/arm-none-eabi/bin/../lib/gcc/arm-none-eabi/14.2.1/thumb/v7e-m+fp/hard/crtbegin.o
 *(.init)
 .init          0x08005294        0x4 /Applications/ArmGNUToolchain/14.2.rel1/arm-none-eabi/bin/../lib/gcc/arm-none-eabi/14.2.1/thumb/v7e-m+fp/hard/crti.o
                0x08005294                _init
 .init          0x08005298        0x8 /Applications/ArmGNUToolchain/14.2.rel1/arm-none-eabi/bin/../lib/gcc/arm-none-eabi/14.2.1/thumb/v7e-m+fp/hard/crtn.o
 *(.fini)
 .fini          0x080052a0        0x4 /Applications/ArmGNUToolchain/14.2.rel1/arm-none-eabi/bin/../lib/gcc/arm-none-eabi/14.2.1/thumb/v7e-m+fp/hard/crti.o
                0x080052a0                _fini
 .fini          0x080052a4        0x8 /Applications/ArmGNUToolchain/14.2.rel1/arm-none-eabi/bin/../lib/gcc/arm-none-eabi/14.2.1/thumb/v7e-m+fp/hard/crtn.o
                0x080052b0                        . = ALIGN (0x8)
 *fill*         0x080052ac        0x4 
                0x080052b0                        _etext = .

.vfp11_veneer   0x080052b0        0x0
 .vfp11_veneer  0x080052b0        0x0 linker stubs

.v4_bx          0x080052b0        0x0
 .v4_bx         0x080052b0        0x0 linker stubs

.iplt           0x080052b0        0x0
 .iplt          0x080052b0        0x0 /Applications/ArmGNUToolchain/14.2.rel1/arm-none-eabi/bin/../lib/gcc/arm-none-eabi/14.2.1/thumb/v7e-m+fp/hard/crtbegin.o

.rodata         0x080052b0       0x88
                0x080052b0                        . = ALIGN (0x8)
 *(.rodata)
 .rodata        0x080052b0        0x8 CMakeFiles/cmake_stm32l476.dir/Core/Src/main.c.obj
 *(.rodata*)
 .rodata.AHBPrescTable
                0x080052b8       0x10 CMakeFiles/cmake_stm32l476.dir/Core/Src/system_stm32l4xx.c.obj
                0x080052b8                AHBPrescTable
 .rodata.APBPrescTable
                0x080052c8        0x8 CMakeFiles/cmake_stm32l476.dir/Core/Src/system_stm32l4xx.c.obj
                0x080052c8                APBPrescTable
 .rodata.MSIRangeTable
                0x080052d0       0x30 CMakeFiles/cmake_stm32l476.dir/Core/Src/system_stm32l4xx.c.obj
                0x080052d0                MSIRangeTable
 .rodata._vfprintf_r.str1.1
                0x08005300       0x33 /Applications/ArmGNUToolchain/14.2.rel1/arm-none-eabi/bin/../lib/gcc/arm-none-eabi/14.2.1/../../../../arm-none-eabi/lib/thumb/v7e-m+fp/hard/libg_nano.a(libc_a-nano-vfprintf.o)
                                 0x11 (size before relaxing)
 .rodata._printf_i.str1.1
                0x08005333       0x22 /Applications/ArmGNUToolchain/14.2.rel1/arm-none-eabi/bin/../lib/gcc/arm-none-eabi/14.2.1/../../../../arm-none-eabi/lib/thumb/v7e-m+fp/hard/libg_nano.a(libc_a-nano-vfprintf_i.o)
                0x08005358                        . = ALIGN (0x8)
 *fill*         0x08005333        0x5 

.ARM.extab      0x08005338        0x0
                0x08005338                        . = ALIGN (0x8)
 *(.ARM.extab* .gnu.linkonce.armextab.*)
                0x08005338                        . = ALIGN (0x8)

.ARM            0x08005338        0x8
                0x08005338                        . = ALIGN (0x8)
                0x08005338                        __exidx_start = .
 *(.ARM.exidx*)
 .ARM.exidx     0x08005338        0x8 /Applications/ArmGNUToolchain/14.2.rel1/arm-none-eabi/bin/../lib/gcc/arm-none-eabi/14.2.1/../../../../arm-none-eabi/lib/thumb/v7e-m+fp/hard/libg_nano.a(libc_a-memchr.o)
 .ARM.exidx.text.__udivmoddi4
                0x08005340        0x0 /Applications/ArmGNUToolchain/14.2.rel1/arm-none-eabi/bin/../lib/gcc/arm-none-eabi/14.2.1/thumb/v7e-m+fp/hard/libgcc.a(_udivmoddi4.o)
                                  0x8 (size before relaxing)
                0x08005340                        __exidx_end = .
                0x08005340                        . = ALIGN (0x8)

.rel.dyn        0x08005340        0x0
 .rel.iplt      0x08005340        0x0 /Applications/ArmGNUToolchain/14.2.rel1/arm-none-eabi/bin/../lib/gcc/arm-none-eabi/14.2.1/thumb/v7e-m+fp/hard/crtbegin.o

.preinit_array  0x08005340        0x0
                0x08005340                        . = ALIGN (0x8)
                0x08005340                        PROVIDE (__preinit_array_start = .)
 *(.preinit_array*)
                0x08005340                        PROVIDE (__preinit_array_end = .)
                0x08005340                        . = ALIGN (0x8)

.init_array     0x08005340        0x8
                0x08005340                        . = ALIGN (0x8)
                0x08005340                        PROVIDE (__init_array_start = .)
 *(SORT_BY_NAME(.init_array.*))
 *(.init_array*)
 .init_array    0x08005340        0x4 /Applications/ArmGNUToolchain/14.2.rel1/arm-none-eabi/bin/../lib/gcc/arm-none-eabi/14.2.1/thumb/v7e-m+fp/hard/crtbegin.o
                0x08005344                        PROVIDE (__init_array_end = .)
                0x08005348                        . = ALIGN (0x8)
 *fill*         0x08005344        0x4 

.fini_array     0x08005348        0x8
                0x08005348                        . = ALIGN (0x8)
                [!provide]                        PROVIDE (__fini_array_start = .)
 *(SORT_BY_NAME(.fini_array.*))
 *(.fini_array*)
 .fini_array    0x08005348        0x4 /Applications/ArmGNUToolchain/14.2.rel1/arm-none-eabi/bin/../lib/gcc/arm-none-eabi/14.2.1/thumb/v7e-m+fp/hard/crtbegin.o
                [!provide]                        PROVIDE (__fini_array_end = .)
                0x08005350                        . = ALIGN (0x8)
 *fill*         0x0800534c        0x4 
                0x08005350                        _sidata = LOADADDR (.data)

.data           0x20000000       0x68 load address 0x08005350
                0x20000000                        . = ALIGN (0x8)
                0x20000000                        _sdata = .
 *(.data)
 *(.data*)
 .data.__sglue  0x20000000        0xc /Applications/ArmGNUToolchain/14.2.rel1/arm-none-eabi/bin/../lib/gcc/arm-none-eabi/14.2.1/../../../../arm-none-eabi/lib/thumb/v7e-m+fp/hard/libc_nano.a(libc_a-findfp.o)
                0x20000000                __sglue
 .data._impure_ptr
                0x2000000c        0x4 /Applications/ArmGNUToolchain/14.2.rel1/arm-none-eabi/bin/../lib/gcc/arm-none-eabi/14.2.1/../../../../arm-none-eabi/lib/thumb/v7e-m+fp/hard/libc_nano.a(libc_a-impure.o)
                0x2000000c                _impure_ptr
 .data._impure_data
                0x20000010       0x4c /Applications/ArmGNUToolchain/14.2.rel1/arm-none-eabi/bin/../lib/gcc/arm-none-eabi/14.2.1/../../../../arm-none-eabi/lib/thumb/v7e-m+fp/hard/libc_nano.a(libc_a-impure.o)
                0x20000010                _impure_data
 .data.uwTickPrio
                0x2000005c        0x4 CMakeFiles/cmake_stm32l476.dir/Drivers/STM32L4xx_HAL_Driver/Src/stm32l4xx_hal.c.obj
                0x2000005c                uwTickPrio
 .data.uwTickFreq
                0x20000060        0x1 CMakeFiles/cmake_stm32l476.dir/Drivers/STM32L4xx_HAL_Driver/Src/stm32l4xx_hal.c.obj
                0x20000060                uwTickFreq
 *fill*         0x20000061        0x3 
 .data.SystemCoreClock
                0x20000064        0x4 CMakeFiles/cmake_stm32l476.dir/Core/Src/system_stm32l4xx.c.obj
                0x20000064                SystemCoreClock
                0x20000068                        . = ALIGN (0x8)
                0x20000068                        _edata = .

.tm_clone_table
                0x20000068        0x0 load address 0x080053b8
 .tm_clone_table
                0x20000068        0x0 /Applications/ArmGNUToolchain/14.2.rel1/arm-none-eabi/bin/../lib/gcc/arm-none-eabi/14.2.1/thumb/v7e-m+fp/hard/crtbegin.o
 .tm_clone_table
                0x20000068        0x0 /Applications/ArmGNUToolchain/14.2.rel1/arm-none-eabi/bin/../lib/gcc/arm-none-eabi/14.2.1/thumb/v7e-m+fp/hard/crtend.o

.igot.plt       0x20000068        0x0 load address 0x080053b8
 .igot.plt      0x20000068        0x0 /Applications/ArmGNUToolchain/14.2.rel1/arm-none-eabi/bin/../lib/gcc/arm-none-eabi/14.2.1/thumb/v7e-m+fp/hard/crtbegin.o
                0x20000068                        . = ALIGN (0x4)

.bss            0x20000068      0x25c load address 0x080053b8
                0x20000068                        _sbss = .
                0x20000068                        __bss_start__ = _sbss
 *(.bss)
 *(.bss*)
 .bss.completed.1
                0x20000068        0x1 /Applications/ArmGNUToolchain/14.2.rel1/arm-none-eabi/bin/../lib/gcc/arm-none-eabi/14.2.1/thumb/v7e-m+fp/hard/crtbegin.o
 *fill*         0x20000069        0x3 
 .bss.object.0  0x2000006c       0x18 /Applications/ArmGNUToolchain/14.2.rel1/arm-none-eabi/bin/../lib/gcc/arm-none-eabi/14.2.1/thumb/v7e-m+fp/hard/crtbegin.o
 .bss.__sf      0x20000084      0x138 /Applications/ArmGNUToolchain/14.2.rel1/arm-none-eabi/bin/../lib/gcc/arm-none-eabi/14.2.1/../../../../arm-none-eabi/lib/thumb/v7e-m+fp/hard/libc_nano.a(libc_a-findfp.o)
                0x20000084                __sf
 .bss.__stdio_exit_handler
                0x200001bc        0x4 /Applications/ArmGNUToolchain/14.2.rel1/arm-none-eabi/bin/../lib/gcc/arm-none-eabi/14.2.1/../../../../arm-none-eabi/lib/thumb/v7e-m+fp/hard/libc_nano.a(libc_a-findfp.o)
                0x200001bc                __stdio_exit_handler
 .bss.__lock___malloc_recursive_mutex
                0x200001c0        0x1 /Applications/ArmGNUToolchain/14.2.rel1/arm-none-eabi/bin/../lib/gcc/arm-none-eabi/14.2.1/../../../../arm-none-eabi/lib/thumb/v7e-m+fp/hard/libc_nano.a(libc_a-lock.o)
                0x200001c0                __lock___malloc_recursive_mutex
 .bss.__lock___sfp_recursive_mutex
                0x200001c1        0x1 /Applications/ArmGNUToolchain/14.2.rel1/arm-none-eabi/bin/../lib/gcc/arm-none-eabi/14.2.1/../../../../arm-none-eabi/lib/thumb/v7e-m+fp/hard/libc_nano.a(libc_a-lock.o)
                0x200001c1                __lock___sfp_recursive_mutex
 *fill*         0x200001c2        0x2 
 .bss.__malloc_sbrk_start
                0x200001c4        0x4 /Applications/ArmGNUToolchain/14.2.rel1/arm-none-eabi/bin/../lib/gcc/arm-none-eabi/14.2.1/../../../../arm-none-eabi/lib/thumb/v7e-m+fp/hard/libc_nano.a(libc_a-mallocr.o)
                0x200001c4                __malloc_sbrk_start
 .bss.__malloc_free_list
                0x200001c8        0x4 /Applications/ArmGNUToolchain/14.2.rel1/arm-none-eabi/bin/../lib/gcc/arm-none-eabi/14.2.1/../../../../arm-none-eabi/lib/thumb/v7e-m+fp/hard/libc_nano.a(libc_a-mallocr.o)
                0x200001c8                __malloc_free_list
 .bss.errno     0x200001cc        0x4 /Applications/ArmGNUToolchain/14.2.rel1/arm-none-eabi/bin/../lib/gcc/arm-none-eabi/14.2.1/../../../../arm-none-eabi/lib/thumb/v7e-m+fp/hard/libc_nano.a(libc_a-reent.o)
                0x200001cc                errno
 .bss.hspi2     0x200001d0       0x64 CMakeFiles/cmake_stm32l476.dir/Core/Src/spi.c.obj
                0x200001d0                hspi2
 .bss.huart2    0x20000234       0x88 CMakeFiles/cmake_stm32l476.dir/Core/Src/usart.c.obj
                0x20000234                huart2
 .bss.uwTick    0x200002bc        0x4 CMakeFiles/cmake_stm32l476.dir/Drivers/STM32L4xx_HAL_Driver/Src/stm32l4xx_hal.c.obj
                0x200002bc                uwTick
 .bss.__sbrk_heap_end
                0x200002c0        0x4 CMakeFiles/cmake_stm32l476.dir/Core/Src/sysmem.c.obj
 *(COMMON)
                0x200002c4                        . = ALIGN (0x4)
                0x200002c4                        _ebss = .
                0x200002c4                        __bss_end__ = _ebss

._user_heap_stack
                0x200002c4      0x604 load address 0x080053b8
                0x200002c8                        . = ALIGN (0x8)
 *fill*         0x200002c4        0x4 
                [!provide]                        PROVIDE (end = .)
                0x200002c8                        PROVIDE (_end = .)
                0x200004c8                        . = (. + _Min_Heap_Size)
 *fill*         0x200002c8      0x200 
                0x200008c8                        . = (. + _Min_Stack_Size)
 *fill*         0x200004c8      0x400 
                0x200008c8                        . = ALIGN (0x8)

/DISCARD/
 libc.a(*)
 libm.a(*)
 libgcc.a(*)
OUTPUT(cmake_stm32l476.elf elf32-littlearm)
LOAD linker stubs
LOAD /Applications/ArmGNUToolchain/14.2.rel1/arm-none-eabi/bin/../lib/gcc/arm-none-eabi/14.2.1/../../../../arm-none-eabi/lib/thumb/v7e-m+fp/hard/libc.a
LOAD /Applications/ArmGNUToolchain/14.2.rel1/arm-none-eabi/bin/../lib/gcc/arm-none-eabi/14.2.1/../../../../arm-none-eabi/lib/thumb/v7e-m+fp/hard/libm.a
LOAD /Applications/ArmGNUToolchain/14.2.rel1/arm-none-eabi/bin/../lib/gcc/arm-none-eabi/14.2.1/thumb/v7e-m+fp/hard/libgcc.a

.ARM.attributes
                0x00000000       0x30
 .ARM.attributes
                0x00000000       0x22 /Applications/ArmGNUToolchain/14.2.rel1/arm-none-eabi/bin/../lib/gcc/arm-none-eabi/14.2.1/thumb/v7e-m+fp/hard/crti.o
 .ARM.attributes
                0x00000022       0x34 /Applications/ArmGNUToolchain/14.2.rel1/arm-none-eabi/bin/../lib/gcc/arm-none-eabi/14.2.1/thumb/v7e-m+fp/hard/crtbegin.o
 .ARM.attributes
                0x00000056       0x34 /Applications/ArmGNUToolchain/14.2.rel1/arm-none-eabi/bin/../lib/gcc/arm-none-eabi/14.2.1/../../../../arm-none-eabi/lib/thumb/v7e-m+fp/hard/libc_nano.a(libc_a-findfp.o)
 .ARM.attributes
                0x0000008a       0x34 /Applications/ArmGNUToolchain/14.2.rel1/arm-none-eabi/bin/../lib/gcc/arm-none-eabi/14.2.1/../../../../arm-none-eabi/lib/thumb/v7e-m+fp/hard/libc_nano.a(libc_a-fwalk.o)
 .ARM.attributes
                0x000000be       0x34 /Applications/ArmGNUToolchain/14.2.rel1/arm-none-eabi/bin/../lib/gcc/arm-none-eabi/14.2.1/../../../../arm-none-eabi/lib/thumb/v7e-m+fp/hard/libc_nano.a(libc_a-memset.o)
 .ARM.attributes
                0x000000f2       0x34 /Applications/ArmGNUToolchain/14.2.rel1/arm-none-eabi/bin/../lib/gcc/arm-none-eabi/14.2.1/../../../../arm-none-eabi/lib/thumb/v7e-m+fp/hard/libc_nano.a(libc_a-init.o)
 .ARM.attributes
                0x00000126       0x34 /Applications/ArmGNUToolchain/14.2.rel1/arm-none-eabi/bin/../lib/gcc/arm-none-eabi/14.2.1/../../../../arm-none-eabi/lib/thumb/v7e-m+fp/hard/libc_nano.a(libc_a-lock.o)
 .ARM.attributes
                0x0000015a       0x34 /Applications/ArmGNUToolchain/14.2.rel1/arm-none-eabi/bin/../lib/gcc/arm-none-eabi/14.2.1/../../../../arm-none-eabi/lib/thumb/v7e-m+fp/hard/libc_nano.a(libc_a-impure.o)
 .ARM.attributes
                0x0000018e       0x34 /Applications/ArmGNUToolchain/14.2.rel1/arm-none-eabi/bin/../lib/gcc/arm-none-eabi/14.2.1/../../../../arm-none-eabi/lib/thumb/v7e-m+fp/hard/libc_nano.a(libc_a-mallocr.o)
 .ARM.attributes
                0x000001c2       0x34 /Applications/ArmGNUToolchain/14.2.rel1/arm-none-eabi/bin/../lib/gcc/arm-none-eabi/14.2.1/../../../../arm-none-eabi/lib/thumb/v7e-m+fp/hard/libc_nano.a(libc_a-fflush.o)
 .ARM.attributes
                0x000001f6       0x34 /Applications/ArmGNUToolchain/14.2.rel1/arm-none-eabi/bin/../lib/gcc/arm-none-eabi/14.2.1/../../../../arm-none-eabi/lib/thumb/v7e-m+fp/hard/libc_nano.a(libc_a-mlock.o)
 .ARM.attributes
                0x0000022a       0x34 /Applications/ArmGNUToolchain/14.2.rel1/arm-none-eabi/bin/../lib/gcc/arm-none-eabi/14.2.1/../../../../arm-none-eabi/lib/thumb/v7e-m+fp/hard/libc_nano.a(libc_a-stdio.o)
 .ARM.attributes
                0x0000025e       0x34 /Applications/ArmGNUToolchain/14.2.rel1/arm-none-eabi/bin/../lib/gcc/arm-none-eabi/14.2.1/../../../../arm-none-eabi/lib/thumb/v7e-m+fp/hard/libc_nano.a(libc_a-lseekr.o)
 .ARM.attributes
                0x00000292       0x34 /Applications/ArmGNUToolchain/14.2.rel1/arm-none-eabi/bin/../lib/gcc/arm-none-eabi/14.2.1/../../../../arm-none-eabi/lib/thumb/v7e-m+fp/hard/libc_nano.a(libc_a-readr.o)
 .ARM.attributes
                0x000002c6       0x34 /Applications/ArmGNUToolchain/14.2.rel1/arm-none-eabi/bin/../lib/gcc/arm-none-eabi/14.2.1/../../../../arm-none-eabi/lib/thumb/v7e-m+fp/hard/libc_nano.a(libc_a-sbrkr.o)
 .ARM.attributes
                0x000002fa       0x34 /Applications/ArmGNUToolchain/14.2.rel1/arm-none-eabi/bin/../lib/gcc/arm-none-eabi/14.2.1/../../../../arm-none-eabi/lib/thumb/v7e-m+fp/hard/libc_nano.a(libc_a-writer.o)
 .ARM.attributes
                0x0000032e       0x34 /Applications/ArmGNUToolchain/14.2.rel1/arm-none-eabi/bin/../lib/gcc/arm-none-eabi/14.2.1/../../../../arm-none-eabi/lib/thumb/v7e-m+fp/hard/libc_nano.a(libc_a-closer.o)
 .ARM.attributes
                0x00000362       0x34 /Applications/ArmGNUToolchain/14.2.rel1/arm-none-eabi/bin/../lib/gcc/arm-none-eabi/14.2.1/../../../../arm-none-eabi/lib/thumb/v7e-m+fp/hard/libc_nano.a(libc_a-reent.o)
 .ARM.attributes
                0x00000396       0x34 /Applications/ArmGNUToolchain/14.2.rel1/arm-none-eabi/bin/../lib/gcc/arm-none-eabi/14.2.1/../../../../arm-none-eabi/lib/thumb/v7e-m+fp/hard/libc_nano.a(libc_a-freer.o)
 .ARM.attributes
                0x000003ca       0x34 CMakeFiles/cmake_stm32l476.dir/Core/Src/gyro.c.obj
 .ARM.attributes
                0x000003fe       0x34 CMakeFiles/cmake_stm32l476.dir/Core/Src/main.c.obj
 .ARM.attributes
                0x00000432       0x34 CMakeFiles/cmake_stm32l476.dir/Core/Src/gpio.c.obj
 .ARM.attributes
                0x00000466       0x34 CMakeFiles/cmake_stm32l476.dir/Core/Src/spi.c.obj
 .ARM.attributes
                0x0000049a       0x34 CMakeFiles/cmake_stm32l476.dir/Core/Src/usart.c.obj
 .ARM.attributes
                0x000004ce       0x34 CMakeFiles/cmake_stm32l476.dir/Core/Src/stm32l4xx_it.c.obj
 .ARM.attributes
                0x00000502       0x34 CMakeFiles/cmake_stm32l476.dir/Core/Src/stm32l4xx_hal_msp.c.obj
 .ARM.attributes
                0x00000536       0x34 CMakeFiles/cmake_stm32l476.dir/Drivers/STM32L4xx_HAL_Driver/Src/stm32l4xx_hal_spi.c.obj
 .ARM.attributes
                0x0000056a       0x34 CMakeFiles/cmake_stm32l476.dir/Drivers/STM32L4xx_HAL_Driver/Src/stm32l4xx_hal.c.obj
 .ARM.attributes
                0x0000059e       0x34 CMakeFiles/cmake_stm32l476.dir/Drivers/STM32L4xx_HAL_Driver/Src/stm32l4xx_hal_rcc.c.obj
 .ARM.attributes
                0x000005d2       0x34 CMakeFiles/cmake_stm32l476.dir/Drivers/STM32L4xx_HAL_Driver/Src/stm32l4xx_hal_rcc_ex.c.obj
 .ARM.attributes
                0x00000606       0x34 CMakeFiles/cmake_stm32l476.dir/Drivers/STM32L4xx_HAL_Driver/Src/stm32l4xx_hal_gpio.c.obj
 .ARM.attributes
                0x0000063a       0x34 CMakeFiles/cmake_stm32l476.dir/Drivers/STM32L4xx_HAL_Driver/Src/stm32l4xx_hal_pwr_ex.c.obj
 .ARM.attributes
                0x0000066e       0x34 CMakeFiles/cmake_stm32l476.dir/Drivers/STM32L4xx_HAL_Driver/Src/stm32l4xx_hal_cortex.c.obj
 .ARM.attributes
                0x000006a2       0x34 CMakeFiles/cmake_stm32l476.dir/Drivers/STM32L4xx_HAL_Driver/Src/stm32l4xx_hal_uart.c.obj
 .ARM.attributes
                0x000006d6       0x34 CMakeFiles/cmake_stm32l476.dir/Core/Src/system_stm32l4xx.c.obj
 .ARM.attributes
                0x0000070a       0x34 CMakeFiles/cmake_stm32l476.dir/Core/Src/sysmem.c.obj
 .ARM.attributes
                0x0000073e       0x34 CMakeFiles/cmake_stm32l476.dir/Core/Src/syscalls.c.obj
 .ARM.attributes
                0x00000772       0x21 CMakeFiles/cmake_stm32l476.dir/startup_stm32l476xx.s.obj
 .ARM.attributes
                0x00000793       0x22 /Applications/ArmGNUToolchain/14.2.rel1/arm-none-eabi/bin/../lib/gcc/arm-none-eabi/14.2.1/thumb/v7e-m+fp/hard/libgcc.a(_aeabi_uldivmod.o)
 .ARM.attributes
                0x000007b5       0x34 /Applications/ArmGNUToolchain/14.2.rel1/arm-none-eabi/bin/../lib/gcc/arm-none-eabi/14.2.1/thumb/v7e-m+fp/hard/libgcc.a(_udivmoddi4.o)
 .ARM.attributes
                0x000007e9       0x22 /Applications/ArmGNUToolchain/14.2.rel1/arm-none-eabi/bin/../lib/gcc/arm-none-eabi/14.2.1/thumb/v7e-m+fp/hard/libgcc.a(_dvmd_tls.o)
 .ARM.attributes
                0x0000080b       0x34 /Applications/ArmGNUToolchain/14.2.rel1/arm-none-eabi/bin/../lib/gcc/arm-none-eabi/14.2.1/../../../../arm-none-eabi/lib/thumb/v7e-m+fp/hard/libg_nano.a(libc_a-printf.o)
 .ARM.attributes
                0x0000083f       0x34 /Applications/ArmGNUToolchain/14.2.rel1/arm-none-eabi/bin/../lib/gcc/arm-none-eabi/14.2.1/../../../../arm-none-eabi/lib/thumb/v7e-m+fp/hard/libg_nano.a(libc_a-errno.o)
 .ARM.attributes
                0x00000873       0x34 /Applications/ArmGNUToolchain/14.2.rel1/arm-none-eabi/bin/../lib/gcc/arm-none-eabi/14.2.1/../../../../arm-none-eabi/lib/thumb/v7e-m+fp/hard/libg_nano.a(libc_a-nano-vfprintf.o)
 .ARM.attributes
                0x000008a7       0x34 /Applications/ArmGNUToolchain/14.2.rel1/arm-none-eabi/bin/../lib/gcc/arm-none-eabi/14.2.1/../../../../arm-none-eabi/lib/thumb/v7e-m+fp/hard/libg_nano.a(libc_a-nano-vfprintf_i.o)
 .ARM.attributes
                0x000008db       0x34 /Applications/ArmGNUToolchain/14.2.rel1/arm-none-eabi/bin/../lib/gcc/arm-none-eabi/14.2.1/../../../../arm-none-eabi/lib/thumb/v7e-m+fp/hard/libg_nano.a(libc_a-wbuf.o)
 .ARM.attributes
                0x0000090f       0x34 /Applications/ArmGNUToolchain/14.2.rel1/arm-none-eabi/bin/../lib/gcc/arm-none-eabi/14.2.1/../../../../arm-none-eabi/lib/thumb/v7e-m+fp/hard/libg_nano.a(libc_a-wsetup.o)
 .ARM.attributes
                0x00000943       0x34 /Applications/ArmGNUToolchain/14.2.rel1/arm-none-eabi/bin/../lib/gcc/arm-none-eabi/14.2.1/../../../../arm-none-eabi/lib/thumb/v7e-m+fp/hard/libg_nano.a(libc_a-makebuf.o)
 .ARM.attributes
                0x00000977       0x34 /Applications/ArmGNUToolchain/14.2.rel1/arm-none-eabi/bin/../lib/gcc/arm-none-eabi/14.2.1/../../../../arm-none-eabi/lib/thumb/v7e-m+fp/hard/libg_nano.a(libc_a-isattyr.o)
 .ARM.attributes
                0x000009ab       0x34 /Applications/ArmGNUToolchain/14.2.rel1/arm-none-eabi/bin/../lib/gcc/arm-none-eabi/14.2.1/../../../../arm-none-eabi/lib/thumb/v7e-m+fp/hard/libg_nano.a(libc_a-fstatr.o)
 .ARM.attributes
                0x000009df       0x1c /Applications/ArmGNUToolchain/14.2.rel1/arm-none-eabi/bin/../lib/gcc/arm-none-eabi/14.2.1/../../../../arm-none-eabi/lib/thumb/v7e-m+fp/hard/libg_nano.a(libc_a-memchr.o)
 .ARM.attributes
                0x000009fb       0x34 /Applications/ArmGNUToolchain/14.2.rel1/arm-none-eabi/bin/../lib/gcc/arm-none-eabi/14.2.1/thumb/v7e-m+fp/hard/crtend.o
 .ARM.attributes
                0x00000a2f       0x22 /Applications/ArmGNUToolchain/14.2.rel1/arm-none-eabi/bin/../lib/gcc/arm-none-eabi/14.2.1/thumb/v7e-m+fp/hard/crtn.o

.comment        0x00000000       0x45
 .comment       0x00000000       0x45 CMakeFiles/cmake_stm32l476.dir/Core/Src/gyro.c.obj
                                 0x46 (size before relaxing)
 .comment       0x00000045       0x46 CMakeFiles/cmake_stm32l476.dir/Core/Src/main.c.obj
 .comment       0x00000045       0x46 CMakeFiles/cmake_stm32l476.dir/Core/Src/gpio.c.obj
 .comment       0x00000045       0x46 CMakeFiles/cmake_stm32l476.dir/Core/Src/spi.c.obj
 .comment       0x00000045       0x46 CMakeFiles/cmake_stm32l476.dir/Core/Src/usart.c.obj
 .comment       0x00000045       0x46 CMakeFiles/cmake_stm32l476.dir/Core/Src/stm32l4xx_it.c.obj
 .comment       0x00000045       0x46 CMakeFiles/cmake_stm32l476.dir/Core/Src/stm32l4xx_hal_msp.c.obj
 .comment       0x00000045       0x46 CMakeFiles/cmake_stm32l476.dir/Drivers/STM32L4xx_HAL_Driver/Src/stm32l4xx_hal_spi.c.obj
 .comment       0x00000045       0x46 CMakeFiles/cmake_stm32l476.dir/Drivers/STM32L4xx_HAL_Driver/Src/stm32l4xx_hal.c.obj
 .comment       0x00000045       0x46 CMakeFiles/cmake_stm32l476.dir/Drivers/STM32L4xx_HAL_Driver/Src/stm32l4xx_hal_rcc.c.obj
 .comment       0x00000045       0x46 CMakeFiles/cmake_stm32l476.dir/Drivers/STM32L4xx_HAL_Driver/Src/stm32l4xx_hal_rcc_ex.c.obj
 .comment       0x00000045       0x46 CMakeFiles/cmake_stm32l476.dir/Drivers/STM32L4xx_HAL_Driver/Src/stm32l4xx_hal_gpio.c.obj
 .comment       0x00000045       0x46 CMakeFiles/cmake_stm32l476.dir/Drivers/STM32L4xx_HAL_Driver/Src/stm32l4xx_hal_pwr_ex.c.obj
 .comment       0x00000045       0x46 CMakeFiles/cmake_stm32l476.dir/Drivers/STM32L4xx_HAL_Driver/Src/stm32l4xx_hal_cortex.c.obj
 .comment       0x00000045       0x46 CMakeFiles/cmake_stm32l476.dir/Drivers/STM32L4xx_HAL_Driver/Src/stm32l4xx_hal_uart.c.obj
 .comment       0x00000045       0x46 CMakeFiles/cmake_stm32l476.dir/Core/Src/system_stm32l4xx.c.obj
 .comment       0x00000045       0x46 CMakeFiles/cmake_stm32l476.dir/Core/Src/sysmem.c.obj
 .comment       0x00000045       0x46 CMakeFiles/cmake_stm32l476.dir/Core/Src/syscalls.c.obj

.debug_frame    0x00000000     0x36f8
 .debug_frame   0x00000000      0x144 /Applications/ArmGNUToolchain/14.2.rel1/arm-none-eabi/bin/../lib/gcc/arm-none-eabi/14.2.1/../../../../arm-none-eabi/lib/thumb/v7e-m+fp/hard/libc_nano.a(libc_a-findfp.o)
 .debug_frame   0x00000144       0x34 /Applications/ArmGNUToolchain/14.2.rel1/arm-none-eabi/bin/../lib/gcc/arm-none-eabi/14.2.1/../../../../arm-none-eabi/lib/thumb/v7e-m+fp/hard/libc_nano.a(libc_a-fwalk.o)
 .debug_frame   0x00000178       0x20 /Applications/ArmGNUToolchain/14.2.rel1/arm-none-eabi/bin/../lib/gcc/arm-none-eabi/14.2.1/../../../../arm-none-eabi/lib/thumb/v7e-m+fp/hard/libc_nano.a(libc_a-memset.o)
 .debug_frame   0x00000198       0x2c /Applications/ArmGNUToolchain/14.2.rel1/arm-none-eabi/bin/../lib/gcc/arm-none-eabi/14.2.1/../../../../arm-none-eabi/lib/thumb/v7e-m+fp/hard/libc_nano.a(libc_a-init.o)
 .debug_frame   0x000001c4       0xb0 /Applications/ArmGNUToolchain/14.2.rel1/arm-none-eabi/bin/../lib/gcc/arm-none-eabi/14.2.1/../../../../arm-none-eabi/lib/thumb/v7e-m+fp/hard/libc_nano.a(libc_a-lock.o)
 .debug_frame   0x00000274       0x50 /Applications/ArmGNUToolchain/14.2.rel1/arm-none-eabi/bin/../lib/gcc/arm-none-eabi/14.2.1/../../../../arm-none-eabi/lib/thumb/v7e-m+fp/hard/libc_nano.a(libc_a-mallocr.o)
 .debug_frame   0x000002c4       0x5c /Applications/ArmGNUToolchain/14.2.rel1/arm-none-eabi/bin/../lib/gcc/arm-none-eabi/14.2.1/../../../../arm-none-eabi/lib/thumb/v7e-m+fp/hard/libc_nano.a(libc_a-fflush.o)
 .debug_frame   0x00000320       0x30 /Applications/ArmGNUToolchain/14.2.rel1/arm-none-eabi/bin/../lib/gcc/arm-none-eabi/14.2.1/../../../../arm-none-eabi/lib/thumb/v7e-m+fp/hard/libc_nano.a(libc_a-mlock.o)
 .debug_frame   0x00000350       0x88 /Applications/ArmGNUToolchain/14.2.rel1/arm-none-eabi/bin/../lib/gcc/arm-none-eabi/14.2.1/../../../../arm-none-eabi/lib/thumb/v7e-m+fp/hard/libc_nano.a(libc_a-stdio.o)
 .debug_frame   0x000003d8       0x2c /Applications/ArmGNUToolchain/14.2.rel1/arm-none-eabi/bin/../lib/gcc/arm-none-eabi/14.2.1/../../../../arm-none-eabi/lib/thumb/v7e-m+fp/hard/libc_nano.a(libc_a-lseekr.o)
 .debug_frame   0x00000404       0x2c /Applications/ArmGNUToolchain/14.2.rel1/arm-none-eabi/bin/../lib/gcc/arm-none-eabi/14.2.1/../../../../arm-none-eabi/lib/thumb/v7e-m+fp/hard/libc_nano.a(libc_a-readr.o)
 .debug_frame   0x00000430       0x2c /Applications/ArmGNUToolchain/14.2.rel1/arm-none-eabi/bin/../lib/gcc/arm-none-eabi/14.2.1/../../../../arm-none-eabi/lib/thumb/v7e-m+fp/hard/libc_nano.a(libc_a-sbrkr.o)
 .debug_frame   0x0000045c       0x2c /Applications/ArmGNUToolchain/14.2.rel1/arm-none-eabi/bin/../lib/gcc/arm-none-eabi/14.2.1/../../../../arm-none-eabi/lib/thumb/v7e-m+fp/hard/libc_nano.a(libc_a-writer.o)
 .debug_frame   0x00000488       0x2c /Applications/ArmGNUToolchain/14.2.rel1/arm-none-eabi/bin/../lib/gcc/arm-none-eabi/14.2.1/../../../../arm-none-eabi/lib/thumb/v7e-m+fp/hard/libc_nano.a(libc_a-closer.o)
 .debug_frame   0x000004b4       0x38 /Applications/ArmGNUToolchain/14.2.rel1/arm-none-eabi/bin/../lib/gcc/arm-none-eabi/14.2.1/../../../../arm-none-eabi/lib/thumb/v7e-m+fp/hard/libc_nano.a(libc_a-reent.o)
 .debug_frame   0x000004ec       0x38 /Applications/ArmGNUToolchain/14.2.rel1/arm-none-eabi/bin/../lib/gcc/arm-none-eabi/14.2.1/../../../../arm-none-eabi/lib/thumb/v7e-m+fp/hard/libc_nano.a(libc_a-freer.o)
 .debug_frame   0x00000524       0x74 CMakeFiles/cmake_stm32l476.dir/Core/Src/gyro.c.obj
 .debug_frame   0x00000598       0x90 CMakeFiles/cmake_stm32l476.dir/Core/Src/main.c.obj
 .debug_frame   0x00000628       0x34 CMakeFiles/cmake_stm32l476.dir/Core/Src/gpio.c.obj
 .debug_frame   0x0000065c       0x74 CMakeFiles/cmake_stm32l476.dir/Core/Src/spi.c.obj
 .debug_frame   0x000006d0       0x9c CMakeFiles/cmake_stm32l476.dir/Core/Src/usart.c.obj
 .debug_frame   0x0000076c      0x104 CMakeFiles/cmake_stm32l476.dir/Core/Src/stm32l4xx_it.c.obj
 .debug_frame   0x00000870       0x38 CMakeFiles/cmake_stm32l476.dir/Core/Src/stm32l4xx_hal_msp.c.obj
 .debug_frame   0x000008a8      0x860 CMakeFiles/cmake_stm32l476.dir/Drivers/STM32L4xx_HAL_Driver/Src/stm32l4xx_hal_spi.c.obj
 .debug_frame   0x00001108      0x498 CMakeFiles/cmake_stm32l476.dir/Drivers/STM32L4xx_HAL_Driver/Src/stm32l4xx_hal.c.obj
 .debug_frame   0x000015a0      0x21c CMakeFiles/cmake_stm32l476.dir/Drivers/STM32L4xx_HAL_Driver/Src/stm32l4xx_hal_rcc.c.obj
 .debug_frame   0x000017bc      0x2fc CMakeFiles/cmake_stm32l476.dir/Drivers/STM32L4xx_HAL_Driver/Src/stm32l4xx_hal_rcc_ex.c.obj
 .debug_frame   0x00001ab8      0x14c CMakeFiles/cmake_stm32l476.dir/Drivers/STM32L4xx_HAL_Driver/Src/stm32l4xx_hal_gpio.c.obj
 .debug_frame   0x00001c04      0x584 CMakeFiles/cmake_stm32l476.dir/Drivers/STM32L4xx_HAL_Driver/Src/stm32l4xx_hal_pwr_ex.c.obj
 .debug_frame   0x00002188      0x4e8 CMakeFiles/cmake_stm32l476.dir/Drivers/STM32L4xx_HAL_Driver/Src/stm32l4xx_hal_cortex.c.obj
 .debug_frame   0x00002670      0x9f4 CMakeFiles/cmake_stm32l476.dir/Drivers/STM32L4xx_HAL_Driver/Src/stm32l4xx_hal_uart.c.obj
 .debug_frame   0x00003064       0x58 CMakeFiles/cmake_stm32l476.dir/Core/Src/system_stm32l4xx.c.obj
 .debug_frame   0x000030bc       0x34 CMakeFiles/cmake_stm32l476.dir/Core/Src/sysmem.c.obj
 .debug_frame   0x000030f0      0x2ac CMakeFiles/cmake_stm32l476.dir/Core/Src/syscalls.c.obj
 .debug_frame   0x0000339c       0x2c /Applications/ArmGNUToolchain/14.2.rel1/arm-none-eabi/bin/../lib/gcc/arm-none-eabi/14.2.1/thumb/v7e-m+fp/hard/libgcc.a(_aeabi_uldivmod.o)
 .debug_frame   0x000033c8       0x34 /Applications/ArmGNUToolchain/14.2.rel1/arm-none-eabi/bin/../lib/gcc/arm-none-eabi/14.2.1/thumb/v7e-m+fp/hard/libgcc.a(_udivmoddi4.o)
 .debug_frame   0x000033fc       0x6c /Applications/ArmGNUToolchain/14.2.rel1/arm-none-eabi/bin/../lib/gcc/arm-none-eabi/14.2.1/../../../../arm-none-eabi/lib/thumb/v7e-m+fp/hard/libg_nano.a(libc_a-printf.o)
 .debug_frame   0x00003468       0x20 /Applications/ArmGNUToolchain/14.2.rel1/arm-none-eabi/bin/../lib/gcc/arm-none-eabi/14.2.1/../../../../arm-none-eabi/lib/thumb/v7e-m+fp/hard/libg_nano.a(libc_a-errno.o)
 .debug_frame   0x00003488       0xa8 /Applications/ArmGNUToolchain/14.2.rel1/arm-none-eabi/bin/../lib/gcc/arm-none-eabi/14.2.1/../../../../arm-none-eabi/lib/thumb/v7e-m+fp/hard/libg_nano.a(libc_a-nano-vfprintf.o)
 .debug_frame   0x00003530       0x60 /Applications/ArmGNUToolchain/14.2.rel1/arm-none-eabi/bin/../lib/gcc/arm-none-eabi/14.2.1/../../../../arm-none-eabi/lib/thumb/v7e-m+fp/hard/libg_nano.a(libc_a-nano-vfprintf_i.o)
 .debug_frame   0x00003590       0x40 /Applications/ArmGNUToolchain/14.2.rel1/arm-none-eabi/bin/../lib/gcc/arm-none-eabi/14.2.1/../../../../arm-none-eabi/lib/thumb/v7e-m+fp/hard/libg_nano.a(libc_a-wbuf.o)
 .debug_frame   0x000035d0       0x2c /Applications/ArmGNUToolchain/14.2.rel1/arm-none-eabi/bin/../lib/gcc/arm-none-eabi/14.2.1/../../../../arm-none-eabi/lib/thumb/v7e-m+fp/hard/libg_nano.a(libc_a-wsetup.o)
 .debug_frame   0x000035fc       0x58 /Applications/ArmGNUToolchain/14.2.rel1/arm-none-eabi/bin/../lib/gcc/arm-none-eabi/14.2.1/../../../../arm-none-eabi/lib/thumb/v7e-m+fp/hard/libg_nano.a(libc_a-makebuf.o)
 .debug_frame   0x00003654       0x2c /Applications/ArmGNUToolchain/14.2.rel1/arm-none-eabi/bin/../lib/gcc/arm-none-eabi/14.2.1/../../../../arm-none-eabi/lib/thumb/v7e-m+fp/hard/libg_nano.a(libc_a-isattyr.o)
 .debug_frame   0x00003680       0x2c /Applications/ArmGNUToolchain/14.2.rel1/arm-none-eabi/bin/../lib/gcc/arm-none-eabi/14.2.1/../../../../arm-none-eabi/lib/thumb/v7e-m+fp/hard/libg_nano.a(libc_a-fstatr.o)
 .debug_frame   0x000036ac       0x4c /Applications/ArmGNUToolchain/14.2.rel1/arm-none-eabi/bin/../lib/gcc/arm-none-eabi/14.2.1/../../../../arm-none-eabi/lib/thumb/v7e-m+fp/hard/libg_nano.a(libc_a-memchr.o)

.debug_info     0x00000000     0xd50a
 .debug_info    0x00000000      0x7ae CMakeFiles/cmake_stm32l476.dir/Core/Src/gyro.c.obj
 .debug_info    0x000007ae      0xae4 CMakeFiles/cmake_stm32l476.dir/Core/Src/main.c.obj
 .debug_info    0x00001292      0x457 CMakeFiles/cmake_stm32l476.dir/Core/Src/gpio.c.obj
 .debug_info    0x000016e9      0x985 CMakeFiles/cmake_stm32l476.dir/Core/Src/spi.c.obj
 .debug_info    0x0000206e      0xd8e CMakeFiles/cmake_stm32l476.dir/Core/Src/usart.c.obj
 .debug_info    0x00002dfc      0x113 CMakeFiles/cmake_stm32l476.dir/Core/Src/stm32l4xx_it.c.obj
 .debug_info    0x00002f0f      0x2b9 CMakeFiles/cmake_stm32l476.dir/Core/Src/stm32l4xx_hal_msp.c.obj
 .debug_info    0x000031c8     0x1549 CMakeFiles/cmake_stm32l476.dir/Drivers/STM32L4xx_HAL_Driver/Src/stm32l4xx_hal_spi.c.obj
 .debug_info    0x00004711      0xc09 CMakeFiles/cmake_stm32l476.dir/Drivers/STM32L4xx_HAL_Driver/Src/stm32l4xx_hal.c.obj
 .debug_info    0x0000531a      0xc14 CMakeFiles/cmake_stm32l476.dir/Drivers/STM32L4xx_HAL_Driver/Src/stm32l4xx_hal_rcc.c.obj
 .debug_info    0x00005f2e      0xe11 CMakeFiles/cmake_stm32l476.dir/Drivers/STM32L4xx_HAL_Driver/Src/stm32l4xx_hal_rcc_ex.c.obj
 .debug_info    0x00006d3f      0x757 CMakeFiles/cmake_stm32l476.dir/Drivers/STM32L4xx_HAL_Driver/Src/stm32l4xx_hal_gpio.c.obj
 .debug_info    0x00007496      0x99e CMakeFiles/cmake_stm32l476.dir/Drivers/STM32L4xx_HAL_Driver/Src/stm32l4xx_hal_pwr_ex.c.obj
 .debug_info    0x00007e34      0xd81 CMakeFiles/cmake_stm32l476.dir/Drivers/STM32L4xx_HAL_Driver/Src/stm32l4xx_hal_cortex.c.obj
 .debug_info    0x00008bb5     0x3b69 CMakeFiles/cmake_stm32l476.dir/Drivers/STM32L4xx_HAL_Driver/Src/stm32l4xx_hal_uart.c.obj
 .debug_info    0x0000c71e      0x5b1 CMakeFiles/cmake_stm32l476.dir/Core/Src/system_stm32l4xx.c.obj
 .debug_info    0x0000cccf      0x168 CMakeFiles/cmake_stm32l476.dir/Core/Src/sysmem.c.obj
 .debug_info    0x0000ce37      0x6a3 CMakeFiles/cmake_stm32l476.dir/Core/Src/syscalls.c.obj
 .debug_info    0x0000d4da       0x30 CMakeFiles/cmake_stm32l476.dir/startup_stm32l476xx.s.obj

.debug_abbrev   0x00000000     0x2278
 .debug_abbrev  0x00000000      0x209 CMakeFiles/cmake_stm32l476.dir/Core/Src/gyro.c.obj
 .debug_abbrev  0x00000209      0x255 CMakeFiles/cmake_stm32l476.dir/Core/Src/main.c.obj
 .debug_abbrev  0x0000045e      0x152 CMakeFiles/cmake_stm32l476.dir/Core/Src/gpio.c.obj
 .debug_abbrev  0x000005b0      0x1fa CMakeFiles/cmake_stm32l476.dir/Core/Src/spi.c.obj
 .debug_abbrev  0x000007aa      0x222 CMakeFiles/cmake_stm32l476.dir/Core/Src/usart.c.obj
 .debug_abbrev  0x000009cc       0x73 CMakeFiles/cmake_stm32l476.dir/Core/Src/stm32l4xx_it.c.obj
 .debug_abbrev  0x00000a3f       0xc6 CMakeFiles/cmake_stm32l476.dir/Core/Src/stm32l4xx_hal_msp.c.obj
 .debug_abbrev  0x00000b05      0x260 CMakeFiles/cmake_stm32l476.dir/Drivers/STM32L4xx_HAL_Driver/Src/stm32l4xx_hal_spi.c.obj
 .debug_abbrev  0x00000d65      0x243 CMakeFiles/cmake_stm32l476.dir/Drivers/STM32L4xx_HAL_Driver/Src/stm32l4xx_hal.c.obj
 .debug_abbrev  0x00000fa8      0x2cb CMakeFiles/cmake_stm32l476.dir/Drivers/STM32L4xx_HAL_Driver/Src/stm32l4xx_hal_rcc.c.obj
 .debug_abbrev  0x00001273      0x2a6 CMakeFiles/cmake_stm32l476.dir/Drivers/STM32L4xx_HAL_Driver/Src/stm32l4xx_hal_rcc_ex.c.obj
 .debug_abbrev  0x00001519      0x1cb CMakeFiles/cmake_stm32l476.dir/Drivers/STM32L4xx_HAL_Driver/Src/stm32l4xx_hal_gpio.c.obj
 .debug_abbrev  0x000016e4      0x1f9 CMakeFiles/cmake_stm32l476.dir/Drivers/STM32L4xx_HAL_Driver/Src/stm32l4xx_hal_pwr_ex.c.obj
 .debug_abbrev  0x000018dd      0x31c CMakeFiles/cmake_stm32l476.dir/Drivers/STM32L4xx_HAL_Driver/Src/stm32l4xx_hal_cortex.c.obj
 .debug_abbrev  0x00001bf9      0x2d0 CMakeFiles/cmake_stm32l476.dir/Drivers/STM32L4xx_HAL_Driver/Src/stm32l4xx_hal_uart.c.obj
 .debug_abbrev  0x00001ec9      0x11a CMakeFiles/cmake_stm32l476.dir/Core/Src/system_stm32l4xx.c.obj
 .debug_abbrev  0x00001fe3       0xbc CMakeFiles/cmake_stm32l476.dir/Core/Src/sysmem.c.obj
 .debug_abbrev  0x0000209f      0x1b5 CMakeFiles/cmake_stm32l476.dir/Core/Src/syscalls.c.obj
 .debug_abbrev  0x00002254       0x24 CMakeFiles/cmake_stm32l476.dir/startup_stm32l476xx.s.obj

.debug_aranges  0x00000000      0xbe8
 .debug_aranges
                0x00000000       0x30 CMakeFiles/cmake_stm32l476.dir/Core/Src/gyro.c.obj
 .debug_aranges
                0x00000030       0x38 CMakeFiles/cmake_stm32l476.dir/Core/Src/main.c.obj
 .debug_aranges
                0x00000068       0x20 CMakeFiles/cmake_stm32l476.dir/Core/Src/gpio.c.obj
 .debug_aranges
                0x00000088       0x30 CMakeFiles/cmake_stm32l476.dir/Core/Src/spi.c.obj
 .debug_aranges
                0x000000b8       0x38 CMakeFiles/cmake_stm32l476.dir/Core/Src/usart.c.obj
 .debug_aranges
                0x000000f0       0x60 CMakeFiles/cmake_stm32l476.dir/Core/Src/stm32l4xx_it.c.obj
 .debug_aranges
                0x00000150       0x20 CMakeFiles/cmake_stm32l476.dir/Core/Src/stm32l4xx_hal_msp.c.obj
 .debug_aranges
                0x00000170      0x1d8 CMakeFiles/cmake_stm32l476.dir/Drivers/STM32L4xx_HAL_Driver/Src/stm32l4xx_hal_spi.c.obj
 .debug_aranges
                0x00000348      0x130 CMakeFiles/cmake_stm32l476.dir/Drivers/STM32L4xx_HAL_Driver/Src/stm32l4xx_hal.c.obj
 .debug_aranges
                0x00000478       0x90 CMakeFiles/cmake_stm32l476.dir/Drivers/STM32L4xx_HAL_Driver/Src/stm32l4xx_hal_rcc.c.obj
 .debug_aranges
                0x00000508       0xc0 CMakeFiles/cmake_stm32l476.dir/Drivers/STM32L4xx_HAL_Driver/Src/stm32l4xx_hal_rcc_ex.c.obj
 .debug_aranges
                0x000005c8       0x58 CMakeFiles/cmake_stm32l476.dir/Drivers/STM32L4xx_HAL_Driver/Src/stm32l4xx_hal_gpio.c.obj
 .debug_aranges
                0x00000620      0x160 CMakeFiles/cmake_stm32l476.dir/Drivers/STM32L4xx_HAL_Driver/Src/stm32l4xx_hal_pwr_ex.c.obj
 .debug_aranges
                0x00000780      0x128 CMakeFiles/cmake_stm32l476.dir/Drivers/STM32L4xx_HAL_Driver/Src/stm32l4xx_hal_cortex.c.obj
 .debug_aranges
                0x000008a8      0x228 CMakeFiles/cmake_stm32l476.dir/Drivers/STM32L4xx_HAL_Driver/Src/stm32l4xx_hal_uart.c.obj
 .debug_aranges
                0x00000ad0       0x28 CMakeFiles/cmake_stm32l476.dir/Core/Src/system_stm32l4xx.c.obj
 .debug_aranges
                0x00000af8       0x20 CMakeFiles/cmake_stm32l476.dir/Core/Src/sysmem.c.obj
 .debug_aranges
                0x00000b18       0xa8 CMakeFiles/cmake_stm32l476.dir/Core/Src/syscalls.c.obj
 .debug_aranges
                0x00000bc0       0x28 CMakeFiles/cmake_stm32l476.dir/startup_stm32l476xx.s.obj

.debug_rnglists
                0x00000000      0x90a
 .debug_rnglists
                0x00000000       0x1f CMakeFiles/cmake_stm32l476.dir/Core/Src/gyro.c.obj
 .debug_rnglists
                0x0000001f       0x26 CMakeFiles/cmake_stm32l476.dir/Core/Src/main.c.obj
 .debug_rnglists
                0x00000045       0x14 CMakeFiles/cmake_stm32l476.dir/Core/Src/gpio.c.obj
 .debug_rnglists
                0x00000059       0x20 CMakeFiles/cmake_stm32l476.dir/Core/Src/spi.c.obj
 .debug_rnglists
                0x00000079       0x26 CMakeFiles/cmake_stm32l476.dir/Core/Src/usart.c.obj
 .debug_rnglists
                0x0000009f       0x43 CMakeFiles/cmake_stm32l476.dir/Core/Src/stm32l4xx_it.c.obj
 .debug_rnglists
                0x000000e2       0x13 CMakeFiles/cmake_stm32l476.dir/Core/Src/stm32l4xx_hal_msp.c.obj
 .debug_rnglists
                0x000000f5      0x178 CMakeFiles/cmake_stm32l476.dir/Drivers/STM32L4xx_HAL_Driver/Src/stm32l4xx_hal_spi.c.obj
 .debug_rnglists
                0x0000026d       0xdf CMakeFiles/cmake_stm32l476.dir/Drivers/STM32L4xx_HAL_Driver/Src/stm32l4xx_hal.c.obj
 .debug_rnglists
                0x0000034c       0x6d CMakeFiles/cmake_stm32l476.dir/Drivers/STM32L4xx_HAL_Driver/Src/stm32l4xx_hal_rcc.c.obj
 .debug_rnglists
                0x000003b9       0x95 CMakeFiles/cmake_stm32l476.dir/Drivers/STM32L4xx_HAL_Driver/Src/stm32l4xx_hal_rcc_ex.c.obj
 .debug_rnglists
                0x0000044e       0x3f CMakeFiles/cmake_stm32l476.dir/Drivers/STM32L4xx_HAL_Driver/Src/stm32l4xx_hal_gpio.c.obj
 .debug_rnglists
                0x0000048d      0x109 CMakeFiles/cmake_stm32l476.dir/Drivers/STM32L4xx_HAL_Driver/Src/stm32l4xx_hal_pwr_ex.c.obj
 .debug_rnglists
                0x00000596       0xda CMakeFiles/cmake_stm32l476.dir/Drivers/STM32L4xx_HAL_Driver/Src/stm32l4xx_hal_cortex.c.obj
 .debug_rnglists
                0x00000670      0x1db CMakeFiles/cmake_stm32l476.dir/Drivers/STM32L4xx_HAL_Driver/Src/stm32l4xx_hal_uart.c.obj
 .debug_rnglists
                0x0000084b       0x1a CMakeFiles/cmake_stm32l476.dir/Core/Src/system_stm32l4xx.c.obj
 .debug_rnglists
                0x00000865       0x13 CMakeFiles/cmake_stm32l476.dir/Core/Src/sysmem.c.obj
 .debug_rnglists
                0x00000878       0x79 CMakeFiles/cmake_stm32l476.dir/Core/Src/syscalls.c.obj
 .debug_rnglists
                0x000008f1       0x19 CMakeFiles/cmake_stm32l476.dir/startup_stm32l476xx.s.obj

.debug_macro    0x00000000    0x271f4
 .debug_macro   0x00000000      0x1eb CMakeFiles/cmake_stm32l476.dir/Core/Src/gyro.c.obj
 .debug_macro   0x000001eb      0xaea CMakeFiles/cmake_stm32l476.dir/Core/Src/gyro.c.obj
 .debug_macro   0x00000cd5      0x1a7 CMakeFiles/cmake_stm32l476.dir/Core/Src/gyro.c.obj
 .debug_macro   0x00000e7c       0x2e CMakeFiles/cmake_stm32l476.dir/Core/Src/gyro.c.obj
 .debug_macro   0x00000eaa       0x28 CMakeFiles/cmake_stm32l476.dir/Core/Src/gyro.c.obj
 .debug_macro   0x00000ed2       0x22 CMakeFiles/cmake_stm32l476.dir/Core/Src/gyro.c.obj
 .debug_macro   0x00000ef4       0x56 CMakeFiles/cmake_stm32l476.dir/Core/Src/gyro.c.obj
 .debug_macro   0x00000f4a       0x51 CMakeFiles/cmake_stm32l476.dir/Core/Src/gyro.c.obj
 .debug_macro   0x00000f9b      0x103 CMakeFiles/cmake_stm32l476.dir/Core/Src/gyro.c.obj
 .debug_macro   0x0000109e       0x6a CMakeFiles/cmake_stm32l476.dir/Core/Src/gyro.c.obj
 .debug_macro   0x00001108      0x1df CMakeFiles/cmake_stm32l476.dir/Core/Src/gyro.c.obj
 .debug_macro   0x000012e7       0x1c CMakeFiles/cmake_stm32l476.dir/Core/Src/gyro.c.obj
 .debug_macro   0x00001303       0x22 CMakeFiles/cmake_stm32l476.dir/Core/Src/gyro.c.obj
 .debug_macro   0x00001325       0xfb CMakeFiles/cmake_stm32l476.dir/Core/Src/gyro.c.obj
 .debug_macro   0x00001420     0x1011 CMakeFiles/cmake_stm32l476.dir/Core/Src/gyro.c.obj
 .debug_macro   0x00002431      0x11f CMakeFiles/cmake_stm32l476.dir/Core/Src/gyro.c.obj
 .debug_macro   0x00002550    0x1a17a CMakeFiles/cmake_stm32l476.dir/Core/Src/gyro.c.obj
 .debug_macro   0x0001c6ca       0x6d CMakeFiles/cmake_stm32l476.dir/Core/Src/gyro.c.obj
 .debug_macro   0x0001c737     0x38fb CMakeFiles/cmake_stm32l476.dir/Core/Src/gyro.c.obj
 .debug_macro   0x00020032      0x1a5 CMakeFiles/cmake_stm32l476.dir/Core/Src/gyro.c.obj
 .debug_macro   0x000201d7       0x5c CMakeFiles/cmake_stm32l476.dir/Core/Src/gyro.c.obj
 .debug_macro   0x00020233     0x159e CMakeFiles/cmake_stm32l476.dir/Core/Src/gyro.c.obj
 .debug_macro   0x000217d1      0x5a5 CMakeFiles/cmake_stm32l476.dir/Core/Src/gyro.c.obj
 .debug_macro   0x00021d76      0x1b9 CMakeFiles/cmake_stm32l476.dir/Core/Src/gyro.c.obj
 .debug_macro   0x00021f2f      0x18b CMakeFiles/cmake_stm32l476.dir/Core/Src/gyro.c.obj
 .debug_macro   0x000220ba      0x26b CMakeFiles/cmake_stm32l476.dir/Core/Src/gyro.c.obj
 .debug_macro   0x00022325      0x23d CMakeFiles/cmake_stm32l476.dir/Core/Src/gyro.c.obj
 .debug_macro   0x00022562      0x241 CMakeFiles/cmake_stm32l476.dir/Core/Src/gyro.c.obj
 .debug_macro   0x000227a3      0x37c CMakeFiles/cmake_stm32l476.dir/Core/Src/gyro.c.obj
 .debug_macro   0x00022b1f       0xd6 CMakeFiles/cmake_stm32l476.dir/Core/Src/gyro.c.obj
 .debug_macro   0x00022bf5      0x122 CMakeFiles/cmake_stm32l476.dir/Core/Src/gyro.c.obj
 .debug_macro   0x00022d17      0x3ef CMakeFiles/cmake_stm32l476.dir/Core/Src/gyro.c.obj
 .debug_macro   0x00023106      0x2fe CMakeFiles/cmake_stm32l476.dir/Core/Src/gyro.c.obj
 .debug_macro   0x00023404      0x5cf CMakeFiles/cmake_stm32l476.dir/Core/Src/gyro.c.obj
 .debug_macro   0x000239d3       0x44 CMakeFiles/cmake_stm32l476.dir/Core/Src/gyro.c.obj
 .debug_macro   0x00023a17      0x330 CMakeFiles/cmake_stm32l476.dir/Core/Src/gyro.c.obj
 .debug_macro   0x00023d47       0x28 CMakeFiles/cmake_stm32l476.dir/Core/Src/gyro.c.obj
 .debug_macro   0x00023d6f       0x58 CMakeFiles/cmake_stm32l476.dir/Core/Src/gyro.c.obj
 .debug_macro   0x00023dc7      0x2d9 CMakeFiles/cmake_stm32l476.dir/Core/Src/main.c.obj
 .debug_macro   0x000240a0       0x5f CMakeFiles/cmake_stm32l476.dir/Core/Src/main.c.obj
 .debug_macro   0x000240ff       0x7b CMakeFiles/cmake_stm32l476.dir/Core/Src/main.c.obj
 .debug_macro   0x0002417a       0x2a CMakeFiles/cmake_stm32l476.dir/Core/Src/main.c.obj
 .debug_macro   0x000241a4       0x3c CMakeFiles/cmake_stm32l476.dir/Core/Src/main.c.obj
 .debug_macro   0x000241e0       0x34 CMakeFiles/cmake_stm32l476.dir/Core/Src/main.c.obj
 .debug_macro   0x00024214       0x16 CMakeFiles/cmake_stm32l476.dir/Core/Src/main.c.obj
 .debug_macro   0x0002422a       0x4a CMakeFiles/cmake_stm32l476.dir/Core/Src/main.c.obj
 .debug_macro   0x00024274      0x364 CMakeFiles/cmake_stm32l476.dir/Core/Src/main.c.obj
 .debug_macro   0x000245d8       0x16 CMakeFiles/cmake_stm32l476.dir/Core/Src/main.c.obj
 .debug_macro   0x000245ee       0x58 CMakeFiles/cmake_stm32l476.dir/Core/Src/main.c.obj
 .debug_macro   0x00024646       0x34 CMakeFiles/cmake_stm32l476.dir/Core/Src/main.c.obj
 .debug_macro   0x0002467a       0x10 CMakeFiles/cmake_stm32l476.dir/Core/Src/main.c.obj
 .debug_macro   0x0002468a       0x58 CMakeFiles/cmake_stm32l476.dir/Core/Src/main.c.obj
 .debug_macro   0x000246e2      0x1e5 CMakeFiles/cmake_stm32l476.dir/Core/Src/main.c.obj
 .debug_macro   0x000248c7       0x16 CMakeFiles/cmake_stm32l476.dir/Core/Src/main.c.obj
 .debug_macro   0x000248dd       0x16 CMakeFiles/cmake_stm32l476.dir/Core/Src/main.c.obj
 .debug_macro   0x000248f3      0x12a CMakeFiles/cmake_stm32l476.dir/Core/Src/main.c.obj
 .debug_macro   0x00024a1d       0x16 CMakeFiles/cmake_stm32l476.dir/Core/Src/main.c.obj
 .debug_macro   0x00024a33      0x1da CMakeFiles/cmake_stm32l476.dir/Core/Src/gpio.c.obj
 .debug_macro   0x00024c0d      0x1da CMakeFiles/cmake_stm32l476.dir/Core/Src/spi.c.obj
 .debug_macro   0x00024de7      0x2b4 CMakeFiles/cmake_stm32l476.dir/Core/Src/usart.c.obj
 .debug_macro   0x0002509b      0x1da CMakeFiles/cmake_stm32l476.dir/Core/Src/stm32l4xx_it.c.obj
 .debug_macro   0x00025275      0x1d0 CMakeFiles/cmake_stm32l476.dir/Core/Src/stm32l4xx_hal_msp.c.obj
 .debug_macro   0x00025445      0x1c9 CMakeFiles/cmake_stm32l476.dir/Drivers/STM32L4xx_HAL_Driver/Src/stm32l4xx_hal_spi.c.obj
 .debug_macro   0x0002560e      0x20f CMakeFiles/cmake_stm32l476.dir/Drivers/STM32L4xx_HAL_Driver/Src/stm32l4xx_hal.c.obj
 .debug_macro   0x0002581d      0x203 CMakeFiles/cmake_stm32l476.dir/Drivers/STM32L4xx_HAL_Driver/Src/stm32l4xx_hal_rcc.c.obj
 .debug_macro   0x00025a20      0x1f7 CMakeFiles/cmake_stm32l476.dir/Drivers/STM32L4xx_HAL_Driver/Src/stm32l4xx_hal_rcc_ex.c.obj
 .debug_macro   0x00025c17      0x1c8 CMakeFiles/cmake_stm32l476.dir/Drivers/STM32L4xx_HAL_Driver/Src/stm32l4xx_hal_gpio.c.obj
 .debug_macro   0x00025ddf      0x1e5 CMakeFiles/cmake_stm32l476.dir/Drivers/STM32L4xx_HAL_Driver/Src/stm32l4xx_hal_pwr_ex.c.obj
 .debug_macro   0x00025fc4      0x1c1 CMakeFiles/cmake_stm32l476.dir/Drivers/STM32L4xx_HAL_Driver/Src/stm32l4xx_hal_cortex.c.obj
 .debug_macro   0x00026185      0x1ec CMakeFiles/cmake_stm32l476.dir/Drivers/STM32L4xx_HAL_Driver/Src/stm32l4xx_hal_uart.c.obj
 .debug_macro   0x00026371      0x1c1 CMakeFiles/cmake_stm32l476.dir/Core/Src/system_stm32l4xx.c.obj
 .debug_macro   0x00026532       0xff CMakeFiles/cmake_stm32l476.dir/Core/Src/sysmem.c.obj
 .debug_macro   0x00026631       0x10 CMakeFiles/cmake_stm32l476.dir/Core/Src/sysmem.c.obj
 .debug_macro   0x00026641       0x75 CMakeFiles/cmake_stm32l476.dir/Core/Src/sysmem.c.obj
 .debug_macro   0x000266b6       0x5c CMakeFiles/cmake_stm32l476.dir/Core/Src/sysmem.c.obj
 .debug_macro   0x00026712       0x57 CMakeFiles/cmake_stm32l476.dir/Core/Src/sysmem.c.obj
 .debug_macro   0x00026769      0x23c CMakeFiles/cmake_stm32l476.dir/Core/Src/sysmem.c.obj
 .debug_macro   0x000269a5      0x21f CMakeFiles/cmake_stm32l476.dir/Core/Src/syscalls.c.obj
 .debug_macro   0x00026bc4       0x10 CMakeFiles/cmake_stm32l476.dir/Core/Src/syscalls.c.obj
 .debug_macro   0x00026bd4       0x10 CMakeFiles/cmake_stm32l476.dir/Core/Src/syscalls.c.obj
 .debug_macro   0x00026be4       0x10 CMakeFiles/cmake_stm32l476.dir/Core/Src/syscalls.c.obj
 .debug_macro   0x00026bf4       0x10 CMakeFiles/cmake_stm32l476.dir/Core/Src/syscalls.c.obj
 .debug_macro   0x00026c04       0xac CMakeFiles/cmake_stm32l476.dir/Core/Src/syscalls.c.obj
 .debug_macro   0x00026cb0       0x2e CMakeFiles/cmake_stm32l476.dir/Core/Src/syscalls.c.obj
 .debug_macro   0x00026cde      0x102 CMakeFiles/cmake_stm32l476.dir/Core/Src/syscalls.c.obj
 .debug_macro   0x00026de0       0x16 CMakeFiles/cmake_stm32l476.dir/Core/Src/syscalls.c.obj
 .debug_macro   0x00026df6       0x22 CMakeFiles/cmake_stm32l476.dir/Core/Src/syscalls.c.obj
 .debug_macro   0x00026e18      0x242 CMakeFiles/cmake_stm32l476.dir/Core/Src/syscalls.c.obj
 .debug_macro   0x0002705a       0x1c CMakeFiles/cmake_stm32l476.dir/Core/Src/syscalls.c.obj
 .debug_macro   0x00027076       0x10 CMakeFiles/cmake_stm32l476.dir/Core/Src/syscalls.c.obj
 .debug_macro   0x00027086      0x105 CMakeFiles/cmake_stm32l476.dir/Core/Src/syscalls.c.obj
 .debug_macro   0x0002718b       0x16 CMakeFiles/cmake_stm32l476.dir/Core/Src/syscalls.c.obj
 .debug_macro   0x000271a1       0x10 CMakeFiles/cmake_stm32l476.dir/Core/Src/syscalls.c.obj
 .debug_macro   0x000271b1       0x43 CMakeFiles/cmake_stm32l476.dir/Core/Src/syscalls.c.obj

.debug_line     0x00000000     0xe3a0
 .debug_line    0x00000000      0x6fe CMakeFiles/cmake_stm32l476.dir/Core/Src/gyro.c.obj
 .debug_line    0x000006fe      0x82d CMakeFiles/cmake_stm32l476.dir/Core/Src/main.c.obj
 .debug_line    0x00000f2b      0x6db CMakeFiles/cmake_stm32l476.dir/Core/Src/gpio.c.obj
 .debug_line    0x00001606      0x72d CMakeFiles/cmake_stm32l476.dir/Core/Src/spi.c.obj
 .debug_line    0x00001d33      0x7f9 CMakeFiles/cmake_stm32l476.dir/Core/Src/usart.c.obj
 .debug_line    0x0000252c      0x75f CMakeFiles/cmake_stm32l476.dir/Core/Src/stm32l4xx_it.c.obj
 .debug_line    0x00002c8b      0x6b0 CMakeFiles/cmake_stm32l476.dir/Core/Src/stm32l4xx_hal_msp.c.obj
 .debug_line    0x0000333b     0x1f96 CMakeFiles/cmake_stm32l476.dir/Drivers/STM32L4xx_HAL_Driver/Src/stm32l4xx_hal_spi.c.obj
 .debug_line    0x000052d1      0xab7 CMakeFiles/cmake_stm32l476.dir/Drivers/STM32L4xx_HAL_Driver/Src/stm32l4xx_hal.c.obj
 .debug_line    0x00005d88     0x100b CMakeFiles/cmake_stm32l476.dir/Drivers/STM32L4xx_HAL_Driver/Src/stm32l4xx_hal_rcc.c.obj
 .debug_line    0x00006d93     0x14d8 CMakeFiles/cmake_stm32l476.dir/Drivers/STM32L4xx_HAL_Driver/Src/stm32l4xx_hal_rcc_ex.c.obj
 .debug_line    0x0000826b      0xb0a CMakeFiles/cmake_stm32l476.dir/Drivers/STM32L4xx_HAL_Driver/Src/stm32l4xx_hal_gpio.c.obj
 .debug_line    0x00008d75      0xc98 CMakeFiles/cmake_stm32l476.dir/Drivers/STM32L4xx_HAL_Driver/Src/stm32l4xx_hal_pwr_ex.c.obj
 .debug_line    0x00009a0d      0xc51 CMakeFiles/cmake_stm32l476.dir/Drivers/STM32L4xx_HAL_Driver/Src/stm32l4xx_hal_cortex.c.obj
 .debug_line    0x0000a65e     0x2cd9 CMakeFiles/cmake_stm32l476.dir/Drivers/STM32L4xx_HAL_Driver/Src/stm32l4xx_hal_uart.c.obj
 .debug_line    0x0000d337      0x74e CMakeFiles/cmake_stm32l476.dir/Core/Src/system_stm32l4xx.c.obj
 .debug_line    0x0000da85      0x2e3 CMakeFiles/cmake_stm32l476.dir/Core/Src/sysmem.c.obj
 .debug_line    0x0000dd68      0x5be CMakeFiles/cmake_stm32l476.dir/Core/Src/syscalls.c.obj
 .debug_line    0x0000e326       0x7a CMakeFiles/cmake_stm32l476.dir/startup_stm32l476xx.s.obj

.debug_str      0x00000000    0xea56b
 .debug_str     0x00000000    0xea56b CMakeFiles/cmake_stm32l476.dir/Core/Src/gyro.c.obj
                              0xe2eeb (size before relaxing)
 .debug_str     0x000ea56b    0xe62b3 CMakeFiles/cmake_stm32l476.dir/Core/Src/main.c.obj
 .debug_str     0x000ea56b    0xe2b28 CMakeFiles/cmake_stm32l476.dir/Core/Src/gpio.c.obj
 .debug_str     0x000ea56b    0xe2f54 CMakeFiles/cmake_stm32l476.dir/Core/Src/spi.c.obj
 .debug_str     0x000ea56b    0xe63d4 CMakeFiles/cmake_stm32l476.dir/Core/Src/usart.c.obj
 .debug_str     0x000ea56b    0xe2991 CMakeFiles/cmake_stm32l476.dir/Core/Src/stm32l4xx_it.c.obj
 .debug_str     0x000ea56b    0xe2a58 CMakeFiles/cmake_stm32l476.dir/Core/Src/stm32l4xx_hal_msp.c.obj
 .debug_str     0x000ea56b    0xe32bd CMakeFiles/cmake_stm32l476.dir/Drivers/STM32L4xx_HAL_Driver/Src/stm32l4xx_hal_spi.c.obj
 .debug_str     0x000ea56b    0xe36a1 CMakeFiles/cmake_stm32l476.dir/Drivers/STM32L4xx_HAL_Driver/Src/stm32l4xx_hal.c.obj
 .debug_str     0x000ea56b    0xe30e8 CMakeFiles/cmake_stm32l476.dir/Drivers/STM32L4xx_HAL_Driver/Src/stm32l4xx_hal_rcc.c.obj
 .debug_str     0x000ea56b    0xe3261 CMakeFiles/cmake_stm32l476.dir/Drivers/STM32L4xx_HAL_Driver/Src/stm32l4xx_hal_rcc_ex.c.obj
 .debug_str     0x000ea56b    0xe2c1b CMakeFiles/cmake_stm32l476.dir/Drivers/STM32L4xx_HAL_Driver/Src/stm32l4xx_hal_gpio.c.obj
 .debug_str     0x000ea56b    0xe2ffd CMakeFiles/cmake_stm32l476.dir/Drivers/STM32L4xx_HAL_Driver/Src/stm32l4xx_hal_pwr_ex.c.obj
 .debug_str     0x000ea56b    0xe331b CMakeFiles/cmake_stm32l476.dir/Drivers/STM32L4xx_HAL_Driver/Src/stm32l4xx_hal_cortex.c.obj
 .debug_str     0x000ea56b    0xe37fa CMakeFiles/cmake_stm32l476.dir/Drivers/STM32L4xx_HAL_Driver/Src/stm32l4xx_hal_uart.c.obj
 .debug_str     0x000ea56b    0xe2aa2 CMakeFiles/cmake_stm32l476.dir/Core/Src/system_stm32l4xx.c.obj
 .debug_str     0x000ea56b     0x7155 CMakeFiles/cmake_stm32l476.dir/Core/Src/sysmem.c.obj
 .debug_str     0x000ea56b     0x81fa CMakeFiles/cmake_stm32l476.dir/Core/Src/syscalls.c.obj
 .debug_str     0x000ea56b       0x9a CMakeFiles/cmake_stm32l476.dir/startup_stm32l476xx.s.obj

.debug_line_str
                0x00000000      0x246
 .debug_line_str
                0x00000000      0x246 CMakeFiles/cmake_stm32l476.dir/startup_stm32l476xx.s.obj
                                 0x7e (size before relaxing)
 .debug_line_str
                0x00000246       0xd2 /Applications/ArmGNUToolchain/14.2.rel1/arm-none-eabi/bin/../lib/gcc/arm-none-eabi/14.2.1/thumb/v7e-m+fp/hard/libgcc.a(_aeabi_uldivmod.o)
 .debug_line_str
                0x00000246       0xd6 /Applications/ArmGNUToolchain/14.2.rel1/arm-none-eabi/bin/../lib/gcc/arm-none-eabi/14.2.1/thumb/v7e-m+fp/hard/libgcc.a(_dvmd_tls.o)
 .debug_line_str
                0x00000246       0xea /Applications/ArmGNUToolchain/14.2.rel1/arm-none-eabi/bin/../lib/gcc/arm-none-eabi/14.2.1/../../../../arm-none-eabi/lib/thumb/v7e-m+fp/hard/libg_nano.a(libc_a-memchr.o)
