Archive member included to satisfy reference by file (symbol)

/Applications/ArmGNUToolchain/14.2.rel1/arm-none-eabi/bin/../lib/gcc/arm-none-eabi/14.2.1/../../../../arm-none-eabi/lib/thumb/v7e-m+fp/hard/libc_nano.a(libc_a-exit.o)
                              /Applications/ArmGNUToolchain/14.2.rel1/arm-none-eabi/bin/../lib/gcc/arm-none-eabi/14.2.1/../../../../arm-none-eabi/lib/thumb/v7e-m+fp/hard/crt0.o (exit)
/Applications/ArmGNUToolchain/14.2.rel1/arm-none-eabi/bin/../lib/gcc/arm-none-eabi/14.2.1/../../../../arm-none-eabi/lib/thumb/v7e-m+fp/hard/libc_nano.a(libc_a-findfp.o)
                              /Applications/ArmGNUToolchain/14.2.rel1/arm-none-eabi/bin/../lib/gcc/arm-none-eabi/14.2.1/../../../../arm-none-eabi/lib/thumb/v7e-m+fp/hard/libc_nano.a(libc_a-exit.o) (__stdio_exit_handler)
/Applications/ArmGNUToolchain/14.2.rel1/arm-none-eabi/bin/../lib/gcc/arm-none-eabi/14.2.1/../../../../arm-none-eabi/lib/thumb/v7e-m+fp/hard/libc_nano.a(libc_a-fwalk.o)
                              /Applications/ArmGNUToolchain/14.2.rel1/arm-none-eabi/bin/../lib/gcc/arm-none-eabi/14.2.1/../../../../arm-none-eabi/lib/thumb/v7e-m+fp/hard/libc_nano.a(libc_a-findfp.o) (_fwalk_sglue)
/Applications/ArmGNUToolchain/14.2.rel1/arm-none-eabi/bin/../lib/gcc/arm-none-eabi/14.2.1/../../../../arm-none-eabi/lib/thumb/v7e-m+fp/hard/libc_nano.a(libc_a-memset.o)
                              /Applications/ArmGNUToolchain/14.2.rel1/arm-none-eabi/bin/../lib/gcc/arm-none-eabi/14.2.1/../../../../arm-none-eabi/lib/thumb/v7e-m+fp/hard/crt0.o (memset)
/Applications/ArmGNUToolchain/14.2.rel1/arm-none-eabi/bin/../lib/gcc/arm-none-eabi/14.2.1/../../../../arm-none-eabi/lib/thumb/v7e-m+fp/hard/libc_nano.a(libc_a-init.o)
                              /Applications/ArmGNUToolchain/14.2.rel1/arm-none-eabi/bin/../lib/gcc/arm-none-eabi/14.2.1/../../../../arm-none-eabi/lib/thumb/v7e-m+fp/hard/crt0.o (__libc_init_array)
/Applications/ArmGNUToolchain/14.2.rel1/arm-none-eabi/bin/../lib/gcc/arm-none-eabi/14.2.1/../../../../arm-none-eabi/lib/thumb/v7e-m+fp/hard/libc_nano.a(libc_a-lock.o)
                              /Applications/ArmGNUToolchain/14.2.rel1/arm-none-eabi/bin/../lib/gcc/arm-none-eabi/14.2.1/../../../../arm-none-eabi/lib/thumb/v7e-m+fp/hard/libc_nano.a(libc_a-findfp.o) (__retarget_lock_init_recursive)
/Applications/ArmGNUToolchain/14.2.rel1/arm-none-eabi/bin/../lib/gcc/arm-none-eabi/14.2.1/../../../../arm-none-eabi/lib/thumb/v7e-m+fp/hard/libc_nano.a(libc_a-impure.o)
                              /Applications/ArmGNUToolchain/14.2.rel1/arm-none-eabi/bin/../lib/gcc/arm-none-eabi/14.2.1/../../../../arm-none-eabi/lib/thumb/v7e-m+fp/hard/libc_nano.a(libc_a-findfp.o) (_impure_data)
/Applications/ArmGNUToolchain/14.2.rel1/arm-none-eabi/bin/../lib/gcc/arm-none-eabi/14.2.1/../../../../arm-none-eabi/lib/thumb/v7e-m+fp/hard/libc_nano.a(libc_a-mallocr.o)
                              /Applications/ArmGNUToolchain/14.2.rel1/arm-none-eabi/bin/../lib/gcc/arm-none-eabi/14.2.1/../../../../arm-none-eabi/lib/thumb/v7e-m+fp/hard/libc_nano.a(libc_a-findfp.o) (_malloc_r)
/Applications/ArmGNUToolchain/14.2.rel1/arm-none-eabi/bin/../lib/gcc/arm-none-eabi/14.2.1/../../../../arm-none-eabi/lib/thumb/v7e-m+fp/hard/libc_nano.a(libc_a-fflush.o)
                              /Applications/ArmGNUToolchain/14.2.rel1/arm-none-eabi/bin/../lib/gcc/arm-none-eabi/14.2.1/../../../../arm-none-eabi/lib/thumb/v7e-m+fp/hard/libc_nano.a(libc_a-findfp.o) (_fflush_r)
/Applications/ArmGNUToolchain/14.2.rel1/arm-none-eabi/bin/../lib/gcc/arm-none-eabi/14.2.1/../../../../arm-none-eabi/lib/thumb/v7e-m+fp/hard/libc_nano.a(libc_a-mlock.o)
                              /Applications/ArmGNUToolchain/14.2.rel1/arm-none-eabi/bin/../lib/gcc/arm-none-eabi/14.2.1/../../../../arm-none-eabi/lib/thumb/v7e-m+fp/hard/libc_nano.a(libc_a-mallocr.o) (__malloc_lock)
/Applications/ArmGNUToolchain/14.2.rel1/arm-none-eabi/bin/../lib/gcc/arm-none-eabi/14.2.1/../../../../arm-none-eabi/lib/thumb/v7e-m+fp/hard/libc_nano.a(libc_a-stdio.o)
                              /Applications/ArmGNUToolchain/14.2.rel1/arm-none-eabi/bin/../lib/gcc/arm-none-eabi/14.2.1/../../../../arm-none-eabi/lib/thumb/v7e-m+fp/hard/libc_nano.a(libc_a-findfp.o) (__sread)
/Applications/ArmGNUToolchain/14.2.rel1/arm-none-eabi/bin/../lib/gcc/arm-none-eabi/14.2.1/../../../../arm-none-eabi/lib/thumb/v7e-m+fp/hard/libc_nano.a(libc_a-lseekr.o)
                              /Applications/ArmGNUToolchain/14.2.rel1/arm-none-eabi/bin/../lib/gcc/arm-none-eabi/14.2.1/../../../../arm-none-eabi/lib/thumb/v7e-m+fp/hard/libc_nano.a(libc_a-stdio.o) (_lseek_r)
/Applications/ArmGNUToolchain/14.2.rel1/arm-none-eabi/bin/../lib/gcc/arm-none-eabi/14.2.1/../../../../arm-none-eabi/lib/thumb/v7e-m+fp/hard/libc_nano.a(libc_a-readr.o)
                              /Applications/ArmGNUToolchain/14.2.rel1/arm-none-eabi/bin/../lib/gcc/arm-none-eabi/14.2.1/../../../../arm-none-eabi/lib/thumb/v7e-m+fp/hard/libc_nano.a(libc_a-stdio.o) (_read_r)
[...]
Memory Configuration

Name             Origin             Length             Attributes
RAM              0x20000000         0x00018000         xrw
RAM2             0x10000000         0x00008000         xrw
FLASH            0x08000000         0x00100000         xr
*default*        0x00000000         0xffffffff

Linker script and memory map

LOAD /Applications/ArmGNUToolchain/14.2.rel1/arm-none-eabi/bin/../lib/gcc/arm-none-eabi/14.2.1/thumb/v7e-m+fp/hard/crti.o
LOAD /Applications/ArmGNUToolchain/14.2.rel1/arm-none-eabi/bin/../lib/gcc/arm-none-eabi/14.2.1/thumb/v7e-m+fp/hard/crtbegin.o
LOAD /Applications/ArmGNUToolchain/14.2.rel1/arm-none-eabi/bin/../lib/gcc/arm-none-eabi/14.2.1/../../../../arm-none-eabi/lib/thumb/v7e-m+fp/hard/crt0.o
START GROUP
LOAD /Applications/ArmGNUToolchain/14.2.rel1/arm-none-eabi/bin/../lib/gcc/arm-none-eabi/14.2.1/../../../../arm-none-eabi/lib/thumb/v7e-m+fp/hard/libc_nano.a
LOAD /Applications/ArmGNUToolchain/14.2.rel1/arm-none-eabi/bin/../lib/gcc/arm-none-eabi/14.2.1/../../../../arm-none-eabi/lib/thumb/v7e-m+fp/hard/libm.a
END GROUP
LOAD CMakeFiles/cmake_stm32l476.dir/Core/Src/main.c.obj
LOAD CMakeFiles/cmake_stm32l476.dir/Core/Src/gpio.c.obj
LOAD CMakeFiles/cmake_stm32l476.dir/Core/Src/spi.c.obj
LOAD CMakeFiles/cmake_stm32l476.dir/Core/Src/usart.c.obj
LOAD CMakeFiles/cmake_stm32l476.dir/Core/Src/stm32l4xx_it.c.obj
LOAD CMakeFiles/cmake_stm32l476.dir/Core/Src/stm32l4xx_hal_msp.c.obj
LOAD CMakeFiles/cmake_stm32l476.dir/Drivers/STM32L4xx_HAL_Driver/Src/stm32l4xx_hal_spi.c.obj
LOAD CMakeFiles/cmake_stm32l476.dir/Drivers/STM32L4xx_HAL_Driver/Src/stm32l4xx_hal_spi_ex.c.obj
LOAD CMakeFiles/cmake_stm32l476.dir/Drivers/STM32L4xx_HAL_Driver/Src/stm32l4xx_hal.c.obj
LOAD CMakeFiles/cmake_stm32l476.dir/Drivers/STM32L4xx_HAL_Driver/Src/stm32l4xx_hal_rcc.c.obj
LOAD CMakeFiles/cmake_stm32l476.dir/Drivers/STM32L4xx_HAL_Driver/Src/stm32l4xx_hal_rcc_ex.c.obj
LOAD CMakeFiles/cmake_stm32l476.dir/Drivers/STM32L4xx_HAL_Driver/Src/stm32l4xx_hal_flash.c.obj
LOAD CMakeFiles/cmake_stm32l476.dir/Drivers/STM32L4xx_HAL_Driver/Src/stm32l4xx_hal_flash_ex.c.obj
LOAD CMakeFiles/cmake_stm32l476.dir/Drivers/STM32L4xx_HAL_Driver/Src/stm32l4xx_hal_flash_ramfunc.c.obj
LOAD CMakeFiles/cmake_stm32l476.dir/Drivers/STM32L4xx_HAL_Driver/Src/stm32l4xx_hal_gpio.c.obj
LOAD CMakeFiles/cmake_stm32l476.dir/Drivers/STM32L4xx_HAL_Driver/Src/stm32l4xx_hal_i2c.c.obj
LOAD CMakeFiles/cmake_stm32l476.dir/Drivers/STM32L4xx_HAL_Driver/Src/stm32l4xx_hal_i2c_ex.c.obj
LOAD CMakeFiles/cmake_stm32l476.dir/Drivers/STM32L4xx_HAL_Driver/Src/stm32l4xx_hal_dma.c.obj
LOAD CMakeFiles/cmake_stm32l476.dir/Drivers/STM32L4xx_HAL_Driver/Src/stm32l4xx_hal_dma_ex.c.obj
LOAD CMakeFiles/cmake_stm32l476.dir/Drivers/STM32L4xx_HAL_Driver/Src/stm32l4xx_hal_pwr.c.obj
LOAD CMakeFiles/cmake_stm32l476.dir/Drivers/STM32L4xx_HAL_Driver/Src/stm32l4xx_hal_pwr_ex.c.obj
LOAD CMakeFiles/cmake_stm32l476.dir/Drivers/STM32L4xx_HAL_Driver/Src/stm32l4xx_hal_cortex.c.obj
LOAD CMakeFiles/cmake_stm32l476.dir/Drivers/STM32L4xx_HAL_Driver/Src/stm32l4xx_hal_exti.c.obj
LOAD CMakeFiles/cmake_stm32l476.dir/Drivers/STM32L4xx_HAL_Driver/Src/stm32l4xx_hal_uart.c.obj
LOAD CMakeFiles/cmake_stm32l476.dir/Drivers/STM32L4xx_HAL_Driver/Src/stm32l4xx_hal_uart_ex.c.obj
LOAD CMakeFiles/cmake_stm32l476.dir/Core/Src/system_stm32l4xx.c.obj
LOAD CMakeFiles/cmake_stm32l476.dir/Core/Src/sysmem.c.obj
LOAD CMakeFiles/cmake_stm32l476.dir/Core/Src/syscalls.c.obj
LOAD CMakeFiles/cmake_stm32l476.dir/startup_stm32l476xx.s.obj
START GROUP
LOAD /Applications/ArmGNUToolchain/14.2.rel1/arm-none-eabi/bin/../lib/gcc/arm-none-eabi/14.2.1/thumb/v7e-m+fp/hard/libgcc.a
LOAD /Applications/ArmGNUToolchain/14.2.rel1/arm-none-eabi/bin/../lib/gcc/arm-none-eabi/14.2.1/../../../../arm-none-eabi/lib/thumb/v7e-m+fp/hard/libg_nano.a
LOAD /Applications/ArmGNUToolchain/14.2.rel1/arm-none-eabi/bin/../lib/gcc/arm-none-eabi/14.2.1/../../../../arm-none-eabi/lib/thumb/v7e-m+fp/hard/libc_nano.a
END GROUP
START GROUP
LOAD /Applications/ArmGNUToolchain/14.2.rel1/arm-none-eabi/bin/../lib/gcc/arm-none-eabi/14.2.1/thumb/v7e-m+fp/hard/libgcc.a
LOAD /Applications/ArmGNUToolchain/14.2.rel1/arm-none-eabi/bin/../lib/gcc/arm-none-eabi/14.2.1/../../../../arm-none-eabi/lib/thumb/v7e-m+fp/hard/libc_nano.a
END GROUP
LOAD /Applications/ArmGNUToolchain/14.2.rel1/arm-none-eabi/bin/../lib/gcc/arm-none-eabi/14.2.1/thumb/v7e-m+fp/hard/crtend.o
LOAD /Applications/ArmGNUToolchain/14.2.rel1/arm-none-eabi/bin/../lib/gcc/arm-none-eabi/14.2.1/thumb/v7e-m+fp/hard/crtn.o
                0x20018000                        _estack = (ORIGIN (RAM) + LENGTH (RAM))
                0x00000200                        _Min_Heap_Size = 0x200
                0x00000400                        _Min_Stack_Size = 0x400

.isr_vector     0x08000000      0x188
                0x08000000                        . = ALIGN (0x8)
 *(.isr_vector)
 .isr_vector    0x08000000      0x188 CMakeFiles/cmake_stm32l476.dir/startup_stm32l476xx.s.obj
                0x08000000                g_pfnVectors
                0x08000188                        . = ALIGN (0x8)

.text           0x08000188     0x32f8
                0x08000188                        . = ALIGN (0x8)
 *(.text)
 .text          0x08000188       0x30 /Applications/ArmGNUToolchain/14.2.rel1/arm-none-eabi/bin/../lib/gcc/arm-none-eabi/14.2.1/thumb/v7e-m+fp/hard/libgcc.a(_aeabi_uldivmod.o)
                0x08000188                __aeabi_uldivmod
 .text          0x080001b8        0x4 /Applications/ArmGNUToolchain/14.2.rel1/arm-none-eabi/bin/../lib/gcc/arm-none-eabi/14.2.1/thumb/v7e-m+fp/hard/libgcc.a(_dvmd_tls.o)
                0x080001b8                __aeabi_ldiv0
                0x080001b8                __aeabi_idiv0
 *(.text*)
 .text.deregister_tm_clones
                0x080001bc       0x1c /Applications/ArmGNUToolchain/14.2.rel1/arm-none-eabi/bin/../lib/gcc/arm-none-eabi/14.2.1/thumb/v7e-m+fp/hard/crtbegin.o
 .text.register_tm_clones
                0x080001d8       0x24 /Applications/ArmGNUToolchain/14.2.rel1/arm-none-eabi/bin/../lib/gcc/arm-none-eabi/14.2.1/thumb/v7e-m+fp/hard/crtbegin.o
 .text.__do_global_dtors_aux
                0x080001fc       0x28 /Applications/ArmGNUToolchain/14.2.rel1/arm-none-eabi/bin/../lib/gcc/arm-none-eabi/14.2.1/thumb/v7e-m+fp/hard/crtbegin.o
 .text.frame_dummy
                0x08000224       0x24 /Applications/ArmGNUToolchain/14.2.rel1/arm-none-eabi/bin/../lib/gcc/arm-none-eabi/14.2.1/thumb/v7e-m+fp/hard/crtbegin.o
 .text.memset   0x08000248       0x10 /Applications/ArmGNUToolchain/14.2.rel1/arm-none-eabi/bin/../lib/gcc/arm-none-eabi/14.2.1/../../../../arm-none-eabi/lib/thumb/v7e-m+fp/hard/libc_nano.a(libc_a-memset.o)
                0x08000248                memset
 .text.__libc_init_array
                0x08000258       0x48 /Applications/ArmGNUToolchain/14.2.rel1/arm-none-eabi/bin/../lib/gcc/arm-none-eabi/14.2.1/../../../../arm-none-eabi/lib/thumb/v7e-m+fp/hard/libc_nano.a(libc_a-init.o)
                0x08000258                __libc_init_array
 .text.main     0x080002a0       0x54 CMakeFiles/cmake_stm32l476.dir/Core/Src/main.c.obj
                0x080002a0                main
 .text.SystemClock_Config
                0x080002f4       0xa4 CMakeFiles/cmake_stm32l476.dir/Core/Src/main.c.obj
                0x080002f4                SystemClock_Config
 .text.Error_Handler
                0x08000398        0xc CMakeFiles/cmake_stm32l476.dir/Core/Src/main.c.obj
                0x08000398                Error_Handler
 .text.MX_GPIO_Init
                0x080003a4       0xec CMakeFiles/cmake_stm32l476.dir/Core/Src/gpio.c.obj
                0x080003a4                MX_GPIO_Init
 .text.MX_SPI2_Init
                0x08000490       0x7c CMakeFiles/cmake_stm32l476.dir/Core/Src/spi.c.obj
                0x08000490                MX_SPI2_Init
 .text.HAL_SPI_MspInit
                0x0800050c       0x88 CMakeFiles/cmake_stm32l476.dir/Core/Src/spi.c.obj
                0x0800050c                HAL_SPI_MspInit
 .text.MX_USART2_UART_Init
                0x08000594       0x60 CMakeFiles/cmake_stm32l476.dir/Core/Src/usart.c.obj
                0x08000594                MX_USART2_UART_Init
 .text.HAL_UART_MspInit
                0x080005f4       0xbc CMakeFiles/cmake_stm32l476.dir/Core/Src/usart.c.obj
                0x080005f4                HAL_UART_MspInit
 .text.NMI_Handler
                0x080006b0        0x8 CMakeFiles/cmake_stm32l476.dir/Core/Src/stm32l4xx_it.c.obj
                0x080006b0                NMI_Handler
 .text.HardFault_Handler
                0x080006b8        0x8 CMakeFiles/cmake_stm32l476.dir/Core/Src/stm32l4xx_it.c.obj
                0x080006b8                HardFault_Handler
 .text.MemManage_Handler
                0x080006c0        0x8 CMakeFiles/cmake_stm32l476.dir/Core/Src/stm32l4xx_it.c.obj
                0x080006c0                MemManage_Handler
 .text.BusFault_Handler
                0x080006c8        0x8 CMakeFiles/cmake_stm32l476.dir/Core/Src/stm32l4xx_it.c.obj
                0x080006c8                BusFault_Handler
 .text.UsageFault_Handler
                0x080006d0        0x8 CMakeFiles/cmake_stm32l476.dir/Core/Src/stm32l4xx_it.c.obj
                0x080006d0                UsageFault_Handler
 .text.SVC_Handler
                0x080006d8        0xe CMakeFiles/cmake_stm32l476.dir/Core/Src/stm32l4xx_it.c.obj
                0x080006d8                SVC_Handler
 .text.DebugMon_Handler
                0x080006e6        0xe CMakeFiles/cmake_stm32l476.dir/Core/Src/stm32l4xx_it.c.obj
                0x080006e6                DebugMon_Handler
 .text.PendSV_Handler
                0x080006f4        0xe CMakeFiles/cmake_stm32l476.dir/Core/Src/stm32l4xx_it.c.obj
                0x080006f4                PendSV_Handler
 .text.SysTick_Handler
                0x08000702        0xc CMakeFiles/cmake_stm32l476.dir/Core/Src/stm32l4xx_it.c.obj
                0x08000702                SysTick_Handler
 *fill*         0x0800070e        0x2 
 .text.HAL_MspInit
                0x08000710       0x48 CMakeFiles/cmake_stm32l476.dir/Core/Src/stm32l4xx_hal_msp.c.obj
                0x08000710                HAL_MspInit
 .text.HAL_SPI_Init
                0x08000758      0x146 CMakeFiles/cmake_stm32l476.dir/Drivers/STM32L4xx_HAL_Driver/Src/stm32l4xx_hal_spi.c.obj
                0x08000758                HAL_SPI_Init
 *fill*         0x0800089e        0x2 
 .text.HAL_Init
                0x080008a0       0x40 CMakeFiles/cmake_stm32l476.dir/Drivers/STM32L4xx_HAL_Driver/Src/stm32l4xx_hal.c.obj
                0x080008a0                HAL_Init
 .text.HAL_InitTick
                0x080008e0       0x78 CMakeFiles/cmake_stm32l476.dir/Drivers/STM32L4xx_HAL_Driver/Src/stm32l4xx_hal.c.obj
                0x080008e0                HAL_InitTick
 .text.HAL_IncTick
                0x08000958       0x28 CMakeFiles/cmake_stm32l476.dir/Drivers/STM32L4xx_HAL_Driver/Src/stm32l4xx_hal.c.obj
                0x08000958                HAL_IncTick
 .text.HAL_GetTick
                0x08000980       0x18 CMakeFiles/cmake_stm32l476.dir/Drivers/STM32L4xx_HAL_Driver/Src/stm32l4xx_hal.c.obj
                0x08000980                HAL_GetTick
 .text.HAL_Delay
                0x08000998       0x48 CMakeFiles/cmake_stm32l476.dir/Drivers/STM32L4xx_HAL_Driver/Src/stm32l4xx_hal.c.obj
                0x08000998                HAL_Delay
 .text.HAL_RCC_OscConfig
                0x080009e0      0x7b8 CMakeFiles/cmake_stm32l476.dir/Drivers/STM32L4xx_HAL_Driver/Src/stm32l4xx_hal_rcc.c.obj
                0x080009e0                HAL_RCC_OscConfig
 .text.HAL_RCC_ClockConfig
                0x08001198      0x200 CMakeFiles/cmake_stm32l476.dir/Drivers/STM32L4xx_HAL_Driver/Src/stm32l4xx_hal_rcc.c.obj
                0x08001198                HAL_RCC_ClockConfig
 .text.HAL_RCC_GetSysClockFreq
                0x08001398      0x118 CMakeFiles/cmake_stm32l476.dir/Drivers/STM32L4xx_HAL_Driver/Src/stm32l4xx_hal_rcc.c.obj
                0x08001398                HAL_RCC_GetSysClockFreq
 .text.HAL_RCC_GetHCLKFreq
                0x080014b0       0x18 CMakeFiles/cmake_stm32l476.dir/Drivers/STM32L4xx_HAL_Driver/Src/stm32l4xx_hal_rcc.c.obj
                0x080014b0                HAL_RCC_GetHCLKFreq
 .text.HAL_RCC_GetPCLK1Freq
                0x080014c8       0x2c CMakeFiles/cmake_stm32l476.dir/Drivers/STM32L4xx_HAL_Driver/Src/stm32l4xx_hal_rcc.c.obj
                0x080014c8                HAL_RCC_GetPCLK1Freq
 .text.HAL_RCC_GetPCLK2Freq
                0x080014f4       0x2c CMakeFiles/cmake_stm32l476.dir/Drivers/STM32L4xx_HAL_Driver/Src/stm32l4xx_hal_rcc.c.obj
                0x080014f4                HAL_RCC_GetPCLK2Freq
 .text.RCC_SetFlashLatencyFromMSIRange
                0x08001520       0xc0 CMakeFiles/cmake_stm32l476.dir/Drivers/STM32L4xx_HAL_Driver/Src/stm32l4xx_hal_rcc.c.obj
 .text.HAL_RCCEx_PeriphCLKConfig
                0x080015e0      0x5d4 CMakeFiles/cmake_stm32l476.dir/Drivers/STM32L4xx_HAL_Driver/Src/stm32l4xx_hal_rcc_ex.c.obj
                0x080015e0                HAL_RCCEx_PeriphCLKConfig
 .text.RCCEx_PLLSAI1_Config
                0x08001bb4      0x1e8 CMakeFiles/cmake_stm32l476.dir/Drivers/STM32L4xx_HAL_Driver/Src/stm32l4xx_hal_rcc_ex.c.obj
 .text.RCCEx_PLLSAI2_Config
                0x08001d9c      0x1bc CMakeFiles/cmake_stm32l476.dir/Drivers/STM32L4xx_HAL_Driver/Src/stm32l4xx_hal_rcc_ex.c.obj
 .text.HAL_GPIO_Init
                0x08001f58      0x354 CMakeFiles/cmake_stm32l476.dir/Drivers/STM32L4xx_HAL_Driver/Src/stm32l4xx_hal_gpio.c.obj
                0x08001f58                HAL_GPIO_Init
 .text.HAL_GPIO_WritePin
                0x080022ac       0x30 CMakeFiles/cmake_stm32l476.dir/Drivers/STM32L4xx_HAL_Driver/Src/stm32l4xx_hal_gpio.c.obj
                0x080022ac                HAL_GPIO_WritePin
 .text.HAL_GPIO_TogglePin
                0x080022dc       0x34 CMakeFiles/cmake_stm32l476.dir/Drivers/STM32L4xx_HAL_Driver/Src/stm32l4xx_hal_gpio.c.obj
                0x080022dc                HAL_GPIO_TogglePin
 .text.HAL_PWREx_GetVoltageRange
                0x08002310       0x1c CMakeFiles/cmake_stm32l476.dir/Drivers/STM32L4xx_HAL_Driver/Src/stm32l4xx_hal_pwr_ex.c.obj
                0x08002310                HAL_PWREx_GetVoltageRange
 .text.HAL_PWREx_ControlVoltageScaling
                0x0800232c       0xac CMakeFiles/cmake_stm32l476.dir/Drivers/STM32L4xx_HAL_Driver/Src/stm32l4xx_hal_pwr_ex.c.obj
                0x0800232c                HAL_PWREx_ControlVoltageScaling
 .text.__NVIC_SetPriorityGrouping
                0x080023d8       0x48 CMakeFiles/cmake_stm32l476.dir/Drivers/STM32L4xx_HAL_Driver/Src/stm32l4xx_hal_cortex.c.obj
 .text.__NVIC_GetPriorityGrouping
                0x08002420       0x1c CMakeFiles/cmake_stm32l476.dir/Drivers/STM32L4xx_HAL_Driver/Src/stm32l4xx_hal_cortex.c.obj
 .text.__NVIC_SetPriority
                0x0800243c       0x54 CMakeFiles/cmake_stm32l476.dir/Drivers/STM32L4xx_HAL_Driver/Src/stm32l4xx_hal_cortex.c.obj
 .text.NVIC_EncodePriority
                0x08002490       0x66 CMakeFiles/cmake_stm32l476.dir/Drivers/STM32L4xx_HAL_Driver/Src/stm32l4xx_hal_cortex.c.obj
 *fill*         0x080024f6        0x2 
 .text.SysTick_Config
                0x080024f8       0x44 CMakeFiles/cmake_stm32l476.dir/Drivers/STM32L4xx_HAL_Driver/Src/stm32l4xx_hal_cortex.c.obj
 .text.HAL_NVIC_SetPriorityGrouping
                0x0800253c       0x16 CMakeFiles/cmake_stm32l476.dir/Drivers/STM32L4xx_HAL_Driver/Src/stm32l4xx_hal_cortex.c.obj
                0x0800253c                HAL_NVIC_SetPriorityGrouping
 .text.HAL_NVIC_SetPriority
                0x08002552       0x38 CMakeFiles/cmake_stm32l476.dir/Drivers/STM32L4xx_HAL_Driver/Src/stm32l4xx_hal_cortex.c.obj
                0x08002552                HAL_NVIC_SetPriority
 .text.HAL_SYSTICK_Config
                0x0800258a       0x18 CMakeFiles/cmake_stm32l476.dir/Drivers/STM32L4xx_HAL_Driver/Src/stm32l4xx_hal_cortex.c.obj
                0x0800258a                HAL_SYSTICK_Config
 .text.HAL_UART_Init
                0x080025a2       0x9c CMakeFiles/cmake_stm32l476.dir/Drivers/STM32L4xx_HAL_Driver/Src/stm32l4xx_hal_uart.c.obj
                0x080025a2                HAL_UART_Init
 .text.HAL_UART_Transmit
                0x0800263e      0x112 CMakeFiles/cmake_stm32l476.dir/Drivers/STM32L4xx_HAL_Driver/Src/stm32l4xx_hal_uart.c.obj
                0x0800263e                HAL_UART_Transmit
 .text.UART_SetConfig
                0x08002750      0x570 CMakeFiles/cmake_stm32l476.dir/Drivers/STM32L4xx_HAL_Driver/Src/stm32l4xx_hal_uart.c.obj
                0x08002750                UART_SetConfig
 .text.UART_AdvFeatureConfig
                0x08002cc0      0x144 CMakeFiles/cmake_stm32l476.dir/Drivers/STM32L4xx_HAL_Driver/Src/stm32l4xx_hal_uart.c.obj
                0x08002cc0                UART_AdvFeatureConfig
 .text.UART_CheckIdleState
                0x08002e04      0x150 CMakeFiles/cmake_stm32l476.dir/Drivers/STM32L4xx_HAL_Driver/Src/stm32l4xx_hal_uart.c.obj
                0x08002e04                UART_CheckIdleState
 .text.UART_WaitOnFlagUntilTimeout
                0x08002f54       0xda CMakeFiles/cmake_stm32l476.dir/Drivers/STM32L4xx_HAL_Driver/Src/stm32l4xx_hal_uart.c.obj
                0x08002f54                UART_WaitOnFlagUntilTimeout
 .text.UART_EndRxTransfer
                0x0800302e       0xc8 CMakeFiles/cmake_stm32l476.dir/Drivers/STM32L4xx_HAL_Driver/Src/stm32l4xx_hal_uart.c.obj
 *fill*         0x080030f6        0x2 
 .text.SystemInit
                0x080030f8       0x24 CMakeFiles/cmake_stm32l476.dir/Core/Src/system_stm32l4xx.c.obj
                0x080030f8                SystemInit
 .text.Reset_Handler
                0x0800311c       0x50 CMakeFiles/cmake_stm32l476.dir/startup_stm32l476xx.s.obj
                0x0800311c                Reset_Handler
 .text.Default_Handler
                0x0800316c        0x2 CMakeFiles/cmake_stm32l476.dir/startup_stm32l476xx.s.obj
                0x0800316c                TIM1_BRK_TIM15_IRQHandler
                0x0800316c                EXTI2_IRQHandler
                0x0800316c                TIM8_TRG_COM_IRQHandler
                0x0800316c                TIM8_CC_IRQHandler
                0x0800316c                TIM1_CC_IRQHandler
                0x0800316c                TSC_IRQHandler
                0x0800316c                TAMP_STAMP_IRQHandler
                0x0800316c                EXTI3_IRQHandler
                0x0800316c                LPTIM2_IRQHandler
                0x0800316c                DFSDM1_FLT1_IRQHandler
                0x0800316c                I2C3_ER_IRQHandler
                0x0800316c                DFSDM1_FLT2_IRQHandler
                0x0800316c                EXTI0_IRQHandler
                0x0800316c                I2C2_EV_IRQHandler
                0x0800316c                CAN1_RX0_IRQHandler
                0x0800316c                FPU_IRQHandler
                0x0800316c                TIM1_UP_TIM16_IRQHandler
                0x0800316c                ADC1_2_IRQHandler
                0x0800316c                SPI1_IRQHandler
                0x0800316c                TIM6_DAC_IRQHandler
                0x0800316c                TIM8_UP_IRQHandler
                0x0800316c                DMA2_Channel2_IRQHandler
                0x0800316c                DMA1_Channel4_IRQHandler
                0x0800316c                SAI2_IRQHandler
                0x0800316c                DFSDM1_FLT3_IRQHandler
                0x0800316c                USART3_IRQHandler
                0x0800316c                DMA1_Channel7_IRQHandler
                0x0800316c                CAN1_RX1_IRQHandler
                0x0800316c                LCD_IRQHandler
                0x0800316c                UART5_IRQHandler
                0x0800316c                ADC3_IRQHandler
                0x0800316c                TIM4_IRQHandler
                0x0800316c                DMA2_Channel1_IRQHandler
                0x0800316c                QUADSPI_IRQHandler
                0x0800316c                I2C1_EV_IRQHandler
                0x0800316c                DMA1_Channel6_IRQHandler
                0x0800316c                UART4_IRQHandler
                0x0800316c                DMA2_Channel4_IRQHandler
                0x0800316c                TIM3_IRQHandler
                0x0800316c                RCC_IRQHandler
                0x0800316c                DMA1_Channel1_IRQHandler
                0x0800316c                Default_Handler
                0x0800316c                DMA2_Channel7_IRQHandler
                0x0800316c                EXTI15_10_IRQHandler
                0x0800316c                TIM7_IRQHandler
                0x0800316c                SDMMC1_IRQHandler
                0x0800316c                TIM5_IRQHandler
                0x0800316c                I2C3_EV_IRQHandler
                0x0800316c                EXTI9_5_IRQHandler
                0x0800316c                RTC_WKUP_IRQHandler
                0x0800316c                PVD_PVM_IRQHandler
                0x0800316c                SPI2_IRQHandler
                0x0800316c                CAN1_TX_IRQHandler
                0x0800316c                DMA2_Channel5_IRQHandler
                0x0800316c                DMA1_Channel5_IRQHandler
                0x0800316c                EXTI4_IRQHandler
                0x0800316c                RNG_IRQHandler
                0x0800316c                TIM1_TRG_COM_TIM17_IRQHandler
                0x0800316c                DMA1_Channel3_IRQHandler
                0x0800316c                COMP_IRQHandler
                0x0800316c                WWDG_IRQHandler
                0x0800316c                LPUART1_IRQHandler
                0x0800316c                DMA2_Channel6_IRQHandler
                0x0800316c                TIM2_IRQHandler
                0x0800316c                EXTI1_IRQHandler
                0x0800316c                USART2_IRQHandler
                0x0800316c                DFSDM1_FLT0_IRQHandler
                0x0800316c                I2C2_ER_IRQHandler
                0x0800316c                DMA1_Channel2_IRQHandler
                0x0800316c                TIM8_BRK_IRQHandler
                0x0800316c                CAN1_SCE_IRQHandler
                0x0800316c                FLASH_IRQHandler
                0x0800316c                USART1_IRQHandler
                0x0800316c                OTG_FS_IRQHandler
                0x0800316c                SPI3_IRQHandler
                0x0800316c                I2C1_ER_IRQHandler
                0x0800316c                FMC_IRQHandler
                0x0800316c                SWPMI1_IRQHandler
                0x0800316c                LPTIM1_IRQHandler
                0x0800316c                SAI1_IRQHandler
                0x0800316c                DMA2_Channel3_IRQHandler
                0x0800316c                RTC_Alarm_IRQHandler
 *fill*         0x0800316e        0x2 
 .text.__udivmoddi4
                0x08003170      0x2f8 /Applications/ArmGNUToolchain/14.2.rel1/arm-none-eabi/bin/../lib/gcc/arm-none-eabi/14.2.1/thumb/v7e-m+fp/hard/libgcc.a(_udivmoddi4.o)
                0x08003170                __udivmoddi4
 *(.glue_7)
 .glue_7        0x08003468        0x0 linker stubs
 *(.glue_7t)
 .glue_7t       0x08003468        0x0 linker stubs
 *(.eh_frame)
 .eh_frame      0x08003468        0x0 /Applications/ArmGNUToolchain/14.2.rel1/arm-none-eabi/bin/../lib/gcc/arm-none-eabi/14.2.1/thumb/v7e-m+fp/hard/crtbegin.o
 *(.init)
 .init          0x08003468        0x4 /Applications/ArmGNUToolchain/14.2.rel1/arm-none-eabi/bin/../lib/gcc/arm-none-eabi/14.2.1/thumb/v7e-m+fp/hard/crti.o
                0x08003468                _init
 .init          0x0800346c        0x8 /Applications/ArmGNUToolchain/14.2.rel1/arm-none-eabi/bin/../lib/gcc/arm-none-eabi/14.2.1/thumb/v7e-m+fp/hard/crtn.o
 *(.fini)
 .fini          0x08003474        0x4 /Applications/ArmGNUToolchain/14.2.rel1/arm-none-eabi/bin/../lib/gcc/arm-none-eabi/14.2.1/thumb/v7e-m+fp/hard/crti.o
                0x08003474                _fini
 .fini          0x08003478        0x8 /Applications/ArmGNUToolchain/14.2.rel1/arm-none-eabi/bin/../lib/gcc/arm-none-eabi/14.2.1/thumb/v7e-m+fp/hard/crtn.o
                0x08003480                        . = ALIGN (0x8)
                0x08003480                        _etext = .

.vfp11_veneer   0x08003480        0x0
 .vfp11_veneer  0x08003480        0x0 linker stubs

.v4_bx          0x08003480        0x0
 .v4_bx         0x08003480        0x0 linker stubs

.iplt           0x08003480        0x0
 .iplt          0x08003480        0x0 /Applications/ArmGNUToolchain/14.2.rel1/arm-none-eabi/bin/../lib/gcc/arm-none-eabi/14.2.1/thumb/v7e-m+fp/hard/crtbegin.o

.rodata         0x08003480       0x58
                0x08003480                        . = ALIGN (0x8)
 *(.rodata)
 .rodata        0x08003480        0xf CMakeFiles/cmake_stm32l476.dir/Core/Src/main.c.obj
 *(.rodata*)
 *fill*         0x0800348f        0x1 
 .rodata.AHBPrescTable
                0x08003490       0x10 CMakeFiles/cmake_stm32l476.dir/Core/Src/system_stm32l4xx.c.obj
                0x08003490                AHBPrescTable
 .rodata.APBPrescTable
                0x080034a0        0x8 CMakeFiles/cmake_stm32l476.dir/Core/Src/system_stm32l4xx.c.obj
                0x080034a0                APBPrescTable
 .rodata.MSIRangeTable
                0x080034a8       0x30 CMakeFiles/cmake_stm32l476.dir/Core/Src/system_stm32l4xx.c.obj
                0x080034a8                MSIRangeTable
                0x080034d8                        . = ALIGN (0x8)

.ARM.extab      0x080034d8        0x0
                0x080034d8                        . = ALIGN (0x8)
 *(.ARM.extab* .gnu.linkonce.armextab.*)
                0x080034d8                        . = ALIGN (0x8)

.ARM            0x080034d8        0x8
                0x080034d8                        . = ALIGN (0x8)
                0x080034d8                        __exidx_start = .
 *(.ARM.exidx*)
 .ARM.exidx.text.__udivmoddi4
                0x080034d8        0x8 /Applications/ArmGNUToolchain/14.2.rel1/arm-none-eabi/bin/../lib/gcc/arm-none-eabi/14.2.1/thumb/v7e-m+fp/hard/libgcc.a(_udivmoddi4.o)
                0x080034e0                        __exidx_end = .
                0x080034e0                        . = ALIGN (0x8)

.rel.dyn        0x080034e0        0x0
 .rel.iplt      0x080034e0        0x0 /Applications/ArmGNUToolchain/14.2.rel1/arm-none-eabi/bin/../lib/gcc/arm-none-eabi/14.2.1/thumb/v7e-m+fp/hard/crtbegin.o

.preinit_array  0x080034e0        0x0
                0x080034e0                        . = ALIGN (0x8)
                0x080034e0                        PROVIDE (__preinit_array_start = .)
 *(.preinit_array*)
                0x080034e0                        PROVIDE (__preinit_array_end = .)
                0x080034e0                        . = ALIGN (0x8)

.init_array     0x080034e0        0x8
                0x080034e0                        . = ALIGN (0x8)
                0x080034e0                        PROVIDE (__init_array_start = .)
 *(SORT_BY_NAME(.init_array.*))
 *(.init_array*)
 .init_array    0x080034e0        0x4 /Applications/ArmGNUToolchain/14.2.rel1/arm-none-eabi/bin/../lib/gcc/arm-none-eabi/14.2.1/thumb/v7e-m+fp/hard/crtbegin.o
                0x080034e4                        PROVIDE (__init_array_end = .)
                0x080034e8                        . = ALIGN (0x8)
 *fill*         0x080034e4        0x4 

.fini_array     0x080034e8        0x8
                0x080034e8                        . = ALIGN (0x8)
                [!provide]                        PROVIDE (__fini_array_start = .)
 *(SORT_BY_NAME(.fini_array.*))
 *(.fini_array*)
 .fini_array    0x080034e8        0x4 /Applications/ArmGNUToolchain/14.2.rel1/arm-none-eabi/bin/../lib/gcc/arm-none-eabi/14.2.1/thumb/v7e-m+fp/hard/crtbegin.o
                [!provide]                        PROVIDE (__fini_array_end = .)
                0x080034f0                        . = ALIGN (0x8)
 *fill*         0x080034ec        0x4 
                0x080034f0                        _sidata = LOADADDR (.data)

.data           0x20000000       0x10 load address 0x080034f0
                0x20000000                        . = ALIGN (0x8)
                0x20000000                        _sdata = .
 *(.data)
 *(.data*)
 .data.uwTickPrio
                0x20000000        0x4 CMakeFiles/cmake_stm32l476.dir/Drivers/STM32L4xx_HAL_Driver/Src/stm32l4xx_hal.c.obj
                0x20000000                uwTickPrio
 .data.uwTickFreq
                0x20000004        0x1 CMakeFiles/cmake_stm32l476.dir/Drivers/STM32L4xx_HAL_Driver/Src/stm32l4xx_hal.c.obj
                0x20000004                uwTickFreq
 *fill*         0x20000005        0x3 
 .data.SystemCoreClock
                0x20000008        0x4 CMakeFiles/cmake_stm32l476.dir/Core/Src/system_stm32l4xx.c.obj
                0x20000008                SystemCoreClock
                0x20000010                        . = ALIGN (0x8)
 *fill*         0x2000000c        0x4 
                0x20000010                        _edata = .

.tm_clone_table
                0x20000010        0x0 load address 0x08003500
 .tm_clone_table
                0x20000010        0x0 /Applications/ArmGNUToolchain/14.2.rel1/arm-none-eabi/bin/../lib/gcc/arm-none-eabi/14.2.1/thumb/v7e-m+fp/hard/crtbegin.o
 .tm_clone_table
                0x20000010        0x0 /Applications/ArmGNUToolchain/14.2.rel1/arm-none-eabi/bin/../lib/gcc/arm-none-eabi/14.2.1/thumb/v7e-m+fp/hard/crtend.o

.igot.plt       0x20000010        0x0 load address 0x08003500
 .igot.plt      0x20000010        0x0 /Applications/ArmGNUToolchain/14.2.rel1/arm-none-eabi/bin/../lib/gcc/arm-none-eabi/14.2.1/thumb/v7e-m+fp/hard/crtbegin.o
                0x20000010                        . = ALIGN (0x4)

.bss            0x20000010      0x10c load address 0x08003500
                0x20000010                        _sbss = .
                0x20000010                        __bss_start__ = _sbss
 *(.bss)
 *(.bss*)
 .bss.completed.1
                0x20000010        0x1 /Applications/ArmGNUToolchain/14.2.rel1/arm-none-eabi/bin/../lib/gcc/arm-none-eabi/14.2.1/thumb/v7e-m+fp/hard/crtbegin.o
 *fill*         0x20000011        0x3 
 .bss.object.0  0x20000014       0x18 /Applications/ArmGNUToolchain/14.2.rel1/arm-none-eabi/bin/../lib/gcc/arm-none-eabi/14.2.1/thumb/v7e-m+fp/hard/crtbegin.o
 .bss.hspi2     0x2000002c       0x64 CMakeFiles/cmake_stm32l476.dir/Core/Src/spi.c.obj
                0x2000002c                hspi2
 .bss.huart2    0x20000090       0x88 CMakeFiles/cmake_stm32l476.dir/Core/Src/usart.c.obj
                0x20000090                huart2
 .bss.uwTick    0x20000118        0x4 CMakeFiles/cmake_stm32l476.dir/Drivers/STM32L4xx_HAL_Driver/Src/stm32l4xx_hal.c.obj
                0x20000118                uwTick
 *(COMMON)
                0x2000011c                        . = ALIGN (0x4)
                0x2000011c                        _ebss = .
                0x2000011c                        __bss_end__ = _ebss

._user_heap_stack
                0x2000011c      0x604 load address 0x08003500
                0x20000120                        . = ALIGN (0x8)
 *fill*         0x2000011c        0x4 
                [!provide]                        PROVIDE (end = .)
                0x20000120                        PROVIDE (_end = .)
                0x20000320                        . = (. + _Min_Heap_Size)
 *fill*         0x20000120      0x200 
                0x20000720                        . = (. + _Min_Stack_Size)
 *fill*         0x20000320      0x400 
                0x20000720                        . = ALIGN (0x8)

/DISCARD/
 libc.a(*)
 libm.a(*)
 libgcc.a(*)
OUTPUT(cmake_stm32l476.elf elf32-littlearm)
LOAD linker stubs
LOAD /Applications/ArmGNUToolchain/14.2.rel1/arm-none-eabi/bin/../lib/gcc/arm-none-eabi/14.2.1/../../../../arm-none-eabi/lib/thumb/v7e-m+fp/hard/libc.a
LOAD /Applications/ArmGNUToolchain/14.2.rel1/arm-none-eabi/bin/../lib/gcc/arm-none-eabi/14.2.1/../../../../arm-none-eabi/lib/thumb/v7e-m+fp/hard/libm.a
LOAD /Applications/ArmGNUToolchain/14.2.rel1/arm-none-eabi/bin/../lib/gcc/arm-none-eabi/14.2.1/thumb/v7e-m+fp/hard/libgcc.a

.ARM.attributes
                0x00000000       0x30
 .ARM.attributes
                0x00000000       0x22 /Applications/ArmGNUToolchain/14.2.rel1/arm-none-eabi/bin/../lib/gcc/arm-none-eabi/14.2.1/thumb/v7e-m+fp/hard/crti.o
 .ARM.attributes
                0x00000022       0x34 /Applications/ArmGNUToolchain/14.2.rel1/arm-none-eabi/bin/../lib/gcc/arm-none-eabi/14.2.1/thumb/v7e-m+fp/hard/crtbegin.o
 .ARM.attributes
                0x00000056       0x34 /Applications/ArmGNUToolchain/14.2.rel1/arm-none-eabi/bin/../lib/gcc/arm-none-eabi/14.2.1/../../../../arm-none-eabi/lib/thumb/v7e-m+fp/hard/libc_nano.a(libc_a-memset.o)
 .ARM.attributes
                0x0000008a       0x34 /Applications/ArmGNUToolchain/14.2.rel1/arm-none-eabi/bin/../lib/gcc/arm-none-eabi/14.2.1/../../../../arm-none-eabi/lib/thumb/v7e-m+fp/hard/libc_nano.a(libc_a-init.o)
 .ARM.attributes
                0x000000be       0x34 CMakeFiles/cmake_stm32l476.dir/Core/Src/main.c.obj
 .ARM.attributes
                0x000000f2       0x34 CMakeFiles/cmake_stm32l476.dir/Core/Src/gpio.c.obj
 .ARM.attributes
                0x00000126       0x34 CMakeFiles/cmake_stm32l476.dir/Core/Src/spi.c.obj
 .ARM.attributes
                0x0000015a       0x34 CMakeFiles/cmake_stm32l476.dir/Core/Src/usart.c.obj
 .ARM.attributes
                0x0000018e       0x34 CMakeFiles/cmake_stm32l476.dir/Core/Src/stm32l4xx_it.c.obj
 .ARM.attributes
                0x000001c2       0x34 CMakeFiles/cmake_stm32l476.dir/Core/Src/stm32l4xx_hal_msp.c.obj
 .ARM.attributes
                0x000001f6       0x34 CMakeFiles/cmake_stm32l476.dir/Drivers/STM32L4xx_HAL_Driver/Src/stm32l4xx_hal_spi.c.obj
 .ARM.attributes
                0x0000022a       0x34 CMakeFiles/cmake_stm32l476.dir/Drivers/STM32L4xx_HAL_Driver/Src/stm32l4xx_hal.c.obj
 .ARM.attributes
                0x0000025e       0x34 CMakeFiles/cmake_stm32l476.dir/Drivers/STM32L4xx_HAL_Driver/Src/stm32l4xx_hal_rcc.c.obj
 .ARM.attributes
                0x00000292       0x34 CMakeFiles/cmake_stm32l476.dir/Drivers/STM32L4xx_HAL_Driver/Src/stm32l4xx_hal_rcc_ex.c.obj
 .ARM.attributes
                0x000002c6       0x34 CMakeFiles/cmake_stm32l476.dir/Drivers/STM32L4xx_HAL_Driver/Src/stm32l4xx_hal_gpio.c.obj
 .ARM.attributes
                0x000002fa       0x34 CMakeFiles/cmake_stm32l476.dir/Drivers/STM32L4xx_HAL_Driver/Src/stm32l4xx_hal_pwr_ex.c.obj
 .ARM.attributes
                0x0000032e       0x34 CMakeFiles/cmake_stm32l476.dir/Drivers/STM32L4xx_HAL_Driver/Src/stm32l4xx_hal_cortex.c.obj
 .ARM.attributes
                0x00000362       0x34 CMakeFiles/cmake_stm32l476.dir/Drivers/STM32L4xx_HAL_Driver/Src/stm32l4xx_hal_uart.c.obj
 .ARM.attributes
                0x00000396       0x34 CMakeFiles/cmake_stm32l476.dir/Core/Src/system_stm32l4xx.c.obj
 .ARM.attributes
                0x000003ca       0x21 CMakeFiles/cmake_stm32l476.dir/startup_stm32l476xx.s.obj
 .ARM.attributes
                0x000003eb       0x22 /Applications/ArmGNUToolchain/14.2.rel1/arm-none-eabi/bin/../lib/gcc/arm-none-eabi/14.2.1/thumb/v7e-m+fp/hard/libgcc.a(_aeabi_uldivmod.o)
 .ARM.attributes
                0x0000040d       0x34 /Applications/ArmGNUToolchain/14.2.rel1/arm-none-eabi/bin/../lib/gcc/arm-none-eabi/14.2.1/thumb/v7e-m+fp/hard/libgcc.a(_udivmoddi4.o)
 .ARM.attributes
                0x00000441       0x22 /Applications/ArmGNUToolchain/14.2.rel1/arm-none-eabi/bin/../lib/gcc/arm-none-eabi/14.2.1/thumb/v7e-m+fp/hard/libgcc.a(_dvmd_tls.o)
 .ARM.attributes
                0x00000463       0x34 /Applications/ArmGNUToolchain/14.2.rel1/arm-none-eabi/bin/../lib/gcc/arm-none-eabi/14.2.1/thumb/v7e-m+fp/hard/crtend.o
 .ARM.attributes
                0x00000497       0x22 /Applications/ArmGNUToolchain/14.2.rel1/arm-none-eabi/bin/../lib/gcc/arm-none-eabi/14.2.1/thumb/v7e-m+fp/hard/crtn.o

.comment        0x00000000       0x45
 .comment       0x00000000       0x45 CMakeFiles/cmake_stm32l476.dir/Core/Src/main.c.obj
                                 0x46 (size before relaxing)
 .comment       0x00000045       0x46 CMakeFiles/cmake_stm32l476.dir/Core/Src/gpio.c.obj
 .comment       0x00000045       0x46 CMakeFiles/cmake_stm32l476.dir/Core/Src/spi.c.obj
 .comment       0x00000045       0x46 CMakeFiles/cmake_stm32l476.dir/Core/Src/usart.c.obj
 .comment       0x00000045       0x46 CMakeFiles/cmake_stm32l476.dir/Core/Src/stm32l4xx_it.c.obj
 .comment       0x00000045       0x46 CMakeFiles/cmake_stm32l476.dir/Core/Src/stm32l4xx_hal_msp.c.obj
 .comment       0x00000045       0x46 CMakeFiles/cmake_stm32l476.dir/Drivers/STM32L4xx_HAL_Driver/Src/stm32l4xx_hal_spi.c.obj
 .comment       0x00000045       0x46 CMakeFiles/cmake_stm32l476.dir/Drivers/STM32L4xx_HAL_Driver/Src/stm32l4xx_hal.c.obj
 .comment       0x00000045       0x46 CMakeFiles/cmake_stm32l476.dir/Drivers/STM32L4xx_HAL_Driver/Src/stm32l4xx_hal_rcc.c.obj
 .comment       0x00000045       0x46 CMakeFiles/cmake_stm32l476.dir/Drivers/STM32L4xx_HAL_Driver/Src/stm32l4xx_hal_rcc_ex.c.obj
 .comment       0x00000045       0x46 CMakeFiles/cmake_stm32l476.dir/Drivers/STM32L4xx_HAL_Driver/Src/stm32l4xx_hal_gpio.c.obj
 .comment       0x00000045       0x46 CMakeFiles/cmake_stm32l476.dir/Drivers/STM32L4xx_HAL_Driver/Src/stm32l4xx_hal_pwr_ex.c.obj
 .comment       0x00000045       0x46 CMakeFiles/cmake_stm32l476.dir/Drivers/STM32L4xx_HAL_Driver/Src/stm32l4xx_hal_cortex.c.obj
 .comment       0x00000045       0x46 CMakeFiles/cmake_stm32l476.dir/Drivers/STM32L4xx_HAL_Driver/Src/stm32l4xx_hal_uart.c.obj
 .comment       0x00000045       0x46 CMakeFiles/cmake_stm32l476.dir/Core/Src/system_stm32l4xx.c.obj

.debug_frame    0x00000000     0x2b84
 .debug_frame   0x00000000       0x20 /Applications/ArmGNUToolchain/14.2.rel1/arm-none-eabi/bin/../lib/gcc/arm-none-eabi/14.2.1/../../../../arm-none-eabi/lib/thumb/v7e-m+fp/hard/libc_nano.a(libc_a-memset.o)
 .debug_frame   0x00000020       0x2c /Applications/ArmGNUToolchain/14.2.rel1/arm-none-eabi/bin/../lib/gcc/arm-none-eabi/14.2.1/../../../../arm-none-eabi/lib/thumb/v7e-m+fp/hard/libc_nano.a(libc_a-init.o)
 .debug_frame   0x0000004c       0x68 CMakeFiles/cmake_stm32l476.dir/Core/Src/main.c.obj
 .debug_frame   0x000000b4       0x34 CMakeFiles/cmake_stm32l476.dir/Core/Src/gpio.c.obj
 .debug_frame   0x000000e8       0x74 CMakeFiles/cmake_stm32l476.dir/Core/Src/spi.c.obj
 .debug_frame   0x0000015c       0x78 CMakeFiles/cmake_stm32l476.dir/Core/Src/usart.c.obj
 .debug_frame   0x000001d4      0x104 CMakeFiles/cmake_stm32l476.dir/Core/Src/stm32l4xx_it.c.obj
 .debug_frame   0x000002d8       0x38 CMakeFiles/cmake_stm32l476.dir/Core/Src/stm32l4xx_hal_msp.c.obj
 .debug_frame   0x00000310      0x860 CMakeFiles/cmake_stm32l476.dir/Drivers/STM32L4xx_HAL_Driver/Src/stm32l4xx_hal_spi.c.obj
 .debug_frame   0x00000b70      0x498 CMakeFiles/cmake_stm32l476.dir/Drivers/STM32L4xx_HAL_Driver/Src/stm32l4xx_hal.c.obj
 .debug_frame   0x00001008      0x21c CMakeFiles/cmake_stm32l476.dir/Drivers/STM32L4xx_HAL_Driver/Src/stm32l4xx_hal_rcc.c.obj
 .debug_frame   0x00001224      0x2fc CMakeFiles/cmake_stm32l476.dir/Drivers/STM32L4xx_HAL_Driver/Src/stm32l4xx_hal_rcc_ex.c.obj
 .debug_frame   0x00001520      0x14c CMakeFiles/cmake_stm32l476.dir/Drivers/STM32L4xx_HAL_Driver/Src/stm32l4xx_hal_gpio.c.obj
 .debug_frame   0x0000166c      0x584 CMakeFiles/cmake_stm32l476.dir/Drivers/STM32L4xx_HAL_Driver/Src/stm32l4xx_hal_pwr_ex.c.obj
 .debug_frame   0x00001bf0      0x4e8 CMakeFiles/cmake_stm32l476.dir/Drivers/STM32L4xx_HAL_Driver/Src/stm32l4xx_hal_cortex.c.obj
 .debug_frame   0x000020d8      0x9f4 CMakeFiles/cmake_stm32l476.dir/Drivers/STM32L4xx_HAL_Driver/Src/stm32l4xx_hal_uart.c.obj
 .debug_frame   0x00002acc       0x58 CMakeFiles/cmake_stm32l476.dir/Core/Src/system_stm32l4xx.c.obj
 .debug_frame   0x00002b24       0x2c /Applications/ArmGNUToolchain/14.2.rel1/arm-none-eabi/bin/../lib/gcc/arm-none-eabi/14.2.1/thumb/v7e-m+fp/hard/libgcc.a(_aeabi_uldivmod.o)
 .debug_frame   0x00002b50       0x34 /Applications/ArmGNUToolchain/14.2.rel1/arm-none-eabi/bin/../lib/gcc/arm-none-eabi/14.2.1/thumb/v7e-m+fp/hard/libgcc.a(_udivmoddi4.o)

.debug_info     0x00000000     0xc402
 .debug_info    0x00000000      0xa08 CMakeFiles/cmake_stm32l476.dir/Core/Src/main.c.obj
 .debug_info    0x00000a08      0x457 CMakeFiles/cmake_stm32l476.dir/Core/Src/gpio.c.obj
 .debug_info    0x00000e5f      0x985 CMakeFiles/cmake_stm32l476.dir/Core/Src/spi.c.obj
 .debug_info    0x000017e4      0xd1b CMakeFiles/cmake_stm32l476.dir/Core/Src/usart.c.obj
 .debug_info    0x000024ff      0x113 CMakeFiles/cmake_stm32l476.dir/Core/Src/stm32l4xx_it.c.obj
 .debug_info    0x00002612      0x2b9 CMakeFiles/cmake_stm32l476.dir/Core/Src/stm32l4xx_hal_msp.c.obj
 .debug_info    0x000028cb     0x1549 CMakeFiles/cmake_stm32l476.dir/Drivers/STM32L4xx_HAL_Driver/Src/stm32l4xx_hal_spi.c.obj
 .debug_info    0x00003e14      0xc09 CMakeFiles/cmake_stm32l476.dir/Drivers/STM32L4xx_HAL_Driver/Src/stm32l4xx_hal.c.obj
 .debug_info    0x00004a1d      0xc14 CMakeFiles/cmake_stm32l476.dir/Drivers/STM32L4xx_HAL_Driver/Src/stm32l4xx_hal_rcc.c.obj
 .debug_info    0x00005631      0xe11 CMakeFiles/cmake_stm32l476.dir/Drivers/STM32L4xx_HAL_Driver/Src/stm32l4xx_hal_rcc_ex.c.obj
 .debug_info    0x00006442      0x757 CMakeFiles/cmake_stm32l476.dir/Drivers/STM32L4xx_HAL_Driver/Src/stm32l4xx_hal_gpio.c.obj
 .debug_info    0x00006b99      0x99e CMakeFiles/cmake_stm32l476.dir/Drivers/STM32L4xx_HAL_Driver/Src/stm32l4xx_hal_pwr_ex.c.obj
 .debug_info    0x00007537      0xd81 CMakeFiles/cmake_stm32l476.dir/Drivers/STM32L4xx_HAL_Driver/Src/stm32l4xx_hal_cortex.c.obj
 .debug_info    0x000082b8     0x3b69 CMakeFiles/cmake_stm32l476.dir/Drivers/STM32L4xx_HAL_Driver/Src/stm32l4xx_hal_uart.c.obj
 .debug_info    0x0000be21      0x5b1 CMakeFiles/cmake_stm32l476.dir/Core/Src/system_stm32l4xx.c.obj
 .debug_info    0x0000c3d2       0x30 CMakeFiles/cmake_stm32l476.dir/startup_stm32l476xx.s.obj

.debug_abbrev   0x00000000     0x1d8f
 .debug_abbrev  0x00000000      0x213 CMakeFiles/cmake_stm32l476.dir/Core/Src/main.c.obj
 .debug_abbrev  0x00000213      0x152 CMakeFiles/cmake_stm32l476.dir/Core/Src/gpio.c.obj
 .debug_abbrev  0x00000365      0x1fa CMakeFiles/cmake_stm32l476.dir/Core/Src/spi.c.obj
 .debug_abbrev  0x0000055f      0x1f5 CMakeFiles/cmake_stm32l476.dir/Core/Src/usart.c.obj
 .debug_abbrev  0x00000754       0x73 CMakeFiles/cmake_stm32l476.dir/Core/Src/stm32l4xx_it.c.obj
 .debug_abbrev  0x000007c7       0xc6 CMakeFiles/cmake_stm32l476.dir/Core/Src/stm32l4xx_hal_msp.c.obj
 .debug_abbrev  0x0000088d      0x260 CMakeFiles/cmake_stm32l476.dir/Drivers/STM32L4xx_HAL_Driver/Src/stm32l4xx_hal_spi.c.obj
 .debug_abbrev  0x00000aed      0x243 CMakeFiles/cmake_stm32l476.dir/Drivers/STM32L4xx_HAL_Driver/Src/stm32l4xx_hal.c.obj
 .debug_abbrev  0x00000d30      0x2cb CMakeFiles/cmake_stm32l476.dir/Drivers/STM32L4xx_HAL_Driver/Src/stm32l4xx_hal_rcc.c.obj
 .debug_abbrev  0x00000ffb      0x2a6 CMakeFiles/cmake_stm32l476.dir/Drivers/STM32L4xx_HAL_Driver/Src/stm32l4xx_hal_rcc_ex.c.obj
 .debug_abbrev  0x000012a1      0x1cb CMakeFiles/cmake_stm32l476.dir/Drivers/STM32L4xx_HAL_Driver/Src/stm32l4xx_hal_gpio.c.obj
 .debug_abbrev  0x0000146c      0x1f9 CMakeFiles/cmake_stm32l476.dir/Drivers/STM32L4xx_HAL_Driver/Src/stm32l4xx_hal_pwr_ex.c.obj
 .debug_abbrev  0x00001665      0x31c CMakeFiles/cmake_stm32l476.dir/Drivers/STM32L4xx_HAL_Driver/Src/stm32l4xx_hal_cortex.c.obj
 .debug_abbrev  0x00001981      0x2d0 CMakeFiles/cmake_stm32l476.dir/Drivers/STM32L4xx_HAL_Driver/Src/stm32l4xx_hal_uart.c.obj
 .debug_abbrev  0x00001c51      0x11a CMakeFiles/cmake_stm32l476.dir/Core/Src/system_stm32l4xx.c.obj
 .debug_abbrev  0x00001d6b       0x24 CMakeFiles/cmake_stm32l476.dir/startup_stm32l476xx.s.obj

.debug_aranges  0x00000000      0xae0
 .debug_aranges
                0x00000000       0x30 CMakeFiles/cmake_stm32l476.dir/Core/Src/main.c.obj
 .debug_aranges
                0x00000030       0x20 CMakeFiles/cmake_stm32l476.dir/Core/Src/gpio.c.obj
 .debug_aranges
                0x00000050       0x30 CMakeFiles/cmake_stm32l476.dir/Core/Src/spi.c.obj
 .debug_aranges
                0x00000080       0x30 CMakeFiles/cmake_stm32l476.dir/Core/Src/usart.c.obj
 .debug_aranges
                0x000000b0       0x60 CMakeFiles/cmake_stm32l476.dir/Core/Src/stm32l4xx_it.c.obj
 .debug_aranges
                0x00000110       0x20 CMakeFiles/cmake_stm32l476.dir/Core/Src/stm32l4xx_hal_msp.c.obj
 .debug_aranges
                0x00000130      0x1d8 CMakeFiles/cmake_stm32l476.dir/Drivers/STM32L4xx_HAL_Driver/Src/stm32l4xx_hal_spi.c.obj
 .debug_aranges
                0x00000308      0x130 CMakeFiles/cmake_stm32l476.dir/Drivers/STM32L4xx_HAL_Driver/Src/stm32l4xx_hal.c.obj
 .debug_aranges
                0x00000438       0x90 CMakeFiles/cmake_stm32l476.dir/Drivers/STM32L4xx_HAL_Driver/Src/stm32l4xx_hal_rcc.c.obj
 .debug_aranges
                0x000004c8       0xc0 CMakeFiles/cmake_stm32l476.dir/Drivers/STM32L4xx_HAL_Driver/Src/stm32l4xx_hal_rcc_ex.c.obj
 .debug_aranges
                0x00000588       0x58 CMakeFiles/cmake_stm32l476.dir/Drivers/STM32L4xx_HAL_Driver/Src/stm32l4xx_hal_gpio.c.obj
 .debug_aranges
                0x000005e0      0x160 CMakeFiles/cmake_stm32l476.dir/Drivers/STM32L4xx_HAL_Driver/Src/stm32l4xx_hal_pwr_ex.c.obj
 .debug_aranges
                0x00000740      0x128 CMakeFiles/cmake_stm32l476.dir/Drivers/STM32L4xx_HAL_Driver/Src/stm32l4xx_hal_cortex.c.obj
 .debug_aranges
                0x00000868      0x228 CMakeFiles/cmake_stm32l476.dir/Drivers/STM32L4xx_HAL_Driver/Src/stm32l4xx_hal_uart.c.obj
 .debug_aranges
                0x00000a90       0x28 CMakeFiles/cmake_stm32l476.dir/Core/Src/system_stm32l4xx.c.obj
 .debug_aranges
                0x00000ab8       0x28 CMakeFiles/cmake_stm32l476.dir/startup_stm32l476xx.s.obj

.debug_rnglists
                0x00000000      0x853
 .debug_rnglists
                0x00000000       0x20 CMakeFiles/cmake_stm32l476.dir/Core/Src/main.c.obj
 .debug_rnglists
                0x00000020       0x14 CMakeFiles/cmake_stm32l476.dir/Core/Src/gpio.c.obj
 .debug_rnglists
                0x00000034       0x20 CMakeFiles/cmake_stm32l476.dir/Core/Src/spi.c.obj
 .debug_rnglists
                0x00000054       0x20 CMakeFiles/cmake_stm32l476.dir/Core/Src/usart.c.obj
 .debug_rnglists
                0x00000074       0x43 CMakeFiles/cmake_stm32l476.dir/Core/Src/stm32l4xx_it.c.obj
 .debug_rnglists
                0x000000b7       0x13 CMakeFiles/cmake_stm32l476.dir/Core/Src/stm32l4xx_hal_msp.c.obj
 .debug_rnglists
                0x000000ca      0x178 CMakeFiles/cmake_stm32l476.dir/Drivers/STM32L4xx_HAL_Driver/Src/stm32l4xx_hal_spi.c.obj
 .debug_rnglists
                0x00000242       0xdf CMakeFiles/cmake_stm32l476.dir/Drivers/STM32L4xx_HAL_Driver/Src/stm32l4xx_hal.c.obj
 .debug_rnglists
                0x00000321       0x6d CMakeFiles/cmake_stm32l476.dir/Drivers/STM32L4xx_HAL_Driver/Src/stm32l4xx_hal_rcc.c.obj
 .debug_rnglists
                0x0000038e       0x95 CMakeFiles/cmake_stm32l476.dir/Drivers/STM32L4xx_HAL_Driver/Src/stm32l4xx_hal_rcc_ex.c.obj
 .debug_rnglists
                0x00000423       0x3f CMakeFiles/cmake_stm32l476.dir/Drivers/STM32L4xx_HAL_Driver/Src/stm32l4xx_hal_gpio.c.obj
 .debug_rnglists
                0x00000462      0x109 CMakeFiles/cmake_stm32l476.dir/Drivers/STM32L4xx_HAL_Driver/Src/stm32l4xx_hal_pwr_ex.c.obj
 .debug_rnglists
                0x0000056b       0xda CMakeFiles/cmake_stm32l476.dir/Drivers/STM32L4xx_HAL_Driver/Src/stm32l4xx_hal_cortex.c.obj
 .debug_rnglists
                0x00000645      0x1db CMakeFiles/cmake_stm32l476.dir/Drivers/STM32L4xx_HAL_Driver/Src/stm32l4xx_hal_uart.c.obj
 .debug_rnglists
                0x00000820       0x1a CMakeFiles/cmake_stm32l476.dir/Core/Src/system_stm32l4xx.c.obj
 .debug_rnglists
                0x0000083a       0x19 CMakeFiles/cmake_stm32l476.dir/startup_stm32l476xx.s.obj

.debug_macro    0x00000000    0x257b0
 .debug_macro   0x00000000      0x1f6 CMakeFiles/cmake_stm32l476.dir/Core/Src/main.c.obj
 .debug_macro   0x000001f6      0xad8 CMakeFiles/cmake_stm32l476.dir/Core/Src/main.c.obj
 .debug_macro   0x00000cce      0x1a7 CMakeFiles/cmake_stm32l476.dir/Core/Src/main.c.obj
 .debug_macro   0x00000e75       0x2e CMakeFiles/cmake_stm32l476.dir/Core/Src/main.c.obj
 .debug_macro   0x00000ea3       0x28 CMakeFiles/cmake_stm32l476.dir/Core/Src/main.c.obj
 .debug_macro   0x00000ecb       0x22 CMakeFiles/cmake_stm32l476.dir/Core/Src/main.c.obj
 .debug_macro   0x00000eed       0x8e CMakeFiles/cmake_stm32l476.dir/Core/Src/main.c.obj
 .debug_macro   0x00000f7b       0x51 CMakeFiles/cmake_stm32l476.dir/Core/Src/main.c.obj
 .debug_macro   0x00000fcc      0x103 CMakeFiles/cmake_stm32l476.dir/Core/Src/main.c.obj
 .debug_macro   0x000010cf       0x6a CMakeFiles/cmake_stm32l476.dir/Core/Src/main.c.obj
 .debug_macro   0x00001139      0x1df CMakeFiles/cmake_stm32l476.dir/Core/Src/main.c.obj
 .debug_macro   0x00001318       0x1c CMakeFiles/cmake_stm32l476.dir/Core/Src/main.c.obj
 .debug_macro   0x00001334       0x22 CMakeFiles/cmake_stm32l476.dir/Core/Src/main.c.obj
 .debug_macro   0x00001356       0xfb CMakeFiles/cmake_stm32l476.dir/Core/Src/main.c.obj
 .debug_macro   0x00001451     0x1011 CMakeFiles/cmake_stm32l476.dir/Core/Src/main.c.obj
 .debug_macro   0x00002462      0x11f CMakeFiles/cmake_stm32l476.dir/Core/Src/main.c.obj
 .debug_macro   0x00002581    0x1a17a CMakeFiles/cmake_stm32l476.dir/Core/Src/main.c.obj
 .debug_macro   0x0001c6fb       0x6d CMakeFiles/cmake_stm32l476.dir/Core/Src/main.c.obj
 .debug_macro   0x0001c768     0x38fb CMakeFiles/cmake_stm32l476.dir/Core/Src/main.c.obj
 .debug_macro   0x00020063      0x190 CMakeFiles/cmake_stm32l476.dir/Core/Src/main.c.obj
 .debug_macro   0x000201f3       0x5c CMakeFiles/cmake_stm32l476.dir/Core/Src/main.c.obj
 .debug_macro   0x0002024f     0x159e CMakeFiles/cmake_stm32l476.dir/Core/Src/main.c.obj
 .debug_macro   0x000217ed      0x5a5 CMakeFiles/cmake_stm32l476.dir/Core/Src/main.c.obj
 .debug_macro   0x00021d92      0x1b9 CMakeFiles/cmake_stm32l476.dir/Core/Src/main.c.obj
 .debug_macro   0x00021f4b      0x18b CMakeFiles/cmake_stm32l476.dir/Core/Src/main.c.obj
 .debug_macro   0x000220d6      0x26b CMakeFiles/cmake_stm32l476.dir/Core/Src/main.c.obj
 .debug_macro   0x00022341      0x23d CMakeFiles/cmake_stm32l476.dir/Core/Src/main.c.obj
 .debug_macro   0x0002257e      0x241 CMakeFiles/cmake_stm32l476.dir/Core/Src/main.c.obj
 .debug_macro   0x000227bf      0x37c CMakeFiles/cmake_stm32l476.dir/Core/Src/main.c.obj
 .debug_macro   0x00022b3b       0xd6 CMakeFiles/cmake_stm32l476.dir/Core/Src/main.c.obj
 .debug_macro   0x00022c11      0x122 CMakeFiles/cmake_stm32l476.dir/Core/Src/main.c.obj
 .debug_macro   0x00022d33      0x3ef CMakeFiles/cmake_stm32l476.dir/Core/Src/main.c.obj
 .debug_macro   0x00023122      0x2fe CMakeFiles/cmake_stm32l476.dir/Core/Src/main.c.obj
 .debug_macro   0x00023420      0x5cf CMakeFiles/cmake_stm32l476.dir/Core/Src/main.c.obj
 .debug_macro   0x000239ef       0x44 CMakeFiles/cmake_stm32l476.dir/Core/Src/main.c.obj
 .debug_macro   0x00023a33      0x330 CMakeFiles/cmake_stm32l476.dir/Core/Src/main.c.obj
 .debug_macro   0x00023d63       0x28 CMakeFiles/cmake_stm32l476.dir/Core/Src/main.c.obj
 .debug_macro   0x00023d8b      0x1da CMakeFiles/cmake_stm32l476.dir/Core/Src/gpio.c.obj
 .debug_macro   0x00023f65      0x1da CMakeFiles/cmake_stm32l476.dir/Core/Src/spi.c.obj
 .debug_macro   0x0002413f      0x1da CMakeFiles/cmake_stm32l476.dir/Core/Src/usart.c.obj
 .debug_macro   0x00024319      0x1da CMakeFiles/cmake_stm32l476.dir/Core/Src/stm32l4xx_it.c.obj
 .debug_macro   0x000244f3      0x1d0 CMakeFiles/cmake_stm32l476.dir/Core/Src/stm32l4xx_hal_msp.c.obj
 .debug_macro   0x000246c3      0x1c9 CMakeFiles/cmake_stm32l476.dir/Drivers/STM32L4xx_HAL_Driver/Src/stm32l4xx_hal_spi.c.obj
 .debug_macro   0x0002488c      0x20f CMakeFiles/cmake_stm32l476.dir/Drivers/STM32L4xx_HAL_Driver/Src/stm32l4xx_hal.c.obj
 .debug_macro   0x00024a9b      0x203 CMakeFiles/cmake_stm32l476.dir/Drivers/STM32L4xx_HAL_Driver/Src/stm32l4xx_hal_rcc.c.obj
 .debug_macro   0x00024c9e      0x1f7 CMakeFiles/cmake_stm32l476.dir/Drivers/STM32L4xx_HAL_Driver/Src/stm32l4xx_hal_rcc_ex.c.obj
 .debug_macro   0x00024e95      0x1c8 CMakeFiles/cmake_stm32l476.dir/Drivers/STM32L4xx_HAL_Driver/Src/stm32l4xx_hal_gpio.c.obj
 .debug_macro   0x0002505d      0x1e5 CMakeFiles/cmake_stm32l476.dir/Drivers/STM32L4xx_HAL_Driver/Src/stm32l4xx_hal_pwr_ex.c.obj
 .debug_macro   0x00025242      0x1c1 CMakeFiles/cmake_stm32l476.dir/Drivers/STM32L4xx_HAL_Driver/Src/stm32l4xx_hal_cortex.c.obj
 .debug_macro   0x00025403      0x1ec CMakeFiles/cmake_stm32l476.dir/Drivers/STM32L4xx_HAL_Driver/Src/stm32l4xx_hal_uart.c.obj
 .debug_macro   0x000255ef      0x1c1 CMakeFiles/cmake_stm32l476.dir/Core/Src/system_stm32l4xx.c.obj

.debug_line     0x00000000     0xd3d7
 .debug_line    0x00000000      0x772 CMakeFiles/cmake_stm32l476.dir/Core/Src/main.c.obj
 .debug_line    0x00000772      0x6f3 CMakeFiles/cmake_stm32l476.dir/Core/Src/gpio.c.obj
 .debug_line    0x00000e65      0x745 CMakeFiles/cmake_stm32l476.dir/Core/Src/spi.c.obj
 .debug_line    0x000015aa      0x752 CMakeFiles/cmake_stm32l476.dir/Core/Src/usart.c.obj
 .debug_line    0x00001cfc      0x777 CMakeFiles/cmake_stm32l476.dir/Core/Src/stm32l4xx_it.c.obj
 .debug_line    0x00002473      0x6c8 CMakeFiles/cmake_stm32l476.dir/Core/Src/stm32l4xx_hal_msp.c.obj
 .debug_line    0x00002b3b     0x1fae CMakeFiles/cmake_stm32l476.dir/Drivers/STM32L4xx_HAL_Driver/Src/stm32l4xx_hal_spi.c.obj
 .debug_line    0x00004ae9      0xacf CMakeFiles/cmake_stm32l476.dir/Drivers/STM32L4xx_HAL_Driver/Src/stm32l4xx_hal.c.obj
 .debug_line    0x000055b8     0x1023 CMakeFiles/cmake_stm32l476.dir/Drivers/STM32L4xx_HAL_Driver/Src/stm32l4xx_hal_rcc.c.obj
 .debug_line    0x000065db     0x14f0 CMakeFiles/cmake_stm32l476.dir/Drivers/STM32L4xx_HAL_Driver/Src/stm32l4xx_hal_rcc_ex.c.obj
 .debug_line    0x00007acb      0xb22 CMakeFiles/cmake_stm32l476.dir/Drivers/STM32L4xx_HAL_Driver/Src/stm32l4xx_hal_gpio.c.obj
 .debug_line    0x000085ed      0xcb0 CMakeFiles/cmake_stm32l476.dir/Drivers/STM32L4xx_HAL_Driver/Src/stm32l4xx_hal_pwr_ex.c.obj
 .debug_line    0x0000929d      0xc69 CMakeFiles/cmake_stm32l476.dir/Drivers/STM32L4xx_HAL_Driver/Src/stm32l4xx_hal_cortex.c.obj
 .debug_line    0x00009f06     0x2cf1 CMakeFiles/cmake_stm32l476.dir/Drivers/STM32L4xx_HAL_Driver/Src/stm32l4xx_hal_uart.c.obj
 .debug_line    0x0000cbf7      0x766 CMakeFiles/cmake_stm32l476.dir/Core/Src/system_stm32l4xx.c.obj
 .debug_line    0x0000d35d       0x7a CMakeFiles/cmake_stm32l476.dir/startup_stm32l476xx.s.obj

.debug_str      0x00000000    0xe61cd
 .debug_str     0x00000000    0xe61cd CMakeFiles/cmake_stm32l476.dir/Core/Src/main.c.obj
                              0xe2fe1 (size before relaxing)
 .debug_str     0x000e61cd    0xe2b01 CMakeFiles/cmake_stm32l476.dir/Core/Src/gpio.c.obj
 .debug_str     0x000e61cd    0xe2f2d CMakeFiles/cmake_stm32l476.dir/Core/Src/spi.c.obj
 .debug_str     0x000e61cd    0xe322b CMakeFiles/cmake_stm32l476.dir/Core/Src/usart.c.obj
 .debug_str     0x000e61cd    0xe296a CMakeFiles/cmake_stm32l476.dir/Core/Src/stm32l4xx_it.c.obj
 .debug_str     0x000e61cd    0xe2a31 CMakeFiles/cmake_stm32l476.dir/Core/Src/stm32l4xx_hal_msp.c.obj
 .debug_str     0x000e61cd    0xe3296 CMakeFiles/cmake_stm32l476.dir/Drivers/STM32L4xx_HAL_Driver/Src/stm32l4xx_hal_spi.c.obj
 .debug_str     0x000e61cd    0xe367a CMakeFiles/cmake_stm32l476.dir/Drivers/STM32L4xx_HAL_Driver/Src/stm32l4xx_hal.c.obj
 .debug_str     0x000e61cd    0xe30c1 CMakeFiles/cmake_stm32l476.dir/Drivers/STM32L4xx_HAL_Driver/Src/stm32l4xx_hal_rcc.c.obj
 .debug_str     0x000e61cd    0xe323a CMakeFiles/cmake_stm32l476.dir/Drivers/STM32L4xx_HAL_Driver/Src/stm32l4xx_hal_rcc_ex.c.obj
 .debug_str     0x000e61cd    0xe2bf4 CMakeFiles/cmake_stm32l476.dir/Drivers/STM32L4xx_HAL_Driver/Src/stm32l4xx_hal_gpio.c.obj
 .debug_str     0x000e61cd    0xe2fd6 CMakeFiles/cmake_stm32l476.dir/Drivers/STM32L4xx_HAL_Driver/Src/stm32l4xx_hal_pwr_ex.c.obj
 .debug_str     0x000e61cd    0xe32f4 CMakeFiles/cmake_stm32l476.dir/Drivers/STM32L4xx_HAL_Driver/Src/stm32l4xx_hal_cortex.c.obj
 .debug_str     0x000e61cd    0xe37d3 CMakeFiles/cmake_stm32l476.dir/Drivers/STM32L4xx_HAL_Driver/Src/stm32l4xx_hal_uart.c.obj
 .debug_str     0x000e61cd    0xe2a7b CMakeFiles/cmake_stm32l476.dir/Core/Src/system_stm32l4xx.c.obj
 .debug_str     0x000e61cd       0x9a CMakeFiles/cmake_stm32l476.dir/startup_stm32l476xx.s.obj

.debug_line_str
                0x00000000      0x15c
 .debug_line_str
                0x00000000      0x15c CMakeFiles/cmake_stm32l476.dir/startup_stm32l476xx.s.obj
                                 0x7e (size before relaxing)
 .debug_line_str
                0x0000015c       0xd2 /Applications/ArmGNUToolchain/14.2.rel1/arm-none-eabi/bin/../lib/gcc/arm-none-eabi/14.2.1/thumb/v7e-m+fp/hard/libgcc.a(_aeabi_uldivmod.o)
 .debug_line_str
                0x0000015c       0xd6 /Applications/ArmGNUToolchain/14.2.rel1/arm-none-eabi/bin/../lib/gcc/arm-none-eabi/14.2.1/thumb/v7e-m+fp/hard/libgcc.a(_dvmd_tls.o)
